Log file created at: 2020/01/14 20:56:54
Running on machine: DESKTOP-VOJFNUV
Log line format: [IWEF]mmdd hh:mm:ss.uuuuuu threadid file:line] msg
I0114 20:56:54.224858 12100 c_interface.cc:102] Logging enabled to .
I0114 20:56:54.456136 12100 c_interface.cc:246] Creating MasterModel (id=1)...
I0114 20:56:54.611186 12100 collection_parser.cc:534] CollectionParserConfig.num_threads is automatically set to 4
W0114 20:56:54.725770  2312 helpers.cc:211] File already exists: my_collection_batches\aaaaaa.batch
W0114 20:56:54.792783  7728 helpers.cc:211] File already exists: my_collection_batches\aaaaab.batch
W0114 20:56:54.869954  8896 helpers.cc:211] File already exists: my_collection_batches\aaaaac.batch
W0114 20:56:54.885614  7576 helpers.cc:211] File already exists: my_collection_batches\aaaaad.batch
W0114 20:56:54.915364  2312 helpers.cc:211] File already exists: my_collection_batches\aaaaae.batch
W0114 20:56:55.038462  7728 helpers.cc:211] File already exists: my_collection_batches\aaaaaf.batch
W0114 20:56:55.154939  2312 helpers.cc:211] File already exists: my_collection_batches\aaaaai.batch
W0114 20:56:55.170612  8896 helpers.cc:211] File already exists: my_collection_batches\aaaaah.batch
W0114 20:56:55.644083  7576 helpers.cc:211] File already exists: my_collection_batches\aaaaag.batch
W0114 20:56:55.687976  7728 helpers.cc:211] File already exists: my_collection_batches\aaaaaj.batch
W0114 20:56:56.316709  2312 helpers.cc:211] File already exists: my_collection_batches\aaaaak.batch
W0114 20:56:56.344462  8896 helpers.cc:211] File already exists: my_collection_batches\aaaaal.batch
W0114 20:56:56.526633  7728 helpers.cc:211] File already exists: my_collection_batches\aaaaan.batch
W0114 20:56:56.569034  7576 helpers.cc:211] File already exists: my_collection_batches\aaaaam.batch
W0114 20:56:56.639190  7576 helpers.cc:211] File already exists: my_collection_batches\aaaaar.batch
W0114 20:56:56.695696  7728 helpers.cc:211] File already exists: my_collection_batches\aaaaaq.batch
W0114 20:56:56.915341  2312 helpers.cc:211] File already exists: my_collection_batches\aaaaao.batch
W0114 20:56:56.988943  8896 helpers.cc:211] File already exists: my_collection_batches\aaaaap.batch
I0114 20:56:57.043009 12100 c_interface.cc:345] Pass a5df5658-5784-4e16-80a3-9b0dd4cf7583 to void (__cdecl artm::core::MasterComponent::*)(class std::basic_string<char,struct std::char_traits<char>,class std::allocator<char> > const & __ptr64) __ptr64
I0114 20:56:57.117703 12100 c_interface.cc:359] Pass GatherDictionaryArgs: dictionary_target_name=a5df5658-5784-4e16-80a3-9b0dd4cf7583, data_path=my_collection_batches, symmetric_cooc_values=0 to void (__cdecl artm::core::MasterComponent::*)(class artm::GatherDictionaryArgs const & __ptr64) __ptr64
I0114 20:56:57.120232 12100 dictionary_operations.cc:235] Found 18 batches in 'my_collection_batches' folder
I0114 20:56:57.518457 12100 dictionary_operations.cc:292] Find 26866 unique tokens in 1728 items
I0114 20:56:57.682160 12100 instance.cc:380] MasterModelConfig.processors_count is automatically set to 4
I0114 20:56:57.682664 12100 c_interface.cc:246] Creating MasterModel (id=2)...
I0114 20:56:57.683173  7172 processor.cc:643] Processor thread started
I0114 20:56:57.683173  7632 processor.cc:643] Processor thread started
I0114 20:56:57.683677  7432 processor.cc:643] Processor thread started
I0114 20:56:57.683677  4312 processor.cc:643] Processor thread started
I0114 20:56:57.751171  4312 processor.cc:659] No data in processing queue, waiting...
I0114 20:56:57.751171  7632 processor.cc:659] No data in processing queue, waiting...
I0114 20:56:57.751171  7432 processor.cc:659] No data in processing queue, waiting...
I0114 20:56:57.751171  7172 processor.cc:659] No data in processing queue, waiting...
I0114 20:56:57.996081 12100 c_interface.cc:246] Creating MasterModel (id=3)...
I0114 20:56:57.996585 12100 c_interface.cc:345] Pass dictionary to void (__cdecl artm::core::MasterComponent::*)(class std::basic_string<char,struct std::char_traits<char>,class std::allocator<char> > const & __ptr64) __ptr64
I0114 20:56:57.997093 12100 c_interface.cc:359] Pass GatherDictionaryArgs: dictionary_target_name=dictionary, data_path=my_collection_batches, symmetric_cooc_values=0 to void (__cdecl artm::core::MasterComponent::*)(class artm::GatherDictionaryArgs const & __ptr64) __ptr64
I0114 20:56:58.001123 12100 dictionary_operations.cc:235] Found 18 batches in 'my_collection_batches' folder
I0114 20:56:58.353229 12100 dictionary_operations.cc:292] Find 26866 unique tokens in 1728 items
I0114 20:56:58.489722 12100 c_interface.cc:345] Pass pwt to void (__cdecl artm::core::MasterComponent::*)(class std::basic_string<char,struct std::char_traits<char>,class std::allocator<char> > const & __ptr64) __ptr64
I0114 20:56:58.489722 12100 c_interface.cc:345] Pass nwt to void (__cdecl artm::core::MasterComponent::*)(class std::basic_string<char,struct std::char_traits<char>,class std::allocator<char> > const & __ptr64) __ptr64
I0114 20:56:58.491247 12100 c_interface.cc:359] Pass InitializeModelArgs: model_name=pwt, dictionary_name=dictionary, topic_name_size=30 to void (__cdecl artm::core::MasterComponent::*)(class artm::InitializeModelArgs const & __ptr64) __ptr64
I0114 20:56:58.826795 12100 master_component.cc:502] InitializeModel() created matrix pwt with 30 topics and 26866 tokens; 
I0114 20:56:58.827853 12100 c_interface.cc:359] Pass InitializeModelArgs: model_name=nwt, dictionary_name=dictionary, topic_name_size=30 to void (__cdecl artm::core::MasterComponent::*)(class artm::InitializeModelArgs const & __ptr64) __ptr64
I0114 20:56:59.157160 12100 master_component.cc:502] InitializeModel() created matrix nwt with 30 topics and 26866 tokens; 
I0114 20:56:59.157663 12100 phi_matrix_operations.cc:82] RetrieveExternalTopicModel() with 30 topics, 26866 tokens
I0114 20:56:59.233199 12100 c_interface.cc:205] ArtmCopyRequestedMessage is copying 825334 bytes...
I0114 20:57:02.077633 12100 c_interface.cc:359] Pass MasterModelConfig: topic_name_size=30, class=(text:1), class=(author:1), score_config_size=2, num_processors=0, pwt_name=pwt, nwt_name=nwt, num_document_passes=10, reuse_theta=no, cache_theta=yes, opt_for_avx=yes, disk_cache_path to void (__cdecl artm::core::MasterComponent::*)(class artm::MasterModelConfig const & __ptr64) __ptr64
I0114 20:57:02.077633 12100 instance.cc:380] MasterModelConfig.processors_count is automatically set to 4
I0114 20:57:02.079653 12100 c_interface.cc:359] Pass MasterModelConfig: topic_name_size=30, class=(text:1), class=(author:1), score_config_size=3, num_processors=0, pwt_name=pwt, nwt_name=nwt, num_document_passes=10, reuse_theta=no, cache_theta=yes, opt_for_avx=yes, disk_cache_path to void (__cdecl artm::core::MasterComponent::*)(class artm::MasterModelConfig const & __ptr64) __ptr64
I0114 20:57:02.079653 12100 instance.cc:380] MasterModelConfig.processors_count is automatically set to 4
I0114 20:57:02.321338 12100 c_interface.cc:359] Pass MasterModelConfig: topic_name_size=30, class=(text:1), class=(author:1), score_config_size=3, num_processors=0, pwt_name=pwt, nwt_name=nwt, num_document_passes=10, regularizer=(SparsePhi:100000), reuse_theta=no, cache_theta=yes, opt_for_avx=yes, disk_cache_path to void (__cdecl artm::core::MasterComponent::*)(class artm::MasterModelConfig const & __ptr64) __ptr64
I0114 20:57:02.321338 12100 instance.cc:380] MasterModelConfig.processors_count is automatically set to 4
I0114 20:57:02.321844 12100 instance.cc:223] Regularizer 'SparsePhi' was cold-reconfigured
I0114 20:57:02.551822 12100 c_interface.cc:359] Pass MasterModelConfig: topic_name_size=30, class=(text:1), class=(author:1), score_config_size=3, num_processors=0, pwt_name=pwt, nwt_name=nwt, num_document_passes=1, regularizer=(SparsePhi:100000), reuse_theta=no, cache_theta=yes, opt_for_avx=yes, disk_cache_path to void (__cdecl artm::core::MasterComponent::*)(class artm::MasterModelConfig const & __ptr64) __ptr64
I0114 20:57:02.551822 12100 instance.cc:380] MasterModelConfig.processors_count is automatically set to 4
I0114 20:57:02.551822 12100 instance.cc:223] Regularizer 'SparsePhi' was cold-reconfigured
I0114 20:57:03.056902  5684 c_interface.cc:359] Pass FitOfflineMasterModelArgs, batch_filename_size=18, batch_weight_size=18, num_collection_passes=1 to void (__cdecl artm::core::MasterComponent::*)(class artm::FitOfflineMasterModelArgs const & __ptr64) __ptr64
I0114 20:57:03.057406  5684 master_component.cc:1162] ProcessBatchesArgs: nwt_target_name=nwt, batch_filename_size=18, batch_size=0, batch_weight_size=18, pwt_source_name=pwt, num_document_passes=1, regularizer=(name:SparsePhi, tau:100000), class=(text:1), class=(author:1), reuse_theta=no, opt_for_avx=yes, predict_class_id=
I0114 20:57:03.201792  4312 processor.cc:666] Processing queue has data, processing started
I0114 20:57:03.201792  7632 processor.cc:666] Processing queue has data, processing started
I0114 20:57:03.201792  7172 processor.cc:666] Processing queue has data, processing started
I0114 20:57:03.201792  7432 processor.cc:666] Processing queue has data, processing started
I0114 20:57:03.209357  7172 processor.cc:742] Processor: start processing batch 2eed1b87-816c-4d74-a8e6-6a60f5eda3a3 into model nwt
I0114 20:57:03.209357  4312 processor.cc:742] Processor: start processing batch 321624d2-1a16-45bd-93da-2f2b34bf30d8 into model nwt
I0114 20:57:03.209357  7432 processor.cc:742] Processor: start processing batch e9639e9d-f8bc-45e7-9d6f-e03d79918efc into model nwt
I0114 20:57:03.217947  7632 processor.cc:742] Processor: start processing batch 3f0adc45-73a4-4892-ad0a-924ce77565a5 into model nwt
I0114 20:57:03.247269  7632 processor.cc:830] Processor: complete processing batch 3f0adc45-73a4-4892-ad0a-924ce77565a5 into model nwt
I0114 20:57:03.248275  7632 cuckoo_watch.h:44] 46ms in ProcessBatch(my_collection_batches\aaaaaa.batch) [including 7ms in LoadMessage; 1ms in InitializeSparseNdw; 17ms in InferThetaAndUpdateNwtSparse; 9ms in CalculateScore(^^^ItemsProcessedScore^^^); ]
I0114 20:57:03.256366  7632 processor.cc:742] Processor: start processing batch 723a8c1b-c767-4aa5-a5a3-6d7e487072a5 into model nwt
I0114 20:57:03.259397  4312 processor.cc:830] Processor: complete processing batch 321624d2-1a16-45bd-93da-2f2b34bf30d8 into model nwt
I0114 20:57:03.260912  4312 cuckoo_watch.h:44] 59ms in ProcessBatch(my_collection_batches\aaaaab.batch) [including 4ms in LoadMessage; 2ms in InitializeSparseNdw; 23ms in InferThetaAndUpdateNwtSparse; 23ms in CalculateScore(^^^ItemsProcessedScore^^^); ]
I0114 20:57:03.272542  4312 processor.cc:742] Processor: start processing batch cf355908-b9c8-44dc-ae13-7da92e1de92d into model nwt
I0114 20:57:03.280122  7432 processor.cc:830] Processor: complete processing batch e9639e9d-f8bc-45e7-9d6f-e03d79918efc into model nwt
I0114 20:57:03.280628  7172 processor.cc:830] Processor: complete processing batch 2eed1b87-816c-4d74-a8e6-6a60f5eda3a3 into model nwt
I0114 20:57:03.281644  7432 cuckoo_watch.h:44] 79ms in ProcessBatch(my_collection_batches\aaaaad.batch) [including 4ms in LoadMessage; 2ms in InitializeSparseNdw; 28ms in InferThetaAndUpdateNwtSparse; 38ms in CalculateScore(^^^ItemsProcessedScore^^^); ]
I0114 20:57:03.282150  7172 cuckoo_watch.h:44] 80ms in ProcessBatch(my_collection_batches\aaaaac.batch) [including 4ms in LoadMessage; 3ms in InitializeSparseNdw; 38ms in InferThetaAndUpdateNwtSparse; 29ms in CalculateScore(^^^ItemsProcessedScore^^^); ]
I0114 20:57:03.291757  7172 processor.cc:742] Processor: start processing batch 10a7bd17-295f-4623-aa39-2a5eb5d26d8a into model nwt
I0114 20:57:03.291757  7432 processor.cc:742] Processor: start processing batch 24d44c58-2b77-4a88-886c-62371e897d08 into model nwt
I0114 20:57:03.319605  7632 processor.cc:830] Processor: complete processing batch 723a8c1b-c767-4aa5-a5a3-6d7e487072a5 into model nwt
I0114 20:57:03.321122  7632 cuckoo_watch.h:44] 72ms in ProcessBatch(my_collection_batches\aaaaae.batch) [including 4ms in LoadMessage; 2ms in InitializeSparseNdw; 35ms in InferThetaAndUpdateNwtSparse; 24ms in CalculateScore(^^^ItemsProcessedScore^^^); ]
I0114 20:57:03.330224  7632 processor.cc:742] Processor: start processing batch 61fecc89-c9e3-4b6a-8849-b47f48ea3dda into model nwt
I0114 20:57:03.340333  4312 processor.cc:830] Processor: complete processing batch cf355908-b9c8-44dc-ae13-7da92e1de92d into model nwt
I0114 20:57:03.341852  4312 cuckoo_watch.h:44] 80ms in ProcessBatch(my_collection_batches\aaaaaf.batch) [including 7ms in LoadMessage; 3ms in InitializeSparseNdw; 35ms in InferThetaAndUpdateNwtSparse; 28ms in CalculateScore(^^^ItemsProcessedScore^^^); ]
I0114 20:57:03.354506  4312 processor.cc:742] Processor: start processing batch d90bc839-366b-483a-a2d9-00f0379d53c5 into model nwt
I0114 20:57:03.357537  7172 processor.cc:830] Processor: complete processing batch 10a7bd17-295f-4623-aa39-2a5eb5d26d8a into model nwt
I0114 20:57:03.359557  7172 cuckoo_watch.h:44] 76ms in ProcessBatch(my_collection_batches\aaaaah.batch) [including 6ms in LoadMessage; 3ms in InitializeSparseNdw; 34ms in InferThetaAndUpdateNwtSparse; 27ms in CalculateScore(^^^ItemsProcessedScore^^^); ]
I0114 20:57:03.371652  7432 processor.cc:830] Processor: complete processing batch 24d44c58-2b77-4a88-886c-62371e897d08 into model nwt
I0114 20:57:03.374686  7432 cuckoo_watch.h:44] 93ms in ProcessBatch(my_collection_batches\aaaaag.batch) [including 7ms in LoadMessage; 4ms in InitializeSparseNdw; 39ms in InferThetaAndUpdateNwtSparse; 35ms in CalculateScore(^^^ItemsProcessedScore^^^); ]
I0114 20:57:03.377231  7172 processor.cc:742] Processor: start processing batch 2b2a7ef9-4407-4e4f-9370-cb64e729c8c5 into model nwt
I0114 20:57:03.385319  7632 processor.cc:830] Processor: complete processing batch 61fecc89-c9e3-4b6a-8849-b47f48ea3dda into model nwt
I0114 20:57:03.386831  7632 cuckoo_watch.h:44] 65ms in ProcessBatch(my_collection_batches\aaaaai.batch) [including 5ms in LoadMessage; 2ms in InitializeSparseNdw; 27ms in InferThetaAndUpdateNwtSparse; 24ms in CalculateScore(^^^ItemsProcessedScore^^^); ]
I0114 20:57:03.402019  7432 processor.cc:742] Processor: start processing batch dc7a59d1-4db2-418b-a929-4b5251e92258 into model nwt
I0114 20:57:03.407097  7632 processor.cc:742] Processor: start processing batch 3ca93cb1-e345-4aa9-ad67-8d560363449a into model nwt
I0114 20:57:03.488988  4312 processor.cc:830] Processor: complete processing batch d90bc839-366b-483a-a2d9-00f0379d53c5 into model nwt
I0114 20:57:03.491015  4312 cuckoo_watch.h:44] 149ms in ProcessBatch(my_collection_batches\aaaaaj.batch) [including 9ms in LoadMessage; 7ms in InitializeSparseNdw; 68ms in InferThetaAndUpdateNwtSparse; 58ms in CalculateScore(^^^ItemsProcessedScore^^^); ]
I0114 20:57:03.513976  4312 processor.cc:742] Processor: start processing batch 62fa4011-6e18-41b9-a9a1-761b1b63702c into model nwt
I0114 20:57:03.606017  7172 processor.cc:830] Processor: complete processing batch 2b2a7ef9-4407-4e4f-9370-cb64e729c8c5 into model nwt
I0114 20:57:03.610061  7172 cuckoo_watch.h:44] 250ms in ProcessBatch(my_collection_batches\aaaaak.batch) [including 14ms in LoadMessage; 16ms in InitializeSparseNdw; 116ms in InferThetaAndUpdateNwtSparse; 95ms in CalculateScore(^^^ItemsProcessedScore^^^); ]
I0114 20:57:03.629289  7172 processor.cc:742] Processor: start processing batch 007ca9af-ccd4-44e5-bbd1-09f615629518 into model nwt
I0114 20:57:03.636373  7432 processor.cc:830] Processor: complete processing batch dc7a59d1-4db2-418b-a929-4b5251e92258 into model nwt
I0114 20:57:03.640923  7432 cuckoo_watch.h:44] 265ms in ProcessBatch(my_collection_batches\aaaaal.batch) [including 23ms in LoadMessage; 19ms in InitializeSparseNdw; 111ms in InferThetaAndUpdateNwtSparse; 103ms in CalculateScore(^^^ItemsProcessedScore^^^); ]
I0114 20:57:03.651528  7632 processor.cc:830] Processor: complete processing batch 3ca93cb1-e345-4aa9-ad67-8d560363449a into model nwt
I0114 20:57:03.655591  7632 cuckoo_watch.h:44] 268ms in ProcessBatch(my_collection_batches\aaaaam.batch) [including 16ms in LoadMessage; 28ms in InitializeSparseNdw; 112ms in InferThetaAndUpdateNwtSparse; 103ms in CalculateScore(^^^ItemsProcessedScore^^^); ]
I0114 20:57:03.656098  7432 processor.cc:742] Processor: start processing batch 362c4d96-9683-47eb-90f9-80588e66a48a into model nwt
I0114 20:57:03.663200  7632 processor.cc:742] Processor: start processing batch 821e5e0a-23ef-4f10-88d3-4c17d018c748 into model nwt
I0114 20:57:03.697202  7632 processor.cc:830] Processor: complete processing batch 821e5e0a-23ef-4f10-88d3-4c17d018c748 into model nwt
I0114 20:57:03.698720  7632 cuckoo_watch.h:44] 42ms in ProcessBatch(my_collection_batches\aaaaaq.batch) [including 3ms in LoadMessage; 1ms in InitializeSparseNdw; 18ms in InferThetaAndUpdateNwtSparse; 14ms in CalculateScore(^^^ItemsProcessedScore^^^); ]
I0114 20:57:03.703809  7632 processor.cc:742] Processor: start processing batch c3576c1a-44d7-4c5e-92f3-b0455a100686 into model nwt
I0114 20:57:03.706349  4312 processor.cc:830] Processor: complete processing batch 62fa4011-6e18-41b9-a9a1-761b1b63702c into model nwt
I0114 20:57:03.709893  4312 cuckoo_watch.h:44] 218ms in ProcessBatch(my_collection_batches\aaaaan.batch) [including 18ms in LoadMessage; 13ms in InitializeSparseNdw; 90ms in InferThetaAndUpdateNwtSparse; 87ms in CalculateScore(^^^ItemsProcessedScore^^^); ]
I0114 20:57:03.711931  7632 processor.cc:830] Processor: complete processing batch c3576c1a-44d7-4c5e-92f3-b0455a100686 into model nwt
I0114 20:57:03.711931  7632 cuckoo_watch.h:44] 13ms in ProcessBatch(my_collection_batches\aaaaar.batch) [including 1ms in LoadMessage; 0ms in InitializeSparseNdw; 4ms in InferThetaAndUpdateNwtSparse; 3ms in CalculateScore(^^^ItemsProcessedScore^^^); ]
I0114 20:57:03.780598  7172 processor.cc:830] Processor: complete processing batch 007ca9af-ccd4-44e5-bbd1-09f615629518 into model nwt
I0114 20:57:03.784123  7172 cuckoo_watch.h:44] 174ms in ProcessBatch(my_collection_batches\aaaaao.batch) [including 15ms in LoadMessage; 11ms in InitializeSparseNdw; 73ms in InferThetaAndUpdateNwtSparse; 65ms in CalculateScore(^^^ItemsProcessedScore^^^); ]
I0114 20:57:03.792901  7432 processor.cc:830] Processor: complete processing batch 362c4d96-9683-47eb-90f9-80588e66a48a into model nwt
I0114 20:57:03.795950  7432 cuckoo_watch.h:44] 155ms in ProcessBatch(my_collection_batches\aaaaap.batch) [including 10ms in LoadMessage; 9ms in InitializeSparseNdw; 70ms in InferThetaAndUpdateNwtSparse; 56ms in CalculateScore(^^^ItemsProcessedScore^^^); ]
I0114 20:57:03.796466  5684 master_component.cc:1200] RegularizeModelArgs: rwt_target_name=rwt, pwt_source_name=pwt, nwt_source_name=nwt
I0114 20:57:03.796466  5684 master_component.cc:785] MasterComponent: start regularizing model pwt
I0114 20:57:03.896324  4312 processor.cc:659] No data in processing queue, waiting...
I0114 20:57:03.896324  7632 processor.cc:659] No data in processing queue, waiting...
I0114 20:57:03.955981  7172 processor.cc:659] No data in processing queue, waiting...
I0114 20:57:03.970155  7432 processor.cc:659] No data in processing queue, waiting...
I0114 20:57:04.064435 12100 c_interface.cc:523] Pass GetScoreValueArgs, score_name=^^^ItemsProcessedScore^^^ to MasterComponent::Request
I0114 20:57:04.064435 12100 c_interface.cc:205] ArtmCopyRequestedMessage is copying 54 bytes...
I0114 20:57:04.151412  5684 master_component.cc:808] MasterComponent: complete regularizing model pwt
I0114 20:57:04.151412  5684 master_component.cc:1211] NormalizeModelArgs: pwt_target_name=pwt, nwt_source_name=nwt, rwt_source_name=rwt
I0114 20:57:04.151412  5684 master_component.cc:812] MasterComponent: start normalizing model nwt
I0114 20:57:04.351943  5684 master_component.cc:834] MasterComponent: complete normalizing model nwt
I0114 20:57:05.004709  5684 master_component.cc:1235] DisposeModel rwt
I0114 20:57:05.026921  5684 master_component.cc:858] FitOffline: ItemsProcessed, num_items=1728, num_batches=18, token_weight=808522, token_weight_in_effect=808522
I0114 20:57:05.049659 12100 c_interface.cc:523] Pass GetScoreValueArgs, score_name=^^^ItemsProcessedScore^^^ to MasterComponent::Request
I0114 20:57:05.050165 12100 c_interface.cc:205] ArtmCopyRequestedMessage is copying 54 bytes...
I0114 20:57:05.051682  5684 c_interface.cc:359] Pass FitOfflineMasterModelArgs, batch_filename_size=18, batch_weight_size=18, num_collection_passes=1 to void (__cdecl artm::core::MasterComponent::*)(class artm::FitOfflineMasterModelArgs const & __ptr64) __ptr64
I0114 20:57:05.052186  5684 master_component.cc:1162] ProcessBatchesArgs: nwt_target_name=nwt, batch_filename_size=18, batch_size=0, batch_weight_size=18, pwt_source_name=pwt, num_document_passes=1, regularizer=(name:SparsePhi, tau:100000), class=(text:1), class=(author:1), reuse_theta=no, opt_for_avx=yes, predict_class_id=
I0114 20:57:05.176683  7172 processor.cc:666] Processing queue has data, processing started
I0114 20:57:05.176683  4312 processor.cc:666] Processing queue has data, processing started
I0114 20:57:05.180212  7632 processor.cc:666] Processing queue has data, processing started
I0114 20:57:05.183244  7432 processor.cc:666] Processing queue has data, processing started
I0114 20:57:05.185266  4312 processor.cc:742] Processor: start processing batch 321624d2-1a16-45bd-93da-2f2b34bf30d8 into model nwt
I0114 20:57:05.189818  7632 processor.cc:742] Processor: start processing batch 2eed1b87-816c-4d74-a8e6-6a60f5eda3a3 into model nwt
I0114 20:57:05.193361  7432 processor.cc:742] Processor: start processing batch e9639e9d-f8bc-45e7-9d6f-e03d79918efc into model nwt
I0114 20:57:05.197407  7172 processor.cc:742] Processor: start processing batch 3f0adc45-73a4-4892-ad0a-924ce77565a5 into model nwt
I0114 20:57:05.221644  7172 processor.cc:830] Processor: complete processing batch 3f0adc45-73a4-4892-ad0a-924ce77565a5 into model nwt
I0114 20:57:05.222769  7172 cuckoo_watch.h:44] 46ms in ProcessBatch(my_collection_batches\aaaaaa.batch) [including 3ms in LoadMessage; 1ms in InitializeSparseNdw; 12ms in InferThetaAndUpdateNwtSparse; 10ms in CalculateScore(^^^ItemsProcessedScore^^^); ]
I0114 20:57:05.231226  7172 processor.cc:742] Processor: start processing batch 723a8c1b-c767-4aa5-a5a3-6d7e487072a5 into model nwt
I0114 20:57:05.235771  4312 processor.cc:830] Processor: complete processing batch 321624d2-1a16-45bd-93da-2f2b34bf30d8 into model nwt
I0114 20:57:05.237284  4312 cuckoo_watch.h:44] 60ms in ProcessBatch(my_collection_batches\aaaaab.batch) [including 5ms in LoadMessage; 3ms in InitializeSparseNdw; 24ms in InferThetaAndUpdateNwtSparse; 21ms in CalculateScore(^^^ItemsProcessedScore^^^); ]
I0114 20:57:05.244863  7632 processor.cc:830] Processor: complete processing batch 2eed1b87-816c-4d74-a8e6-6a60f5eda3a3 into model nwt
I0114 20:57:05.245878  4312 processor.cc:742] Processor: start processing batch cf355908-b9c8-44dc-ae13-7da92e1de92d into model nwt
I0114 20:57:05.246383  7632 cuckoo_watch.h:44] 66ms in ProcessBatch(my_collection_batches\aaaaac.batch) [including 6ms in LoadMessage; 3ms in InitializeSparseNdw; 27ms in InferThetaAndUpdateNwtSparse; 23ms in CalculateScore(^^^ItemsProcessedScore^^^); ]
I0114 20:57:05.251930  7432 processor.cc:830] Processor: complete processing batch e9639e9d-f8bc-45e7-9d6f-e03d79918efc into model nwt
I0114 20:57:05.253443  7432 cuckoo_watch.h:44] 70ms in ProcessBatch(my_collection_batches\aaaaad.batch) [including 6ms in LoadMessage; 3ms in InitializeSparseNdw; 27ms in InferThetaAndUpdateNwtSparse; 27ms in CalculateScore(^^^ItemsProcessedScore^^^); ]
I0114 20:57:05.256494  7632 processor.cc:742] Processor: start processing batch 24d44c58-2b77-4a88-886c-62371e897d08 into model nwt
I0114 20:57:05.266614  7432 processor.cc:742] Processor: start processing batch 10a7bd17-295f-4623-aa39-2a5eb5d26d8a into model nwt
I0114 20:57:05.284303  7172 processor.cc:830] Processor: complete processing batch 723a8c1b-c767-4aa5-a5a3-6d7e487072a5 into model nwt
I0114 20:57:05.285821  7172 cuckoo_watch.h:44] 62ms in ProcessBatch(my_collection_batches\aaaaae.batch) [including 4ms in LoadMessage; 2ms in InitializeSparseNdw; 23ms in InferThetaAndUpdateNwtSparse; 26ms in CalculateScore(^^^ItemsProcessedScore^^^); ]
I0114 20:57:05.294438  7172 processor.cc:742] Processor: start processing batch 61fecc89-c9e3-4b6a-8849-b47f48ea3dda into model nwt
I0114 20:57:05.334872  4312 processor.cc:830] Processor: complete processing batch cf355908-b9c8-44dc-ae13-7da92e1de92d into model nwt
I0114 20:57:05.336385  4312 cuckoo_watch.h:44] 99ms in ProcessBatch(my_collection_batches\aaaaaf.batch) [including 5ms in LoadMessage; 2ms in InitializeSparseNdw; 39ms in InferThetaAndUpdateNwtSparse; 45ms in CalculateScore(^^^ItemsProcessedScore^^^); ]
I0114 20:57:05.353055  4312 processor.cc:742] Processor: start processing batch d90bc839-366b-483a-a2d9-00f0379d53c5 into model nwt
I0114 20:57:05.353055  7432 processor.cc:830] Processor: complete processing batch 10a7bd17-295f-4623-aa39-2a5eb5d26d8a into model nwt
I0114 20:57:05.355070  7432 cuckoo_watch.h:44] 101ms in ProcessBatch(my_collection_batches\aaaaah.batch) [including 9ms in LoadMessage; 4ms in InitializeSparseNdw; 52ms in InferThetaAndUpdateNwtSparse; 27ms in CalculateScore(^^^ItemsProcessedScore^^^); ]
I0114 20:57:05.360637  7632 processor.cc:830] Processor: complete processing batch 24d44c58-2b77-4a88-886c-62371e897d08 into model nwt
I0114 20:57:05.362658  7632 cuckoo_watch.h:44] 116ms in ProcessBatch(my_collection_batches\aaaaag.batch) [including 6ms in LoadMessage; 5ms in InitializeSparseNdw; 49ms in InferThetaAndUpdateNwtSparse; 48ms in CalculateScore(^^^ItemsProcessedScore^^^); ]
I0114 20:57:05.379330  7432 processor.cc:742] Processor: start processing batch 2b2a7ef9-4407-4e4f-9370-cb64e729c8c5 into model nwt
I0114 20:57:05.384891  7172 processor.cc:830] Processor: complete processing batch 61fecc89-c9e3-4b6a-8849-b47f48ea3dda into model nwt
I0114 20:57:05.386416  7172 cuckoo_watch.h:44] 100ms in ProcessBatch(my_collection_batches\aaaaai.batch) [including 5ms in LoadMessage; 12ms in InitializeSparseNdw; 31ms in InferThetaAndUpdateNwtSparse; 45ms in CalculateScore(^^^ItemsProcessedScore^^^); ]
I0114 20:57:05.390473  7632 processor.cc:742] Processor: start processing batch dc7a59d1-4db2-418b-a929-4b5251e92258 into model nwt
I0114 20:57:05.407160  7172 processor.cc:742] Processor: start processing batch 3ca93cb1-e345-4aa9-ad67-8d560363449a into model nwt
I0114 20:57:05.534027  4312 processor.cc:830] Processor: complete processing batch d90bc839-366b-483a-a2d9-00f0379d53c5 into model nwt
I0114 20:57:05.536550  4312 cuckoo_watch.h:44] 199ms in ProcessBatch(my_collection_batches\aaaaaj.batch) [including 12ms in LoadMessage; 12ms in InitializeSparseNdw; 59ms in InferThetaAndUpdateNwtSparse; 108ms in CalculateScore(^^^ItemsProcessedScore^^^); ]
I0114 20:57:05.571029  4312 processor.cc:742] Processor: start processing batch 62fa4011-6e18-41b9-a9a1-761b1b63702c into model nwt
I0114 20:57:05.664429  7432 processor.cc:830] Processor: complete processing batch 2b2a7ef9-4407-4e4f-9370-cb64e729c8c5 into model nwt
I0114 20:57:05.664932  7632 processor.cc:830] Processor: complete processing batch dc7a59d1-4db2-418b-a929-4b5251e92258 into model nwt
I0114 20:57:05.668463  7432 cuckoo_watch.h:44] 313ms in ProcessBatch(my_collection_batches\aaaaak.batch) [including 20ms in LoadMessage; 18ms in InitializeSparseNdw; 177ms in InferThetaAndUpdateNwtSparse; 89ms in CalculateScore(^^^ItemsProcessedScore^^^); ]
I0114 20:57:05.669977  7632 cuckoo_watch.h:44] 306ms in ProcessBatch(my_collection_batches\aaaaal.batch) [including 21ms in LoadMessage; 18ms in InitializeSparseNdw; 165ms in InferThetaAndUpdateNwtSparse; 89ms in CalculateScore(^^^ItemsProcessedScore^^^); ]
I0114 20:57:05.679543  7172 processor.cc:830] Processor: complete processing batch 3ca93cb1-e345-4aa9-ad67-8d560363449a into model nwt
I0114 20:57:05.683589  7172 cuckoo_watch.h:44] 296ms in ProcessBatch(my_collection_batches\aaaaam.batch) [including 16ms in LoadMessage; 16ms in InitializeSparseNdw; 164ms in InferThetaAndUpdateNwtSparse; 91ms in CalculateScore(^^^ItemsProcessedScore^^^); ]
I0114 20:57:05.683589  7432 processor.cc:742] Processor: start processing batch 007ca9af-ccd4-44e5-bbd1-09f615629518 into model nwt
I0114 20:57:05.683589  7632 processor.cc:742] Processor: start processing batch 362c4d96-9683-47eb-90f9-80588e66a48a into model nwt
I0114 20:57:05.691166  7172 processor.cc:742] Processor: start processing batch 821e5e0a-23ef-4f10-88d3-4c17d018c748 into model nwt
I0114 20:57:05.726083  7172 processor.cc:830] Processor: complete processing batch 821e5e0a-23ef-4f10-88d3-4c17d018c748 into model nwt
I0114 20:57:05.727094  7172 cuckoo_watch.h:44] 43ms in ProcessBatch(my_collection_batches\aaaaaq.batch) [including 4ms in LoadMessage; 2ms in InitializeSparseNdw; 17ms in InferThetaAndUpdateNwtSparse; 14ms in CalculateScore(^^^ItemsProcessedScore^^^); ]
I0114 20:57:05.732677  7172 processor.cc:742] Processor: start processing batch c3576c1a-44d7-4c5e-92f3-b0455a100686 into model nwt
I0114 20:57:05.742345  7172 processor.cc:830] Processor: complete processing batch c3576c1a-44d7-4c5e-92f3-b0455a100686 into model nwt
I0114 20:57:05.742849  7172 cuckoo_watch.h:44] 15ms in ProcessBatch(my_collection_batches\aaaaar.batch) [including 1ms in LoadMessage; 0ms in InitializeSparseNdw; 5ms in InferThetaAndUpdateNwtSparse; 3ms in CalculateScore(^^^ItemsProcessedScore^^^); ]
I0114 20:57:05.764041  4312 processor.cc:830] Processor: complete processing batch 62fa4011-6e18-41b9-a9a1-761b1b63702c into model nwt
I0114 20:57:05.769089  4312 cuckoo_watch.h:44] 232ms in ProcessBatch(my_collection_batches\aaaaan.batch) [including 30ms in LoadMessage; 14ms in InitializeSparseNdw; 84ms in InferThetaAndUpdateNwtSparse; 93ms in CalculateScore(^^^ItemsProcessedScore^^^); ]
I0114 20:57:05.823485  7632 processor.cc:830] Processor: complete processing batch 362c4d96-9683-47eb-90f9-80588e66a48a into model nwt
I0114 20:57:05.825999  7632 cuckoo_watch.h:44] 155ms in ProcessBatch(my_collection_batches\aaaaap.batch) [including 10ms in LoadMessage; 11ms in InitializeSparseNdw; 72ms in InferThetaAndUpdateNwtSparse; 55ms in CalculateScore(^^^ItemsProcessedScore^^^); ]
I0114 20:57:05.835546  7432 processor.cc:830] Processor: complete processing batch 007ca9af-ccd4-44e5-bbd1-09f615629518 into model nwt
I0114 20:57:05.839062  7432 cuckoo_watch.h:44] 170ms in ProcessBatch(my_collection_batches\aaaaao.batch) [including 11ms in LoadMessage; 11ms in InitializeSparseNdw; 83ms in InferThetaAndUpdateNwtSparse; 56ms in CalculateScore(^^^ItemsProcessedScore^^^); ]
I0114 20:57:05.850615  5684 master_component.cc:1200] RegularizeModelArgs: rwt_target_name=rwt, pwt_source_name=pwt, nwt_source_name=nwt
I0114 20:57:05.850615  5684 master_component.cc:785] MasterComponent: start regularizing model pwt
I0114 20:57:05.904366  7172 processor.cc:659] No data in processing queue, waiting...
I0114 20:57:05.980818  4312 processor.cc:659] No data in processing queue, waiting...
I0114 20:57:06.042315  7632 processor.cc:659] No data in processing queue, waiting...
I0114 20:57:06.057926  7432 processor.cc:659] No data in processing queue, waiting...
I0114 20:57:06.057926 12100 c_interface.cc:523] Pass GetScoreValueArgs, score_name=^^^ItemsProcessedScore^^^ to MasterComponent::Request
I0114 20:57:06.057926 12100 c_interface.cc:205] ArtmCopyRequestedMessage is copying 54 bytes...
I0114 20:57:06.188905  5684 master_component.cc:808] MasterComponent: complete regularizing model pwt
I0114 20:57:06.188905  5684 master_component.cc:1211] NormalizeModelArgs: pwt_target_name=pwt, nwt_source_name=nwt, rwt_source_name=rwt
I0114 20:57:06.188905  5684 master_component.cc:812] MasterComponent: start normalizing model nwt
I0114 20:57:06.396044  5684 master_component.cc:834] MasterComponent: complete normalizing model nwt
I0114 20:57:07.061507 12100 c_interface.cc:523] Pass GetScoreValueArgs, score_name=^^^ItemsProcessedScore^^^ to MasterComponent::Request
I0114 20:57:07.061507 12100 c_interface.cc:205] ArtmCopyRequestedMessage is copying 54 bytes...
I0114 20:57:07.076664  5684 master_component.cc:1235] DisposeModel rwt
I0114 20:57:07.098044  5684 master_component.cc:858] FitOffline: ItemsProcessed, num_items=1728, num_batches=18, token_weight=808522, token_weight_in_effect=808522
I0114 20:57:07.107209 12100 c_interface.cc:523] Pass GetScoreValueArgs, score_name=^^^ItemsProcessedScore^^^ to MasterComponent::Request
I0114 20:57:07.107209 12100 c_interface.cc:205] ArtmCopyRequestedMessage is copying 54 bytes...
I0114 20:57:07.109242  5684 c_interface.cc:359] Pass FitOfflineMasterModelArgs, batch_filename_size=18, batch_weight_size=18, num_collection_passes=1 to void (__cdecl artm::core::MasterComponent::*)(class artm::FitOfflineMasterModelArgs const & __ptr64) __ptr64
I0114 20:57:07.109747  5684 master_component.cc:1162] ProcessBatchesArgs: nwt_target_name=nwt, batch_filename_size=18, batch_size=0, batch_weight_size=18, pwt_source_name=pwt, num_document_passes=1, regularizer=(name:SparsePhi, tau:100000), class=(text:1), class=(author:1), reuse_theta=no, opt_for_avx=yes, predict_class_id=
I0114 20:57:07.239455  7432 processor.cc:666] Processing queue has data, processing started
I0114 20:57:07.245004  7632 processor.cc:666] Processing queue has data, processing started
I0114 20:57:07.245512  4312 processor.cc:666] Processing queue has data, processing started
I0114 20:57:07.245512  7432 processor.cc:742] Processor: start processing batch 3f0adc45-73a4-4892-ad0a-924ce77565a5 into model nwt
I0114 20:57:07.248039  7172 processor.cc:666] Processing queue has data, processing started
I0114 20:57:07.254617  4312 processor.cc:742] Processor: start processing batch 2eed1b87-816c-4d74-a8e6-6a60f5eda3a3 into model nwt
I0114 20:57:07.262205  7172 processor.cc:742] Processor: start processing batch e9639e9d-f8bc-45e7-9d6f-e03d79918efc into model nwt
I0114 20:57:07.265770  7632 processor.cc:742] Processor: start processing batch 321624d2-1a16-45bd-93da-2f2b34bf30d8 into model nwt
I0114 20:57:07.273877  7432 processor.cc:830] Processor: complete processing batch 3f0adc45-73a4-4892-ad0a-924ce77565a5 into model nwt
I0114 20:57:07.274890  7432 cuckoo_watch.h:44] 35ms in ProcessBatch(my_collection_batches\aaaaaa.batch) [including 2ms in LoadMessage; 2ms in InitializeSparseNdw; 14ms in InferThetaAndUpdateNwtSparse; 10ms in CalculateScore(^^^ItemsProcessedScore^^^); ]
I0114 20:57:07.284021  7432 processor.cc:742] Processor: start processing batch 723a8c1b-c767-4aa5-a5a3-6d7e487072a5 into model nwt
I0114 20:57:07.312304  4312 processor.cc:830] Processor: complete processing batch 2eed1b87-816c-4d74-a8e6-6a60f5eda3a3 into model nwt
I0114 20:57:07.313820  4312 cuckoo_watch.h:44] 67ms in ProcessBatch(my_collection_batches\aaaaac.batch) [including 5ms in LoadMessage; 3ms in InitializeSparseNdw; 28ms in InferThetaAndUpdateNwtSparse; 24ms in CalculateScore(^^^ItemsProcessedScore^^^); ]
I0114 20:57:07.316853  7632 processor.cc:830] Processor: complete processing batch 321624d2-1a16-45bd-93da-2f2b34bf30d8 into model nwt
I0114 20:57:07.318363  7632 cuckoo_watch.h:44] 73ms in ProcessBatch(my_collection_batches\aaaaab.batch) [including 17ms in LoadMessage; 2ms in InitializeSparseNdw; 28ms in InferThetaAndUpdateNwtSparse; 19ms in CalculateScore(^^^ItemsProcessedScore^^^); ]
I0114 20:57:07.318868  7172 processor.cc:830] Processor: complete processing batch e9639e9d-f8bc-45e7-9d6f-e03d79918efc into model nwt
I0114 20:57:07.322405  7172 cuckoo_watch.h:44] 72ms in ProcessBatch(my_collection_batches\aaaaad.batch) [including 5ms in LoadMessage; 3ms in InitializeSparseNdw; 27ms in InferThetaAndUpdateNwtSparse; 25ms in CalculateScore(^^^ItemsProcessedScore^^^); ]
I0114 20:57:07.323936  4312 processor.cc:742] Processor: start processing batch cf355908-b9c8-44dc-ae13-7da92e1de92d into model nwt
I0114 20:57:07.327996  7632 processor.cc:742] Processor: start processing batch 24d44c58-2b77-4a88-886c-62371e897d08 into model nwt
I0114 20:57:07.332561  7172 processor.cc:742] Processor: start processing batch 10a7bd17-295f-4623-aa39-2a5eb5d26d8a into model nwt
I0114 20:57:07.344712  7432 processor.cc:830] Processor: complete processing batch 723a8c1b-c767-4aa5-a5a3-6d7e487072a5 into model nwt
I0114 20:57:07.346230  7432 cuckoo_watch.h:44] 71ms in ProcessBatch(my_collection_batches\aaaaae.batch) [including 5ms in LoadMessage; 5ms in InitializeSparseNdw; 29ms in InferThetaAndUpdateNwtSparse; 25ms in CalculateScore(^^^ItemsProcessedScore^^^); ]
I0114 20:57:07.355399  7432 processor.cc:742] Processor: start processing batch 61fecc89-c9e3-4b6a-8849-b47f48ea3dda into model nwt
I0114 20:57:07.385756  4312 processor.cc:830] Processor: complete processing batch cf355908-b9c8-44dc-ae13-7da92e1de92d into model nwt
I0114 20:57:07.387269  4312 cuckoo_watch.h:44] 73ms in ProcessBatch(my_collection_batches\aaaaaf.batch) [including 5ms in LoadMessage; 4ms in InitializeSparseNdw; 29ms in InferThetaAndUpdateNwtSparse; 26ms in CalculateScore(^^^ItemsProcessedScore^^^); ]
I0114 20:57:07.399389  4312 processor.cc:742] Processor: start processing batch d90bc839-366b-483a-a2d9-00f0379d53c5 into model nwt
I0114 20:57:07.404157  7172 processor.cc:830] Processor: complete processing batch 10a7bd17-295f-4623-aa39-2a5eb5d26d8a into model nwt
I0114 20:57:07.405953  7172 cuckoo_watch.h:44] 83ms in ProcessBatch(my_collection_batches\aaaaah.batch) [including 6ms in LoadMessage; 3ms in InitializeSparseNdw; 39ms in InferThetaAndUpdateNwtSparse; 27ms in CalculateScore(^^^ItemsProcessedScore^^^); ]
I0114 20:57:07.410493  7632 processor.cc:830] Processor: complete processing batch 24d44c58-2b77-4a88-886c-62371e897d08 into model nwt
I0114 20:57:07.411506  7432 processor.cc:830] Processor: complete processing batch 61fecc89-c9e3-4b6a-8849-b47f48ea3dda into model nwt
I0114 20:57:07.412516  7632 cuckoo_watch.h:44] 94ms in ProcessBatch(my_collection_batches\aaaaag.batch) [including 6ms in LoadMessage; 4ms in InitializeSparseNdw; 43ms in InferThetaAndUpdateNwtSparse; 34ms in CalculateScore(^^^ItemsProcessedScore^^^); ]
I0114 20:57:07.413022  7432 cuckoo_watch.h:44] 66ms in ProcessBatch(my_collection_batches\aaaaai.batch) [including 5ms in LoadMessage; 3ms in InitializeSparseNdw; 29ms in InferThetaAndUpdateNwtSparse; 22ms in CalculateScore(^^^ItemsProcessedScore^^^); ]
I0114 20:57:07.426187  7172 processor.cc:742] Processor: start processing batch 2b2a7ef9-4407-4e4f-9370-cb64e729c8c5 into model nwt
I0114 20:57:07.431275  7632 processor.cc:742] Processor: start processing batch dc7a59d1-4db2-418b-a929-4b5251e92258 into model nwt
I0114 20:57:07.434336  7432 processor.cc:742] Processor: start processing batch 3ca93cb1-e345-4aa9-ad67-8d560363449a into model nwt
I0114 20:57:07.529639  4312 processor.cc:830] Processor: complete processing batch d90bc839-366b-483a-a2d9-00f0379d53c5 into model nwt
I0114 20:57:07.532188  4312 cuckoo_watch.h:44] 144ms in ProcessBatch(my_collection_batches\aaaaaj.batch) [including 8ms in LoadMessage; 7ms in InitializeSparseNdw; 56ms in InferThetaAndUpdateNwtSparse; 65ms in CalculateScore(^^^ItemsProcessedScore^^^); ]
I0114 20:57:07.548882  4312 processor.cc:742] Processor: start processing batch 62fa4011-6e18-41b9-a9a1-761b1b63702c into model nwt
I0114 20:57:07.649010  7632 processor.cc:830] Processor: complete processing batch dc7a59d1-4db2-418b-a929-4b5251e92258 into model nwt
I0114 20:57:07.652040  7632 cuckoo_watch.h:44] 239ms in ProcessBatch(my_collection_batches\aaaaal.batch) [including 14ms in LoadMessage; 15ms in InitializeSparseNdw; 108ms in InferThetaAndUpdateNwtSparse; 93ms in CalculateScore(^^^ItemsProcessedScore^^^); ]
I0114 20:57:07.656590  7172 processor.cc:830] Processor: complete processing batch 2b2a7ef9-4407-4e4f-9370-cb64e729c8c5 into model nwt
I0114 20:57:07.659624  7172 cuckoo_watch.h:44] 253ms in ProcessBatch(my_collection_batches\aaaaak.batch) [including 14ms in LoadMessage; 16ms in InitializeSparseNdw; 114ms in InferThetaAndUpdateNwtSparse; 98ms in CalculateScore(^^^ItemsProcessedScore^^^); ]
I0114 20:57:07.666715  7632 processor.cc:742] Processor: start processing batch 007ca9af-ccd4-44e5-bbd1-09f615629518 into model nwt
I0114 20:57:07.672274  7432 processor.cc:830] Processor: complete processing batch 3ca93cb1-e345-4aa9-ad67-8d560363449a into model nwt
I0114 20:57:07.675822  7172 processor.cc:742] Processor: start processing batch 362c4d96-9683-47eb-90f9-80588e66a48a into model nwt
I0114 20:57:07.676324  7432 cuckoo_watch.h:44] 262ms in ProcessBatch(my_collection_batches\aaaaam.batch) [including 17ms in LoadMessage; 15ms in InitializeSparseNdw; 121ms in InferThetaAndUpdateNwtSparse; 98ms in CalculateScore(^^^ItemsProcessedScore^^^); ]
I0114 20:57:07.684437  7432 processor.cc:742] Processor: start processing batch 821e5e0a-23ef-4f10-88d3-4c17d018c748 into model nwt
I0114 20:57:07.719422  7432 processor.cc:830] Processor: complete processing batch 821e5e0a-23ef-4f10-88d3-4c17d018c748 into model nwt
I0114 20:57:07.720948  7432 cuckoo_watch.h:44] 44ms in ProcessBatch(my_collection_batches\aaaaaq.batch) [including 4ms in LoadMessage; 1ms in InitializeSparseNdw; 17ms in InferThetaAndUpdateNwtSparse; 15ms in CalculateScore(^^^ItemsProcessedScore^^^); ]
I0114 20:57:07.727093  7432 processor.cc:742] Processor: start processing batch c3576c1a-44d7-4c5e-92f3-b0455a100686 into model nwt
I0114 20:57:07.734689  7432 processor.cc:830] Processor: complete processing batch c3576c1a-44d7-4c5e-92f3-b0455a100686 into model nwt
I0114 20:57:07.734689  7432 cuckoo_watch.h:44] 13ms in ProcessBatch(my_collection_batches\aaaaar.batch) [including 1ms in LoadMessage; 0ms in InitializeSparseNdw; 3ms in InferThetaAndUpdateNwtSparse; 2ms in CalculateScore(^^^ItemsProcessedScore^^^); ]
I0114 20:57:07.758468  4312 processor.cc:830] Processor: complete processing batch 62fa4011-6e18-41b9-a9a1-761b1b63702c into model nwt
I0114 20:57:07.762506  4312 cuckoo_watch.h:44] 230ms in ProcessBatch(my_collection_batches\aaaaan.batch) [including 13ms in LoadMessage; 13ms in InitializeSparseNdw; 102ms in InferThetaAndUpdateNwtSparse; 92ms in CalculateScore(^^^ItemsProcessedScore^^^); ]
I0114 20:57:07.814513  7172 processor.cc:830] Processor: complete processing batch 362c4d96-9683-47eb-90f9-80588e66a48a into model nwt
I0114 20:57:07.817029  7632 processor.cc:830] Processor: complete processing batch 007ca9af-ccd4-44e5-bbd1-09f615629518 into model nwt
I0114 20:57:07.817533  7172 cuckoo_watch.h:44] 157ms in ProcessBatch(my_collection_batches\aaaaap.batch) [including 12ms in LoadMessage; 9ms in InitializeSparseNdw; 69ms in InferThetaAndUpdateNwtSparse; 59ms in CalculateScore(^^^ItemsProcessedScore^^^); ]
I0114 20:57:07.820049  7632 cuckoo_watch.h:44] 168ms in ProcessBatch(my_collection_batches\aaaaao.batch) [including 11ms in LoadMessage; 11ms in InitializeSparseNdw; 73ms in InferThetaAndUpdateNwtSparse; 64ms in CalculateScore(^^^ItemsProcessedScore^^^); ]
I0114 20:57:07.820552  5684 master_component.cc:1200] RegularizeModelArgs: rwt_target_name=rwt, pwt_source_name=pwt, nwt_source_name=nwt
I0114 20:57:07.820552  5684 master_component.cc:785] MasterComponent: start regularizing model pwt
I0114 20:57:07.824074  7432 processor.cc:659] No data in processing queue, waiting...
I0114 20:57:07.839422  4312 processor.cc:659] No data in processing queue, waiting...
I0114 20:57:07.912269  7172 processor.cc:659] No data in processing queue, waiting...
I0114 20:57:07.915968  7632 processor.cc:659] No data in processing queue, waiting...
I0114 20:57:08.119503 12100 c_interface.cc:523] Pass GetScoreValueArgs, score_name=^^^ItemsProcessedScore^^^ to MasterComponent::Request
I0114 20:57:08.120005 12100 c_interface.cc:205] ArtmCopyRequestedMessage is copying 54 bytes...
I0114 20:57:08.179889  5684 master_component.cc:808] MasterComponent: complete regularizing model pwt
I0114 20:57:08.179889  5684 master_component.cc:1211] NormalizeModelArgs: pwt_target_name=pwt, nwt_source_name=nwt, rwt_source_name=rwt
I0114 20:57:08.180392  5684 master_component.cc:812] MasterComponent: start normalizing model nwt
I0114 20:57:08.372006  5684 master_component.cc:834] MasterComponent: complete normalizing model nwt
I0114 20:57:09.034476  5684 master_component.cc:1235] DisposeModel rwt
I0114 20:57:09.057580  5684 master_component.cc:858] FitOffline: ItemsProcessed, num_items=1728, num_batches=18, token_weight=808522, token_weight_in_effect=808522
I0114 20:57:09.096179 12100 c_interface.cc:523] Pass GetScoreValueArgs, score_name=^^^ItemsProcessedScore^^^ to MasterComponent::Request
I0114 20:57:09.096179 12100 c_interface.cc:205] ArtmCopyRequestedMessage is copying 54 bytes...
I0114 20:57:09.098217  5684 c_interface.cc:359] Pass FitOfflineMasterModelArgs, batch_filename_size=18, batch_weight_size=18, num_collection_passes=1 to void (__cdecl artm::core::MasterComponent::*)(class artm::FitOfflineMasterModelArgs const & __ptr64) __ptr64
I0114 20:57:09.098217  5684 master_component.cc:1162] ProcessBatchesArgs: nwt_target_name=nwt, batch_filename_size=18, batch_size=0, batch_weight_size=18, pwt_source_name=pwt, num_document_passes=1, regularizer=(name:SparsePhi, tau:100000), class=(text:1), class=(author:1), reuse_theta=no, opt_for_avx=yes, predict_class_id=
I0114 20:57:09.228919  4312 processor.cc:666] Processing queue has data, processing started
I0114 20:57:09.228919  7432 processor.cc:666] Processing queue has data, processing started
I0114 20:57:09.228919  7172 processor.cc:666] Processing queue has data, processing started
I0114 20:57:09.234992  7432 processor.cc:742] Processor: start processing batch 3f0adc45-73a4-4892-ad0a-924ce77565a5 into model nwt
I0114 20:57:09.237035  4312 processor.cc:742] Processor: start processing batch 321624d2-1a16-45bd-93da-2f2b34bf30d8 into model nwt
I0114 20:57:09.237541  7172 processor.cc:742] Processor: start processing batch 2eed1b87-816c-4d74-a8e6-6a60f5eda3a3 into model nwt
I0114 20:57:09.244108  7632 processor.cc:666] Processing queue has data, processing started
I0114 20:57:09.253243  7632 processor.cc:742] Processor: start processing batch e9639e9d-f8bc-45e7-9d6f-e03d79918efc into model nwt
I0114 20:57:09.262837  7432 processor.cc:830] Processor: complete processing batch 3f0adc45-73a4-4892-ad0a-924ce77565a5 into model nwt
I0114 20:57:09.263849  7432 cuckoo_watch.h:44] 35ms in ProcessBatch(my_collection_batches\aaaaaa.batch) [including 2ms in LoadMessage; 1ms in InitializeSparseNdw; 15ms in InferThetaAndUpdateNwtSparse; 10ms in CalculateScore(^^^ItemsProcessedScore^^^); ]
I0114 20:57:09.272980  7432 processor.cc:742] Processor: start processing batch 723a8c1b-c767-4aa5-a5a3-6d7e487072a5 into model nwt
I0114 20:57:09.287137  4312 processor.cc:830] Processor: complete processing batch 321624d2-1a16-45bd-93da-2f2b34bf30d8 into model nwt
I0114 20:57:09.288653  4312 cuckoo_watch.h:44] 59ms in ProcessBatch(my_collection_batches\aaaaab.batch) [including 4ms in LoadMessage; 3ms in InitializeSparseNdw; 23ms in InferThetaAndUpdateNwtSparse; 22ms in CalculateScore(^^^ItemsProcessedScore^^^); ]
I0114 20:57:09.293197  7172 processor.cc:830] Processor: complete processing batch 2eed1b87-816c-4d74-a8e6-6a60f5eda3a3 into model nwt
I0114 20:57:09.294716  7172 cuckoo_watch.h:44] 65ms in ProcessBatch(my_collection_batches\aaaaac.batch) [including 5ms in LoadMessage; 3ms in InitializeSparseNdw; 28ms in InferThetaAndUpdateNwtSparse; 23ms in CalculateScore(^^^ItemsProcessedScore^^^); ]
I0114 20:57:09.297763  4312 processor.cc:742] Processor: start processing batch cf355908-b9c8-44dc-ae13-7da92e1de92d into model nwt
I0114 20:57:09.304847  7172 processor.cc:742] Processor: start processing batch 24d44c58-2b77-4a88-886c-62371e897d08 into model nwt
I0114 20:57:09.305855  7632 processor.cc:830] Processor: complete processing batch e9639e9d-f8bc-45e7-9d6f-e03d79918efc into model nwt
I0114 20:57:09.307370  7632 cuckoo_watch.h:44] 63ms in ProcessBatch(my_collection_batches\aaaaad.batch) [including 5ms in LoadMessage; 2ms in InitializeSparseNdw; 26ms in InferThetaAndUpdateNwtSparse; 22ms in CalculateScore(^^^ItemsProcessedScore^^^); ]
I0114 20:57:09.321553  7432 processor.cc:830] Processor: complete processing batch 723a8c1b-c767-4aa5-a5a3-6d7e487072a5 into model nwt
I0114 20:57:09.323081  7432 cuckoo_watch.h:44] 59ms in ProcessBatch(my_collection_batches\aaaaae.batch) [including 4ms in LoadMessage; 2ms in InitializeSparseNdw; 22ms in InferThetaAndUpdateNwtSparse; 22ms in CalculateScore(^^^ItemsProcessedScore^^^); ]
I0114 20:57:09.324607  7632 processor.cc:742] Processor: start processing batch 10a7bd17-295f-4623-aa39-2a5eb5d26d8a into model nwt
I0114 20:57:09.332721  7432 processor.cc:742] Processor: start processing batch 61fecc89-c9e3-4b6a-8849-b47f48ea3dda into model nwt
I0114 20:57:09.359091  4312 processor.cc:830] Processor: complete processing batch cf355908-b9c8-44dc-ae13-7da92e1de92d into model nwt
I0114 20:57:09.360612  4312 cuckoo_watch.h:44] 72ms in ProcessBatch(my_collection_batches\aaaaaf.batch) [including 5ms in LoadMessage; 3ms in InitializeSparseNdw; 30ms in InferThetaAndUpdateNwtSparse; 27ms in CalculateScore(^^^ItemsProcessedScore^^^); ]
I0114 20:57:09.375286  4312 processor.cc:742] Processor: start processing batch d90bc839-366b-483a-a2d9-00f0379d53c5 into model nwt
I0114 20:57:09.390944  7432 processor.cc:830] Processor: complete processing batch 61fecc89-c9e3-4b6a-8849-b47f48ea3dda into model nwt
I0114 20:57:09.392467  7632 processor.cc:830] Processor: complete processing batch 10a7bd17-295f-4623-aa39-2a5eb5d26d8a into model nwt
I0114 20:57:09.392971  7432 cuckoo_watch.h:44] 69ms in ProcessBatch(my_collection_batches\aaaaai.batch) [including 6ms in LoadMessage; 2ms in InitializeSparseNdw; 32ms in InferThetaAndUpdateNwtSparse; 22ms in CalculateScore(^^^ItemsProcessedScore^^^); ]
