I0114 20:57:34.384153  4312 cuckoo_watch.h:44] 16ms in ProcessBatch(my_collection_batches\aaaaar.batch) [including 1ms in LoadMessage; 0ms in InitializeSparseNdw; 4ms in InferThetaAndUpdateNwtSparse; 2ms in CalculateScore(^^^ItemsProcessedScore^^^); ]
I0114 20:57:34.396283  7432 processor.cc:830] Processor: complete processing batch 62fa4011-6e18-41b9-a9a1-761b1b63702c into model nwt
I0114 20:57:34.399320  7432 cuckoo_watch.h:44] 238ms in ProcessBatch(my_collection_batches\aaaaan.batch) [including 21ms in LoadMessage; 12ms in InitializeSparseNdw; 96ms in InferThetaAndUpdateNwtSparse; 96ms in CalculateScore(^^^ItemsProcessedScore^^^); ]
I0114 20:57:34.450448  4312 processor.cc:659] No data in processing queue, waiting...
I0114 20:57:34.462113  7172 processor.cc:830] Processor: complete processing batch 362c4d96-9683-47eb-90f9-80588e66a48a into model nwt
I0114 20:57:34.464684  7432 processor.cc:659] No data in processing queue, waiting...
I0114 20:57:34.464684  7172 cuckoo_watch.h:44] 169ms in ProcessBatch(my_collection_batches\aaaaap.batch) [including 10ms in LoadMessage; 10ms in InitializeSparseNdw; 80ms in InferThetaAndUpdateNwtSparse; 61ms in CalculateScore(^^^ItemsProcessedScore^^^); ]
I0114 20:57:34.471807  7632 processor.cc:830] Processor: complete processing batch 007ca9af-ccd4-44e5-bbd1-09f615629518 into model nwt
I0114 20:57:34.474894  7632 cuckoo_watch.h:44] 180ms in ProcessBatch(my_collection_batches\aaaaao.batch) [including 15ms in LoadMessage; 10ms in InitializeSparseNdw; 77ms in InferThetaAndUpdateNwtSparse; 67ms in CalculateScore(^^^ItemsProcessedScore^^^); ]
I0114 20:57:34.483613  5684 master_component.cc:1200] RegularizeModelArgs: rwt_target_name=rwt, pwt_source_name=pwt, nwt_source_name=nwt
I0114 20:57:34.483613  5684 master_component.cc:785] MasterComponent: start regularizing model pwt
I0114 20:57:34.643489  7172 processor.cc:659] No data in processing queue, waiting...
I0114 20:57:34.647017  7632 processor.cc:659] No data in processing queue, waiting...
I0114 20:57:34.742219 12100 c_interface.cc:523] Pass GetScoreValueArgs, score_name=^^^ItemsProcessedScore^^^ to MasterComponent::Request
I0114 20:57:34.742725 12100 c_interface.cc:205] ArtmCopyRequestedMessage is copying 54 bytes...
I0114 20:57:34.849472  5684 master_component.cc:808] MasterComponent: complete regularizing model pwt
I0114 20:57:34.849472  5684 master_component.cc:1211] NormalizeModelArgs: pwt_target_name=pwt, nwt_source_name=nwt, rwt_source_name=rwt
I0114 20:57:34.849472  5684 master_component.cc:812] MasterComponent: start normalizing model nwt
I0114 20:57:35.051152  5684 master_component.cc:834] MasterComponent: complete normalizing model nwt
I0114 20:57:35.747779 12100 c_interface.cc:523] Pass GetScoreValueArgs, score_name=^^^ItemsProcessedScore^^^ to MasterComponent::Request
I0114 20:57:35.748289 12100 c_interface.cc:205] ArtmCopyRequestedMessage is copying 54 bytes...
I0114 20:57:35.779939  5684 master_component.cc:1235] DisposeModel rwt
I0114 20:57:35.802178  5684 master_component.cc:858] FitOffline: ItemsProcessed, num_items=1728, num_batches=18, token_weight=808522, token_weight_in_effect=808522
I0114 20:57:35.803694 12100 c_interface.cc:523] Pass GetScoreValueArgs, score_name=^^^ItemsProcessedScore^^^ to MasterComponent::Request
I0114 20:57:35.803694 12100 c_interface.cc:205] ArtmCopyRequestedMessage is copying 54 bytes...
I0114 20:57:35.805718  5684 c_interface.cc:359] Pass FitOfflineMasterModelArgs, batch_filename_size=18, batch_weight_size=18, num_collection_passes=1 to void (__cdecl artm::core::MasterComponent::*)(class artm::FitOfflineMasterModelArgs const & __ptr64) __ptr64
I0114 20:57:35.805718  5684 master_component.cc:1162] ProcessBatchesArgs: nwt_target_name=nwt, batch_filename_size=18, batch_size=0, batch_weight_size=18, pwt_source_name=pwt, num_document_passes=1, regularizer=(name:SparsePhi, tau:100000), class=(text:1), class=(author:1), reuse_theta=no, opt_for_avx=yes, predict_class_id=
I0114 20:57:35.954679  4312 processor.cc:666] Processing queue has data, processing started
I0114 20:57:35.954679  7432 processor.cc:666] Processing queue has data, processing started
I0114 20:57:35.954679  7172 processor.cc:666] Processing queue has data, processing started
I0114 20:57:35.954679  7632 processor.cc:666] Processing queue has data, processing started
I0114 20:57:35.962278  7432 processor.cc:742] Processor: start processing batch 3f0adc45-73a4-4892-ad0a-924ce77565a5 into model nwt
I0114 20:57:35.963798  7172 processor.cc:742] Processor: start processing batch 2eed1b87-816c-4d74-a8e6-6a60f5eda3a3 into model nwt
I0114 20:57:35.963798  7632 processor.cc:742] Processor: start processing batch e9639e9d-f8bc-45e7-9d6f-e03d79918efc into model nwt
I0114 20:57:35.995671  4312 processor.cc:742] Processor: start processing batch 321624d2-1a16-45bd-93da-2f2b34bf30d8 into model nwt
I0114 20:57:35.996680  7432 processor.cc:830] Processor: complete processing batch 3f0adc45-73a4-4892-ad0a-924ce77565a5 into model nwt
I0114 20:57:35.998194  7432 cuckoo_watch.h:44] 43ms in ProcessBatch(my_collection_batches\aaaaaa.batch) [including 3ms in LoadMessage; 1ms in InitializeSparseNdw; 13ms in InferThetaAndUpdateNwtSparse; 19ms in CalculateScore(^^^ItemsProcessedScore^^^); ]
I0114 20:57:36.007323  7432 processor.cc:742] Processor: start processing batch 723a8c1b-c767-4aa5-a5a3-6d7e487072a5 into model nwt
I0114 20:57:36.029058  7172 processor.cc:830] Processor: complete processing batch 2eed1b87-816c-4d74-a8e6-6a60f5eda3a3 into model nwt
I0114 20:57:36.030572  7172 cuckoo_watch.h:44] 75ms in ProcessBatch(my_collection_batches\aaaaac.batch) [including 6ms in LoadMessage; 3ms in InitializeSparseNdw; 35ms in InferThetaAndUpdateNwtSparse; 25ms in CalculateScore(^^^ItemsProcessedScore^^^); ]
I0114 20:57:36.040176  7172 processor.cc:742] Processor: start processing batch cf355908-b9c8-44dc-ae13-7da92e1de92d into model nwt
I0114 20:57:36.052294  7632 processor.cc:830] Processor: complete processing batch e9639e9d-f8bc-45e7-9d6f-e03d79918efc into model nwt
I0114 20:57:36.068444  7632 cuckoo_watch.h:44] 113ms in ProcessBatch(my_collection_batches\aaaaad.batch) [including 5ms in LoadMessage; 3ms in InitializeSparseNdw; 58ms in InferThetaAndUpdateNwtSparse; 26ms in CalculateScore(^^^ItemsProcessedScore^^^); ]
I0114 20:57:36.075006  4312 processor.cc:830] Processor: complete processing batch 321624d2-1a16-45bd-93da-2f2b34bf30d8 into model nwt
I0114 20:57:36.075006  7432 processor.cc:830] Processor: complete processing batch 723a8c1b-c767-4aa5-a5a3-6d7e487072a5 into model nwt
I0114 20:57:36.077029  4312 cuckoo_watch.h:44] 121ms in ProcessBatch(my_collection_batches\aaaaab.batch) [including 37ms in LoadMessage; 3ms in InitializeSparseNdw; 24ms in InferThetaAndUpdateNwtSparse; 51ms in CalculateScore(^^^ItemsProcessedScore^^^); ]
I0114 20:57:36.077029  7432 cuckoo_watch.h:44] 78ms in ProcessBatch(my_collection_batches\aaaaae.batch) [including 5ms in LoadMessage; 2ms in InitializeSparseNdw; 30ms in InferThetaAndUpdateNwtSparse; 34ms in CalculateScore(^^^ItemsProcessedScore^^^); ]
I0114 20:57:36.079049  7632 processor.cc:742] Processor: start processing batch 24d44c58-2b77-4a88-886c-62371e897d08 into model nwt
I0114 20:57:36.088656  7432 processor.cc:742] Processor: start processing batch 61fecc89-c9e3-4b6a-8849-b47f48ea3dda into model nwt
I0114 20:57:36.089161  4312 processor.cc:742] Processor: start processing batch 10a7bd17-295f-4623-aa39-2a5eb5d26d8a into model nwt
I0114 20:57:36.103314  7172 processor.cc:830] Processor: complete processing batch cf355908-b9c8-44dc-ae13-7da92e1de92d into model nwt
I0114 20:57:36.105351  7172 cuckoo_watch.h:44] 74ms in ProcessBatch(my_collection_batches\aaaaaf.batch) [including 5ms in LoadMessage; 3ms in InitializeSparseNdw; 31ms in InferThetaAndUpdateNwtSparse; 27ms in CalculateScore(^^^ItemsProcessedScore^^^); ]
I0114 20:57:36.119534  7172 processor.cc:742] Processor: start processing batch d90bc839-366b-483a-a2d9-00f0379d53c5 into model nwt
I0114 20:57:36.159489  7432 processor.cc:830] Processor: complete processing batch 61fecc89-c9e3-4b6a-8849-b47f48ea3dda into model nwt
I0114 20:57:36.161514  7432 cuckoo_watch.h:44] 84ms in ProcessBatch(my_collection_batches\aaaaai.batch) [including 7ms in LoadMessage; 5ms in InitializeSparseNdw; 37ms in InferThetaAndUpdateNwtSparse; 27ms in CalculateScore(^^^ItemsProcessedScore^^^); ]
I0114 20:57:36.179210  7432 processor.cc:742] Processor: start processing batch 2b2a7ef9-4407-4e4f-9370-cb64e729c8c5 into model nwt
I0114 20:57:36.185779  7632 processor.cc:830] Processor: complete processing batch 24d44c58-2b77-4a88-886c-62371e897d08 into model nwt
I0114 20:57:36.187806  4312 processor.cc:830] Processor: complete processing batch 10a7bd17-295f-4623-aa39-2a5eb5d26d8a into model nwt
I0114 20:57:36.187806  7632 cuckoo_watch.h:44] 119ms in ProcessBatch(my_collection_batches\aaaaag.batch) [including 6ms in LoadMessage; 5ms in InitializeSparseNdw; 40ms in InferThetaAndUpdateNwtSparse; 60ms in CalculateScore(^^^ItemsProcessedScore^^^); ]
I0114 20:57:36.189826  4312 cuckoo_watch.h:44] 112ms in ProcessBatch(my_collection_batches\aaaaah.batch) [including 6ms in LoadMessage; 4ms in InitializeSparseNdw; 48ms in InferThetaAndUpdateNwtSparse; 44ms in CalculateScore(^^^ItemsProcessedScore^^^); ]
I0114 20:57:36.208050  4312 processor.cc:742] Processor: start processing batch 3ca93cb1-e345-4aa9-ad67-8d560363449a into model nwt
I0114 20:57:36.208561  7632 processor.cc:742] Processor: start processing batch dc7a59d1-4db2-418b-a929-4b5251e92258 into model nwt
I0114 20:57:36.273638  7172 processor.cc:830] Processor: complete processing batch d90bc839-366b-483a-a2d9-00f0379d53c5 into model nwt
I0114 20:57:36.276722  7172 cuckoo_watch.h:44] 171ms in ProcessBatch(my_collection_batches\aaaaaj.batch) [including 9ms in LoadMessage; 9ms in InitializeSparseNdw; 57ms in InferThetaAndUpdateNwtSparse; 85ms in CalculateScore(^^^ItemsProcessedScore^^^); ]
I0114 20:57:36.296075  7172 processor.cc:742] Processor: start processing batch 62fa4011-6e18-41b9-a9a1-761b1b63702c into model nwt
I0114 20:57:36.407557  7432 processor.cc:830] Processor: complete processing batch 2b2a7ef9-4407-4e4f-9370-cb64e729c8c5 into model nwt
I0114 20:57:36.411095  7432 cuckoo_watch.h:44] 249ms in ProcessBatch(my_collection_batches\aaaaak.batch) [including 14ms in LoadMessage; 22ms in InitializeSparseNdw; 111ms in InferThetaAndUpdateNwtSparse; 94ms in CalculateScore(^^^ItemsProcessedScore^^^); ]
I0114 20:57:36.420675  7632 processor.cc:830] Processor: complete processing batch dc7a59d1-4db2-418b-a929-4b5251e92258 into model nwt
I0114 20:57:36.424211  7632 cuckoo_watch.h:44] 236ms in ProcessBatch(my_collection_batches\aaaaal.batch) [including 17ms in LoadMessage; 17ms in InitializeSparseNdw; 106ms in InferThetaAndUpdateNwtSparse; 87ms in CalculateScore(^^^ItemsProcessedScore^^^); ]
I0114 20:57:36.425227  7432 processor.cc:742] Processor: start processing batch 007ca9af-ccd4-44e5-bbd1-09f615629518 into model nwt
I0114 20:57:36.438359  7632 processor.cc:742] Processor: start processing batch 362c4d96-9683-47eb-90f9-80588e66a48a into model nwt
I0114 20:57:36.439368  4312 processor.cc:830] Processor: complete processing batch 3ca93cb1-e345-4aa9-ad67-8d560363449a into model nwt
I0114 20:57:36.442903  4312 cuckoo_watch.h:44] 253ms in ProcessBatch(my_collection_batches\aaaaam.batch) [including 14ms in LoadMessage; 20ms in InitializeSparseNdw; 118ms in InferThetaAndUpdateNwtSparse; 92ms in CalculateScore(^^^ItemsProcessedScore^^^); ]
I0114 20:57:36.450011  4312 processor.cc:742] Processor: start processing batch 821e5e0a-23ef-4f10-88d3-4c17d018c748 into model nwt
I0114 20:57:36.484544  4312 processor.cc:830] Processor: complete processing batch 821e5e0a-23ef-4f10-88d3-4c17d018c748 into model nwt
I0114 20:57:36.486060  4312 cuckoo_watch.h:44] 43ms in ProcessBatch(my_collection_batches\aaaaaq.batch) [including 3ms in LoadMessage; 1ms in InitializeSparseNdw; 17ms in InferThetaAndUpdateNwtSparse; 15ms in CalculateScore(^^^ItemsProcessedScore^^^); ]
I0114 20:57:36.487076  7172 processor.cc:830] Processor: complete processing batch 62fa4011-6e18-41b9-a9a1-761b1b63702c into model nwt
I0114 20:57:36.490636  7172 cuckoo_watch.h:44] 213ms in ProcessBatch(my_collection_batches\aaaaan.batch) [including 14ms in LoadMessage; 15ms in InitializeSparseNdw; 87ms in InferThetaAndUpdateNwtSparse; 87ms in CalculateScore(^^^ItemsProcessedScore^^^); ]
I0114 20:57:36.491147  4312 processor.cc:742] Processor: start processing batch c3576c1a-44d7-4c5e-92f3-b0455a100686 into model nwt
I0114 20:57:36.498221  4312 processor.cc:830] Processor: complete processing batch c3576c1a-44d7-4c5e-92f3-b0455a100686 into model nwt
I0114 20:57:36.498726  4312 cuckoo_watch.h:44] 12ms in ProcessBatch(my_collection_batches\aaaaar.batch) [including 1ms in LoadMessage; 0ms in InitializeSparseNdw; 3ms in InferThetaAndUpdateNwtSparse; 2ms in CalculateScore(^^^ItemsProcessedScore^^^); ]
I0114 20:57:36.577064  7432 processor.cc:830] Processor: complete processing batch 007ca9af-ccd4-44e5-bbd1-09f615629518 into model nwt
I0114 20:57:36.580093  7432 cuckoo_watch.h:44] 169ms in ProcessBatch(my_collection_batches\aaaaao.batch) [including 10ms in LoadMessage; 9ms in InitializeSparseNdw; 73ms in InferThetaAndUpdateNwtSparse; 68ms in CalculateScore(^^^ItemsProcessedScore^^^); ]
I0114 20:57:36.581614  7632 processor.cc:830] Processor: complete processing batch 362c4d96-9683-47eb-90f9-80588e66a48a into model nwt
I0114 20:57:36.584648  7632 cuckoo_watch.h:44] 160ms in ProcessBatch(my_collection_batches\aaaaap.batch) [including 10ms in LoadMessage; 9ms in InitializeSparseNdw; 68ms in InferThetaAndUpdateNwtSparse; 64ms in CalculateScore(^^^ItemsProcessedScore^^^); ]
I0114 20:57:36.586673  5684 master_component.cc:1200] RegularizeModelArgs: rwt_target_name=rwt, pwt_source_name=pwt, nwt_source_name=nwt
I0114 20:57:36.586673  5684 master_component.cc:785] MasterComponent: start regularizing model pwt
I0114 20:57:36.590209  7172 processor.cc:659] No data in processing queue, waiting...
I0114 20:57:36.593744  4312 processor.cc:659] No data in processing queue, waiting...
I0114 20:57:36.740286  7432 processor.cc:659] No data in processing queue, waiting...
I0114 20:57:36.743322  7632 processor.cc:659] No data in processing queue, waiting...
I0114 20:57:36.804100 12100 c_interface.cc:523] Pass GetScoreValueArgs, score_name=^^^ItemsProcessedScore^^^ to MasterComponent::Request
I0114 20:57:36.804100 12100 c_interface.cc:205] ArtmCopyRequestedMessage is copying 54 bytes...
I0114 20:57:36.974215  5684 master_component.cc:808] MasterComponent: complete regularizing model pwt
I0114 20:57:36.974215  5684 master_component.cc:1211] NormalizeModelArgs: pwt_target_name=pwt, nwt_source_name=nwt, rwt_source_name=rwt
I0114 20:57:36.974215  5684 master_component.cc:812] MasterComponent: start normalizing model nwt
I0114 20:57:37.191337  5684 master_component.cc:834] MasterComponent: complete normalizing model nwt
I0114 20:57:37.805750 12100 c_interface.cc:523] Pass GetScoreValueArgs, score_name=^^^ItemsProcessedScore^^^ to MasterComponent::Request
I0114 20:57:37.806257 12100 c_interface.cc:205] ArtmCopyRequestedMessage is copying 54 bytes...
I0114 20:57:37.934584  5684 master_component.cc:1235] DisposeModel rwt
I0114 20:57:37.954279  5684 master_component.cc:858] FitOffline: ItemsProcessed, num_items=1728, num_batches=18, token_weight=808522, token_weight_in_effect=808522
I0114 20:57:37.960484 12100 c_interface.cc:523] Pass GetScoreValueArgs, score_name=^^^ItemsProcessedScore^^^ to MasterComponent::Request
I0114 20:57:37.960484 12100 c_interface.cc:205] ArtmCopyRequestedMessage is copying 54 bytes...
I0114 20:57:37.962520  5684 c_interface.cc:359] Pass FitOfflineMasterModelArgs, batch_filename_size=18, batch_weight_size=18, num_collection_passes=1 to void (__cdecl artm::core::MasterComponent::*)(class artm::FitOfflineMasterModelArgs const & __ptr64) __ptr64
I0114 20:57:37.962520  5684 master_component.cc:1162] ProcessBatchesArgs: nwt_target_name=nwt, batch_filename_size=18, batch_size=0, batch_weight_size=18, pwt_source_name=pwt, num_document_passes=1, regularizer=(name:SparsePhi, tau:100000), class=(text:1), class=(author:1), reuse_theta=no, opt_for_avx=yes, predict_class_id=
I0114 20:57:38.097481  7432 processor.cc:666] Processing queue has data, processing started
I0114 20:57:38.097481  7172 processor.cc:666] Processing queue has data, processing started
I0114 20:57:38.097481  4312 processor.cc:666] Processing queue has data, processing started
I0114 20:57:38.105049  7432 processor.cc:742] Processor: start processing batch 321624d2-1a16-45bd-93da-2f2b34bf30d8 into model nwt
I0114 20:57:38.105049  7172 processor.cc:742] Processor: start processing batch 2eed1b87-816c-4d74-a8e6-6a60f5eda3a3 into model nwt
I0114 20:57:38.115181  4312 processor.cc:742] Processor: start processing batch 3f0adc45-73a4-4892-ad0a-924ce77565a5 into model nwt
I0114 20:57:38.115691  7632 processor.cc:666] Processing queue has data, processing started
I0114 20:57:38.124307  7632 processor.cc:742] Processor: start processing batch e9639e9d-f8bc-45e7-9d6f-e03d79918efc into model nwt
I0114 20:57:38.142007  4312 processor.cc:830] Processor: complete processing batch 3f0adc45-73a4-4892-ad0a-924ce77565a5 into model nwt
I0114 20:57:38.143013  4312 cuckoo_watch.h:44] 45ms in ProcessBatch(my_collection_batches\aaaaaa.batch) [including 14ms in LoadMessage; 1ms in InitializeSparseNdw; 13ms in InferThetaAndUpdateNwtSparse; 11ms in CalculateScore(^^^ItemsProcessedScore^^^); ]
I0114 20:57:38.151614  4312 processor.cc:742] Processor: start processing batch 723a8c1b-c767-4aa5-a5a3-6d7e487072a5 into model nwt
I0114 20:57:38.167771  7172 processor.cc:830] Processor: complete processing batch 2eed1b87-816c-4d74-a8e6-6a60f5eda3a3 into model nwt
I0114 20:57:38.169793  7172 cuckoo_watch.h:44] 72ms in ProcessBatch(my_collection_batches\aaaaac.batch) [including 4ms in LoadMessage; 3ms in InitializeSparseNdw; 33ms in InferThetaAndUpdateNwtSparse; 24ms in CalculateScore(^^^ItemsProcessedScore^^^); ]
I0114 20:57:38.175345  7432 processor.cc:830] Processor: complete processing batch 321624d2-1a16-45bd-93da-2f2b34bf30d8 into model nwt
I0114 20:57:38.176875  7432 cuckoo_watch.h:44] 79ms in ProcessBatch(my_collection_batches\aaaaab.batch) [including 4ms in LoadMessage; 2ms in InitializeSparseNdw; 44ms in InferThetaAndUpdateNwtSparse; 22ms in CalculateScore(^^^ItemsProcessedScore^^^); ]
I0114 20:57:38.178402  7172 processor.cc:742] Processor: start processing batch cf355908-b9c8-44dc-ae13-7da92e1de92d into model nwt
I0114 20:57:38.189538  7632 processor.cc:830] Processor: complete processing batch e9639e9d-f8bc-45e7-9d6f-e03d79918efc into model nwt
I0114 20:57:38.189538  7432 processor.cc:742] Processor: start processing batch 24d44c58-2b77-4a88-886c-62371e897d08 into model nwt
I0114 20:57:38.191059  7632 cuckoo_watch.h:44] 75ms in ProcessBatch(my_collection_batches\aaaaad.batch) [including 5ms in LoadMessage; 2ms in InitializeSparseNdw; 37ms in InferThetaAndUpdateNwtSparse; 24ms in CalculateScore(^^^ItemsProcessedScore^^^); ]
I0114 20:57:38.200688  7632 processor.cc:742] Processor: start processing batch 10a7bd17-295f-4623-aa39-2a5eb5d26d8a into model nwt
I0114 20:57:38.214372  4312 processor.cc:830] Processor: complete processing batch 723a8c1b-c767-4aa5-a5a3-6d7e487072a5 into model nwt
I0114 20:57:38.215895  4312 cuckoo_watch.h:44] 73ms in ProcessBatch(my_collection_batches\aaaaae.batch) [including 4ms in LoadMessage; 2ms in InitializeSparseNdw; 36ms in InferThetaAndUpdateNwtSparse; 22ms in CalculateScore(^^^ItemsProcessedScore^^^); ]
I0114 20:57:38.225016  4312 processor.cc:742] Processor: start processing batch 61fecc89-c9e3-4b6a-8849-b47f48ea3dda into model nwt
I0114 20:57:38.235136  7172 processor.cc:830] Processor: complete processing batch cf355908-b9c8-44dc-ae13-7da92e1de92d into model nwt
I0114 20:57:38.236650  7172 cuckoo_watch.h:44] 67ms in ProcessBatch(my_collection_batches\aaaaaf.batch) [including 5ms in LoadMessage; 3ms in InitializeSparseNdw; 27ms in InferThetaAndUpdateNwtSparse; 25ms in CalculateScore(^^^ItemsProcessedScore^^^); ]
I0114 20:57:38.248787  7172 processor.cc:742] Processor: start processing batch d90bc839-366b-483a-a2d9-00f0379d53c5 into model nwt
I0114 20:57:38.263945  7632 processor.cc:830] Processor: complete processing batch 10a7bd17-295f-4623-aa39-2a5eb5d26d8a into model nwt
I0114 20:57:38.265465  7632 cuckoo_watch.h:44] 74ms in ProcessBatch(my_collection_batches\aaaaah.batch) [including 5ms in LoadMessage; 3ms in InitializeSparseNdw; 32ms in InferThetaAndUpdateNwtSparse; 27ms in CalculateScore(^^^ItemsProcessedScore^^^); ]
I0114 20:57:38.269006  7432 processor.cc:830] Processor: complete processing batch 24d44c58-2b77-4a88-886c-62371e897d08 into model nwt
I0114 20:57:38.271034  7432 cuckoo_watch.h:44] 94ms in ProcessBatch(my_collection_batches\aaaaag.batch) [including 7ms in LoadMessage; 4ms in InitializeSparseNdw; 38ms in InferThetaAndUpdateNwtSparse; 36ms in CalculateScore(^^^ItemsProcessedScore^^^); ]
I0114 20:57:38.281167  4312 processor.cc:830] Processor: complete processing batch 61fecc89-c9e3-4b6a-8849-b47f48ea3dda into model nwt
I0114 20:57:38.283210  4312 cuckoo_watch.h:44] 66ms in ProcessBatch(my_collection_batches\aaaaai.batch) [including 5ms in LoadMessage; 3ms in InitializeSparseNdw; 29ms in InferThetaAndUpdateNwtSparse; 23ms in CalculateScore(^^^ItemsProcessedScore^^^); ]
I0114 20:57:38.283210  7632 processor.cc:742] Processor: start processing batch 2b2a7ef9-4407-4e4f-9370-cb64e729c8c5 into model nwt
I0114 20:57:38.288791  7432 processor.cc:742] Processor: start processing batch dc7a59d1-4db2-418b-a929-4b5251e92258 into model nwt
I0114 20:57:38.301446  4312 processor.cc:742] Processor: start processing batch 3ca93cb1-e345-4aa9-ad67-8d560363449a into model nwt
I0114 20:57:38.369838  7172 processor.cc:830] Processor: complete processing batch d90bc839-366b-483a-a2d9-00f0379d53c5 into model nwt
I0114 20:57:38.372387  7172 cuckoo_watch.h:44] 135ms in ProcessBatch(my_collection_batches\aaaaaj.batch) [including 8ms in LoadMessage; 6ms in InitializeSparseNdw; 54ms in InferThetaAndUpdateNwtSparse; 59ms in CalculateScore(^^^ItemsProcessedScore^^^); ]
I0114 20:57:38.390183  7172 processor.cc:742] Processor: start processing batch 62fa4011-6e18-41b9-a9a1-761b1b63702c into model nwt
I0114 20:57:38.495409  7632 processor.cc:830] Processor: complete processing batch 2b2a7ef9-4407-4e4f-9370-cb64e729c8c5 into model nwt
I0114 20:57:38.498440  7432 processor.cc:830] Processor: complete processing batch dc7a59d1-4db2-418b-a929-4b5251e92258 into model nwt
I0114 20:57:38.498950  7632 cuckoo_watch.h:44] 233ms in ProcessBatch(my_collection_batches\aaaaak.batch) [including 14ms in LoadMessage; 15ms in InitializeSparseNdw; 104ms in InferThetaAndUpdateNwtSparse; 91ms in CalculateScore(^^^ItemsProcessedScore^^^); ]
I0114 20:57:38.501469  7432 cuckoo_watch.h:44] 230ms in ProcessBatch(my_collection_batches\aaaaal.batch) [including 13ms in LoadMessage; 14ms in InitializeSparseNdw; 105ms in InferThetaAndUpdateNwtSparse; 88ms in CalculateScore(^^^ItemsProcessedScore^^^); ]
I0114 20:57:38.513090  7632 processor.cc:742] Processor: start processing batch 007ca9af-ccd4-44e5-bbd1-09f615629518 into model nwt
I0114 20:57:38.515628  7432 processor.cc:742] Processor: start processing batch 362c4d96-9683-47eb-90f9-80588e66a48a into model nwt
I0114 20:57:38.525228  4312 processor.cc:830] Processor: complete processing batch 3ca93cb1-e345-4aa9-ad67-8d560363449a into model nwt
I0114 20:57:38.528761  4312 cuckoo_watch.h:44] 245ms in ProcessBatch(my_collection_batches\aaaaam.batch) [including 14ms in LoadMessage; 15ms in InitializeSparseNdw; 111ms in InferThetaAndUpdateNwtSparse; 95ms in CalculateScore(^^^ItemsProcessedScore^^^); ]
I0114 20:57:38.536381  4312 processor.cc:742] Processor: start processing batch 821e5e0a-23ef-4f10-88d3-4c17d018c748 into model nwt
I0114 20:57:38.572016  4312 processor.cc:830] Processor: complete processing batch 821e5e0a-23ef-4f10-88d3-4c17d018c748 into model nwt
I0114 20:57:38.573529  4312 cuckoo_watch.h:44] 44ms in ProcessBatch(my_collection_batches\aaaaaq.batch) [including 4ms in LoadMessage; 1ms in InitializeSparseNdw; 17ms in InferThetaAndUpdateNwtSparse; 16ms in CalculateScore(^^^ItemsProcessedScore^^^); ]
I0114 20:57:38.574036  7172 processor.cc:830] Processor: complete processing batch 62fa4011-6e18-41b9-a9a1-761b1b63702c into model nwt
I0114 20:57:38.577581  7172 cuckoo_watch.h:44] 204ms in ProcessBatch(my_collection_batches\aaaaan.batch) [including 14ms in LoadMessage; 12ms in InitializeSparseNdw; 85ms in InferThetaAndUpdateNwtSparse; 85ms in CalculateScore(^^^ItemsProcessedScore^^^); ]
I0114 20:57:38.578090  4312 processor.cc:742] Processor: start processing batch c3576c1a-44d7-4c5e-92f3-b0455a100686 into model nwt
I0114 20:57:38.585168  4312 processor.cc:830] Processor: complete processing batch c3576c1a-44d7-4c5e-92f3-b0455a100686 into model nwt
I0114 20:57:38.585675  4312 cuckoo_watch.h:44] 12ms in ProcessBatch(my_collection_batches\aaaaar.batch) [including 1ms in LoadMessage; 0ms in InitializeSparseNdw; 3ms in InferThetaAndUpdateNwtSparse; 2ms in CalculateScore(^^^ItemsProcessedScore^^^); ]
I0114 20:57:38.654958  7432 processor.cc:830] Processor: complete processing batch 362c4d96-9683-47eb-90f9-80588e66a48a into model nwt
I0114 20:57:38.657482  7432 cuckoo_watch.h:44] 155ms in ProcessBatch(my_collection_batches\aaaaap.batch) [including 10ms in LoadMessage; 8ms in InitializeSparseNdw; 68ms in InferThetaAndUpdateNwtSparse; 61ms in CalculateScore(^^^ItemsProcessedScore^^^); ]
I0114 20:57:38.662137  7632 processor.cc:830] Processor: complete processing batch 007ca9af-ccd4-44e5-bbd1-09f615629518 into model nwt
I0114 20:57:38.665184  7632 cuckoo_watch.h:44] 166ms in ProcessBatch(my_collection_batches\aaaaao.batch) [including 10ms in LoadMessage; 9ms in InitializeSparseNdw; 72ms in InferThetaAndUpdateNwtSparse; 66ms in CalculateScore(^^^ItemsProcessedScore^^^); ]
I0114 20:57:38.672403  5684 master_component.cc:1200] RegularizeModelArgs: rwt_target_name=rwt, pwt_source_name=pwt, nwt_source_name=nwt
I0114 20:57:38.672403  5684 master_component.cc:785] MasterComponent: start regularizing model pwt
I0114 20:57:38.727155  7172 processor.cc:659] No data in processing queue, waiting...
I0114 20:57:38.730736  4312 processor.cc:659] No data in processing queue, waiting...
I0114 20:57:38.794997  7432 processor.cc:659] No data in processing queue, waiting...
I0114 20:57:38.794997  7632 processor.cc:659] No data in processing queue, waiting...
I0114 20:57:38.963713 12100 c_interface.cc:523] Pass GetScoreValueArgs, score_name=^^^ItemsProcessedScore^^^ to MasterComponent::Request
I0114 20:57:38.964221 12100 c_interface.cc:205] ArtmCopyRequestedMessage is copying 54 bytes...
I0114 20:57:39.025897  5684 master_component.cc:808] MasterComponent: complete regularizing model pwt
I0114 20:57:39.025897  5684 master_component.cc:1211] NormalizeModelArgs: pwt_target_name=pwt, nwt_source_name=nwt, rwt_source_name=rwt
I0114 20:57:39.025897  5684 master_component.cc:812] MasterComponent: start normalizing model nwt
I0114 20:57:39.236521  5684 master_component.cc:834] MasterComponent: complete normalizing model nwt
I0114 20:57:39.933626  5684 master_component.cc:1235] DisposeModel rwt
I0114 20:57:39.953485  5684 master_component.cc:858] FitOffline: ItemsProcessed, num_items=1728, num_batches=18, token_weight=808522, token_weight_in_effect=808522
I0114 20:57:39.963277 12100 c_interface.cc:523] Pass GetScoreValueArgs, score_name=^^^ItemsProcessedScore^^^ to MasterComponent::Request
I0114 20:57:39.963277 12100 c_interface.cc:205] ArtmCopyRequestedMessage is copying 54 bytes...
I0114 20:57:39.965297  5684 c_interface.cc:359] Pass FitOfflineMasterModelArgs, batch_filename_size=18, batch_weight_size=18, num_collection_passes=1 to void (__cdecl artm::core::MasterComponent::*)(class artm::FitOfflineMasterModelArgs const & __ptr64) __ptr64
I0114 20:57:39.965297  5684 master_component.cc:1162] ProcessBatchesArgs: nwt_target_name=nwt, batch_filename_size=18, batch_size=0, batch_weight_size=18, pwt_source_name=pwt, num_document_passes=1, regularizer=(name:SparsePhi, tau:100000), class=(text:1), class=(author:1), reuse_theta=no, opt_for_avx=yes, predict_class_id=
I0114 20:57:40.087788  4312 processor.cc:666] Processing queue has data, processing started
I0114 20:57:40.087788  7432 processor.cc:666] Processing queue has data, processing started
I0114 20:57:40.087788  7632 processor.cc:666] Processing queue has data, processing started
I0114 20:57:40.092324  7172 processor.cc:666] Processing queue has data, processing started
I0114 20:57:40.093859  7632 processor.cc:742] Processor: start processing batch 3f0adc45-73a4-4892-ad0a-924ce77565a5 into model nwt
I0114 20:57:40.095882  7432 processor.cc:742] Processor: start processing batch 2eed1b87-816c-4d74-a8e6-6a60f5eda3a3 into model nwt
I0114 20:57:40.100446  7172 processor.cc:742] Processor: start processing batch e9639e9d-f8bc-45e7-9d6f-e03d79918efc into model nwt
I0114 20:57:40.114639  4312 processor.cc:742] Processor: start processing batch 321624d2-1a16-45bd-93da-2f2b34bf30d8 into model nwt
I0114 20:57:40.118178  7632 processor.cc:830] Processor: complete processing batch 3f0adc45-73a4-4892-ad0a-924ce77565a5 into model nwt
I0114 20:57:40.122226  7632 cuckoo_watch.h:44] 34ms in ProcessBatch(my_collection_batches\aaaaaa.batch) [including 2ms in LoadMessage; 1ms in InitializeSparseNdw; 12ms in InferThetaAndUpdateNwtSparse; 10ms in CalculateScore(^^^ItemsProcessedScore^^^); ]
I0114 20:57:40.130851  7632 processor.cc:742] Processor: start processing batch 723a8c1b-c767-4aa5-a5a3-6d7e487072a5 into model nwt
I0114 20:57:40.170253  4312 processor.cc:830] Processor: complete processing batch 321624d2-1a16-45bd-93da-2f2b34bf30d8 into model nwt
I0114 20:57:40.170758  7432 processor.cc:830] Processor: complete processing batch 2eed1b87-816c-4d74-a8e6-6a60f5eda3a3 into model nwt
I0114 20:57:40.171767  4312 cuckoo_watch.h:44] 83ms in ProcessBatch(my_collection_batches\aaaaab.batch) [including 4ms in LoadMessage; 2ms in InitializeSparseNdw; 24ms in InferThetaAndUpdateNwtSparse; 27ms in CalculateScore(^^^ItemsProcessedScore^^^); ]
I0114 20:57:40.172271  7432 cuckoo_watch.h:44] 84ms in ProcessBatch(my_collection_batches\aaaaac.batch) [including 4ms in LoadMessage; 3ms in InitializeSparseNdw; 49ms in InferThetaAndUpdateNwtSparse; 21ms in CalculateScore(^^^ItemsProcessedScore^^^); ]
I0114 20:57:40.180373  4312 processor.cc:742] Processor: start processing batch cf355908-b9c8-44dc-ae13-7da92e1de92d into model nwt
I0114 20:57:40.184919  7172 processor.cc:830] Processor: complete processing batch e9639e9d-f8bc-45e7-9d6f-e03d79918efc into model nwt
I0114 20:57:40.186435  7172 cuckoo_watch.h:44] 94ms in ProcessBatch(my_collection_batches\aaaaad.batch) [including 4ms in LoadMessage; 3ms in InitializeSparseNdw; 33ms in InferThetaAndUpdateNwtSparse; 47ms in CalculateScore(^^^ItemsProcessedScore^^^); ]
I0114 20:57:40.193015  7432 processor.cc:742] Processor: start processing batch 24d44c58-2b77-4a88-886c-62371e897d08 into model nwt
I0114 20:57:40.196064  7172 processor.cc:742] Processor: start processing batch 10a7bd17-295f-4623-aa39-2a5eb5d26d8a into model nwt
I0114 20:57:40.203640  7632 processor.cc:830] Processor: complete processing batch 723a8c1b-c767-4aa5-a5a3-6d7e487072a5 into model nwt
I0114 20:57:40.205160  7632 cuckoo_watch.h:44] 82ms in ProcessBatch(my_collection_batches\aaaaae.batch) [including 4ms in LoadMessage; 2ms in InitializeSparseNdw; 48ms in InferThetaAndUpdateNwtSparse; 20ms in CalculateScore(^^^ItemsProcessedScore^^^); ]
I0114 20:57:40.227500  7632 processor.cc:742] Processor: start processing batch 61fecc89-c9e3-4b6a-8849-b47f48ea3dda into model nwt
I0114 20:57:40.278595  4312 processor.cc:830] Processor: complete processing batch cf355908-b9c8-44dc-ae13-7da92e1de92d into model nwt
I0114 20:57:40.279604  7172 processor.cc:830] Processor: complete processing batch 10a7bd17-295f-4623-aa39-2a5eb5d26d8a into model nwt
I0114 20:57:40.280613  4312 cuckoo_watch.h:44] 108ms in ProcessBatch(my_collection_batches\aaaaaf.batch) [including 5ms in LoadMessage; 3ms in InitializeSparseNdw; 53ms in InferThetaAndUpdateNwtSparse; 41ms in CalculateScore(^^^ItemsProcessedScore^^^); ]
I0114 20:57:40.281622  7172 cuckoo_watch.h:44] 94ms in ProcessBatch(my_collection_batches\aaaaah.batch) [including 5ms in LoadMessage; 3ms in InitializeSparseNdw; 46ms in InferThetaAndUpdateNwtSparse; 33ms in CalculateScore(^^^ItemsProcessedScore^^^); ]
I0114 20:57:40.294749  4312 processor.cc:742] Processor: start processing batch d90bc839-366b-483a-a2d9-00f0379d53c5 into model nwt
I0114 20:57:40.308377  7632 processor.cc:830] Processor: complete processing batch 61fecc89-c9e3-4b6a-8849-b47f48ea3dda into model nwt
I0114 20:57:40.310397  7632 cuckoo_watch.h:44] 104ms in ProcessBatch(my_collection_batches\aaaaai.batch) [including 19ms in LoadMessage; 3ms in InitializeSparseNdw; 54ms in InferThetaAndUpdateNwtSparse; 22ms in CalculateScore(^^^ItemsProcessedScore^^^); ]
I0114 20:57:40.311410  7432 processor.cc:830] Processor: complete processing batch 24d44c58-2b77-4a88-886c-62371e897d08 into model nwt
I0114 20:57:40.312930  7432 cuckoo_watch.h:44] 140ms in ProcessBatch(my_collection_batches\aaaaag.batch) [including 17ms in LoadMessage; 4ms in InitializeSparseNdw; 66ms in InferThetaAndUpdateNwtSparse; 46ms in CalculateScore(^^^ItemsProcessedScore^^^); ]
I0114 20:57:40.318531  7172 processor.cc:742] Processor: start processing batch 2b2a7ef9-4407-4e4f-9370-cb64e729c8c5 into model nwt
I0114 20:57:40.336773  7432 processor.cc:742] Processor: start processing batch 3ca93cb1-e345-4aa9-ad67-8d560363449a into model nwt
I0114 20:57:40.345381  7632 processor.cc:742] Processor: start processing batch dc7a59d1-4db2-418b-a929-4b5251e92258 into model nwt
I0114 20:57:40.475512  4312 processor.cc:830] Processor: complete processing batch d90bc839-366b-483a-a2d9-00f0379d53c5 into model nwt
I0114 20:57:40.478559  4312 cuckoo_watch.h:44] 198ms in ProcessBatch(my_collection_batches\aaaaaj.batch) [including 9ms in LoadMessage; 9ms in InitializeSparseNdw; 92ms in InferThetaAndUpdateNwtSparse; 78ms in CalculateScore(^^^ItemsProcessedScore^^^); ]
I0114 20:57:40.516489  4312 processor.cc:742] Processor: start processing batch 62fa4011-6e18-41b9-a9a1-761b1b63702c into model nwt
I0114 20:57:40.629812  7172 processor.cc:830] Processor: complete processing batch 2b2a7ef9-4407-4e4f-9370-cb64e729c8c5 into model nwt
I0114 20:57:40.632838  7172 cuckoo_watch.h:44] 351ms in ProcessBatch(my_collection_batches\aaaaak.batch) [including 33ms in LoadMessage; 15ms in InitializeSparseNdw; 163ms in InferThetaAndUpdateNwtSparse; 132ms in CalculateScore(^^^ItemsProcessedScore^^^); ]
I0114 20:57:40.646972  7632 processor.cc:830] Processor: complete processing batch dc7a59d1-4db2-418b-a929-4b5251e92258 into model nwt
I0114 20:57:40.662154  7172 processor.cc:742] Processor: start processing batch 007ca9af-ccd4-44e5-bbd1-09f615629518 into model nwt
I0114 20:57:40.666715  7632 cuckoo_watch.h:44] 356ms in ProcessBatch(my_collection_batches\aaaaal.batch) [including 31ms in LoadMessage; 15ms in InitializeSparseNdw; 160ms in InferThetaAndUpdateNwtSparse; 124ms in CalculateScore(^^^ItemsProcessedScore^^^); ]
I0114 20:57:40.674794  7432 processor.cc:830] Processor: complete processing batch 3ca93cb1-e345-4aa9-ad67-8d560363449a into model nwt
I0114 20:57:40.677829  7432 cuckoo_watch.h:44] 364ms in ProcessBatch(my_collection_batches\aaaaam.batch) [including 19ms in LoadMessage; 24ms in InitializeSparseNdw; 175ms in InferThetaAndUpdateNwtSparse; 137ms in CalculateScore(^^^ItemsProcessedScore^^^); ]
I0114 20:57:40.681887  7632 processor.cc:742] Processor: start processing batch 362c4d96-9683-47eb-90f9-80588e66a48a into model nwt
I0114 20:57:40.684942  7432 processor.cc:742] Processor: start processing batch 821e5e0a-23ef-4f10-88d3-4c17d018c748 into model nwt
I0114 20:57:40.733086  7432 processor.cc:830] Processor: complete processing batch 821e5e0a-23ef-4f10-88d3-4c17d018c748 into model nwt
I0114 20:57:40.734113  7432 cuckoo_watch.h:44] 56ms in ProcessBatch(my_collection_batches\aaaaaq.batch) [including 3ms in LoadMessage; 2ms in InitializeSparseNdw; 17ms in InferThetaAndUpdateNwtSparse; 27ms in CalculateScore(^^^ItemsProcessedScore^^^); ]
I0114 20:57:40.740231  7432 processor.cc:742] Processor: start processing batch c3576c1a-44d7-4c5e-92f3-b0455a100686 into model nwt
I0114 20:57:40.747825  7432 processor.cc:830] Processor: complete processing batch c3576c1a-44d7-4c5e-92f3-b0455a100686 into model nwt
I0114 20:57:40.747825  7432 cuckoo_watch.h:44] 13ms in ProcessBatch(my_collection_batches\aaaaar.batch) [including 1ms in LoadMessage; 0ms in InitializeSparseNdw; 4ms in InferThetaAndUpdateNwtSparse; 2ms in CalculateScore(^^^ItemsProcessedScore^^^); ]
I0114 20:57:40.791853  4312 processor.cc:830] Processor: complete processing batch 62fa4011-6e18-41b9-a9a1-761b1b63702c into model nwt
I0114 20:57:40.795390  4312 cuckoo_watch.h:44] 316ms in ProcessBatch(my_collection_batches\aaaaan.batch) [including 34ms in LoadMessage; 12ms in InitializeSparseNdw; 125ms in InferThetaAndUpdateNwtSparse; 136ms in CalculateScore(^^^ItemsProcessedScore^^^); ]
I0114 20:57:40.856482  7172 processor.cc:830] Processor: complete processing batch 007ca9af-ccd4-44e5-bbd1-09f615629518 into model nwt
I0114 20:57:40.859511  7172 cuckoo_watch.h:44] 226ms in ProcessBatch(my_collection_batches\aaaaao.batch) [including 25ms in LoadMessage; 10ms in InitializeSparseNdw; 106ms in InferThetaAndUpdateNwtSparse; 76ms in CalculateScore(^^^ItemsProcessedScore^^^); ]
I0114 20:57:40.862040  7432 processor.cc:659] No data in processing queue, waiting...
I0114 20:57:40.863553  7632 processor.cc:830] Processor: complete processing batch 362c4d96-9683-47eb-90f9-80588e66a48a into model nwt
I0114 20:57:40.866580  7632 cuckoo_watch.h:44] 199ms in ProcessBatch(my_collection_batches\aaaaap.batch) [including 11ms in LoadMessage; 9ms in InitializeSparseNdw; 106ms in InferThetaAndUpdateNwtSparse; 64ms in CalculateScore(^^^ItemsProcessedScore^^^); ]
I0114 20:57:40.869108  4312 processor.cc:659] No data in processing queue, waiting...
I0114 20:57:40.869108  5684 master_component.cc:1200] RegularizeModelArgs: rwt_target_name=rwt, pwt_source_name=pwt, nwt_source_name=nwt
I0114 20:57:40.869108  5684 master_component.cc:785] MasterComponent: start regularizing model pwt
I0114 20:57:40.927755  7172 processor.cc:659] No data in processing queue, waiting...
I0114 20:57:40.933295  7632 processor.cc:659] No data in processing queue, waiting...
I0114 20:57:40.966167 12100 c_interface.cc:523] Pass GetScoreValueArgs, score_name=^^^ItemsProcessedScore^^^ to MasterComponent::Request
I0114 20:57:40.966167 12100 c_interface.cc:205] ArtmCopyRequestedMessage is copying 54 bytes...
I0114 20:57:41.227965  5684 master_component.cc:808] MasterComponent: complete regularizing model pwt
I0114 20:57:41.228504  5684 master_component.cc:1211] NormalizeModelArgs: pwt_target_name=pwt, nwt_source_name=nwt, rwt_source_name=rwt
I0114 20:57:41.228504  5684 master_component.cc:812] MasterComponent: start normalizing model nwt
I0114 20:57:41.419695  5684 master_component.cc:834] MasterComponent: complete normalizing model nwt
I0114 20:57:41.982483 12100 c_interface.cc:523] Pass GetScoreValueArgs, score_name=^^^ItemsProcessedScore^^^ to MasterComponent::Request
I0114 20:57:41.982988 12100 c_interface.cc:205] ArtmCopyRequestedMessage is copying 54 bytes...
I0114 20:57:42.232403  5684 master_component.cc:1235] DisposeModel rwt
I0114 20:57:42.252367  5684 master_component.cc:858] FitOffline: ItemsProcessed, num_items=1728, num_batches=18, token_weight=808522, token_weight_in_effect=808522
I0114 20:57:42.267102 12100 c_interface.cc:523] Pass GetScoreValueArgs, score_name=^^^ItemsProcessedScore^^^ to MasterComponent::Request
I0114 20:57:42.267607 12100 c_interface.cc:205] ArtmCopyRequestedMessage is copying 54 bytes...
I0114 20:57:42.269119  5684 c_interface.cc:359] Pass FitOfflineMasterModelArgs, batch_filename_size=18, batch_weight_size=18, num_collection_passes=1 to void (__cdecl artm::core::MasterComponent::*)(class artm::FitOfflineMasterModelArgs const & __ptr64) __ptr64
I0114 20:57:42.269119  5684 master_component.cc:1162] ProcessBatchesArgs: nwt_target_name=nwt, batch_filename_size=18, batch_size=0, batch_weight_size=18, pwt_source_name=pwt, num_document_passes=1, regularizer=(name:SparsePhi, tau:100000), class=(text:1), class=(author:1), reuse_theta=no, opt_for_avx=yes, predict_class_id=
I0114 20:57:42.404548  7172 processor.cc:666] Processing queue has data, processing started
I0114 20:57:42.404548  4312 processor.cc:666] Processing queue has data, processing started
I0114 20:57:42.404548  7632 processor.cc:666] Processing queue has data, processing started
I0114 20:57:42.411619  7172 processor.cc:742] Processor: start processing batch 3f0adc45-73a4-4892-ad0a-924ce77565a5 into model nwt
I0114 20:57:42.413133  7632 processor.cc:742] Processor: start processing batch 2eed1b87-816c-4d74-a8e6-6a60f5eda3a3 into model nwt
I0114 20:57:42.413133  4312 processor.cc:742] Processor: start processing batch 321624d2-1a16-45bd-93da-2f2b34bf30d8 into model nwt
I0114 20:57:42.418174  7432 processor.cc:666] Processing queue has data, processing started
I0114 20:57:42.428292  7432 processor.cc:742] Processor: start processing batch e9639e9d-f8bc-45e7-9d6f-e03d79918efc into model nwt
I0114 20:57:42.443449  7172 processor.cc:830] Processor: complete processing batch 3f0adc45-73a4-4892-ad0a-924ce77565a5 into model nwt
I0114 20:57:42.443956  7172 cuckoo_watch.h:44] 39ms in ProcessBatch(my_collection_batches\aaaaaa.batch) [including 3ms in LoadMessage; 1ms in InitializeSparseNdw; 14ms in InferThetaAndUpdateNwtSparse; 14ms in CalculateScore(^^^ItemsProcessedScore^^^); ]
I0114 20:57:42.453577  7172 processor.cc:742] Processor: start processing batch 723a8c1b-c767-4aa5-a5a3-6d7e487072a5 into model nwt
I0114 20:57:42.466205  4312 processor.cc:830] Processor: complete processing batch 321624d2-1a16-45bd-93da-2f2b34bf30d8 into model nwt
I0114 20:57:42.468225  4312 cuckoo_watch.h:44] 63ms in ProcessBatch(my_collection_batches\aaaaab.batch) [including 5ms in LoadMessage; 3ms in InitializeSparseNdw; 25ms in InferThetaAndUpdateNwtSparse; 23ms in CalculateScore(^^^ItemsProcessedScore^^^); ]
I0114 20:57:42.479328  4312 processor.cc:742] Processor: start processing batch cf355908-b9c8-44dc-ae13-7da92e1de92d into model nwt
I0114 20:57:42.486392  7632 processor.cc:830] Processor: complete processing batch 2eed1b87-816c-4d74-a8e6-6a60f5eda3a3 into model nwt
I0114 20:57:42.488411  7632 cuckoo_watch.h:44] 83ms in ProcessBatch(my_collection_batches\aaaaac.batch) [including 5ms in LoadMessage; 3ms in InitializeSparseNdw; 41ms in InferThetaAndUpdateNwtSparse; 28ms in CalculateScore(^^^ItemsProcessedScore^^^); ]
I0114 20:57:42.495980  7432 processor.cc:830] Processor: complete processing batch e9639e9d-f8bc-45e7-9d6f-e03d79918efc into model nwt
I0114 20:57:42.497503  7432 cuckoo_watch.h:44] 79ms in ProcessBatch(my_collection_batches\aaaaad.batch) [including 6ms in LoadMessage; 3ms in InitializeSparseNdw; 36ms in InferThetaAndUpdateNwtSparse; 26ms in CalculateScore(^^^ItemsProcessedScore^^^); ]
I0114 20:57:42.499527  7632 processor.cc:742] Processor: start processing batch 24d44c58-2b77-4a88-886c-62371e897d08 into model nwt
I0114 20:57:42.503055  7172 processor.cc:830] Processor: complete processing batch 723a8c1b-c767-4aa5-a5a3-6d7e487072a5 into model nwt
I0114 20:57:42.504565  7172 cuckoo_watch.h:44] 60ms in ProcessBatch(my_collection_batches\aaaaae.batch) [including 4ms in LoadMessage; 3ms in InitializeSparseNdw; 24ms in InferThetaAndUpdateNwtSparse; 21ms in CalculateScore(^^^ItemsProcessedScore^^^); ]
I0114 20:57:42.510123  7432 processor.cc:742] Processor: start processing batch 10a7bd17-295f-4623-aa39-2a5eb5d26d8a into model nwt
I0114 20:57:42.515694  7172 processor.cc:742] Processor: start processing batch 61fecc89-c9e3-4b6a-8849-b47f48ea3dda into model nwt
I0114 20:57:42.543038  4312 processor.cc:830] Processor: complete processing batch cf355908-b9c8-44dc-ae13-7da92e1de92d into model nwt
I0114 20:57:42.545059  4312 cuckoo_watch.h:44] 75ms in ProcessBatch(my_collection_batches\aaaaaf.batch) [including 6ms in LoadMessage; 4ms in InitializeSparseNdw; 28ms in InferThetaAndUpdateNwtSparse; 31ms in CalculateScore(^^^ItemsProcessedScore^^^); ]
I0114 20:57:42.557750  4312 processor.cc:742] Processor: start processing batch d90bc839-366b-483a-a2d9-00f0379d53c5 into model nwt
I0114 20:57:42.600769  7172 processor.cc:830] Processor: complete processing batch 61fecc89-c9e3-4b6a-8849-b47f48ea3dda into model nwt
I0114 20:57:42.602783  7172 cuckoo_watch.h:44] 98ms in ProcessBatch(my_collection_batches\aaaaai.batch) [including 6ms in LoadMessage; 3ms in InitializeSparseNdw; 34ms in InferThetaAndUpdateNwtSparse; 45ms in CalculateScore(^^^ItemsProcessedScore^^^); ]
I0114 20:57:42.607337  7632 processor.cc:830] Processor: complete processing batch 24d44c58-2b77-4a88-886c-62371e897d08 into model nwt
I0114 20:57:42.609359  7632 cuckoo_watch.h:44] 120ms in ProcessBatch(my_collection_batches\aaaaag.batch) [including 7ms in LoadMessage; 5ms in InitializeSparseNdw; 52ms in InferThetaAndUpdateNwtSparse; 48ms in CalculateScore(^^^ItemsProcessedScore^^^); ]
I0114 20:57:42.612900  7432 processor.cc:830] Processor: complete processing batch 10a7bd17-295f-4623-aa39-2a5eb5d26d8a into model nwt
I0114 20:57:42.614421  7432 cuckoo_watch.h:44] 116ms in ProcessBatch(my_collection_batches\aaaaah.batch) [including 7ms in LoadMessage; 3ms in InitializeSparseNdw; 60ms in InferThetaAndUpdateNwtSparse; 37ms in CalculateScore(^^^ItemsProcessedScore^^^); ]
I0114 20:57:42.620507  7172 processor.cc:742] Processor: start processing batch 2b2a7ef9-4407-4e4f-9370-cb64e729c8c5 into model nwt
I0114 20:57:42.627104  7632 processor.cc:742] Processor: start processing batch dc7a59d1-4db2-418b-a929-4b5251e92258 into model nwt
I0114 20:57:42.642284  7432 processor.cc:742] Processor: start processing batch 3ca93cb1-e345-4aa9-ad67-8d560363449a into model nwt
I0114 20:57:42.729508  4312 processor.cc:830] Processor: complete processing batch d90bc839-366b-483a-a2d9-00f0379d53c5 into model nwt
I0114 20:57:42.732048  4312 cuckoo_watch.h:44] 186ms in ProcessBatch(my_collection_batches\aaaaaj.batch) [including 9ms in LoadMessage; 16ms in InitializeSparseNdw; 76ms in InferThetaAndUpdateNwtSparse; 78ms in CalculateScore(^^^ItemsProcessedScore^^^); ]
I0114 20:57:42.755905  4312 processor.cc:742] Processor: start processing batch 62fa4011-6e18-41b9-a9a1-761b1b63702c into model nwt
I0114 20:57:42.891194  7172 processor.cc:830] Processor: complete processing batch 2b2a7ef9-4407-4e4f-9370-cb64e729c8c5 into model nwt
I0114 20:57:42.895736  7172 cuckoo_watch.h:44] 292ms in ProcessBatch(my_collection_batches\aaaaak.batch) [including 14ms in LoadMessage; 21ms in InitializeSparseNdw; 123ms in InferThetaAndUpdateNwtSparse; 126ms in CalculateScore(^^^ItemsProcessedScore^^^); ]
I0114 20:57:42.911406  7172 processor.cc:742] Processor: start processing batch 007ca9af-ccd4-44e5-bbd1-09f615629518 into model nwt
I0114 20:57:42.941673  7632 processor.cc:830] Processor: complete processing batch dc7a59d1-4db2-418b-a929-4b5251e92258 into model nwt
I0114 20:57:42.944716  7632 cuckoo_watch.h:44] 335ms in ProcessBatch(my_collection_batches\aaaaal.batch) [including 14ms in LoadMessage; 33ms in InitializeSparseNdw; 159ms in InferThetaAndUpdateNwtSparse; 120ms in CalculateScore(^^^ItemsProcessedScore^^^); ]
I0114 20:57:42.948261  7432 processor.cc:830] Processor: complete processing batch 3ca93cb1-e345-4aa9-ad67-8d560363449a into model nwt
I0114 20:57:42.951800  7432 cuckoo_watch.h:44] 337ms in ProcessBatch(my_collection_batches\aaaaam.batch) [including 24ms in LoadMessage; 15ms in InitializeSparseNdw; 162ms in InferThetaAndUpdateNwtSparse; 128ms in CalculateScore(^^^ItemsProcessedScore^^^); ]
I0114 20:57:42.958396  7432 processor.cc:742] Processor: start processing batch 821e5e0a-23ef-4f10-88d3-4c17d018c748 into model nwt
I0114 20:57:42.958396  7632 processor.cc:742] Processor: start processing batch 362c4d96-9683-47eb-90f9-80588e66a48a into model nwt
I0114 20:57:42.997365  7432 processor.cc:830] Processor: complete processing batch 821e5e0a-23ef-4f10-88d3-4c17d018c748 into model nwt
I0114 20:57:43.002429  7432 cuckoo_watch.h:44] 50ms in ProcessBatch(my_collection_batches\aaaaaq.batch) [including 3ms in LoadMessage; 1ms in InitializeSparseNdw; 19ms in InferThetaAndUpdateNwtSparse; 17ms in CalculateScore(^^^ItemsProcessedScore^^^); ]
I0114 20:57:43.007531  7432 processor.cc:742] Processor: start processing batch c3576c1a-44d7-4c5e-92f3-b0455a100686 into model nwt
I0114 20:57:43.011077  4312 processor.cc:830] Processor: complete processing batch 62fa4011-6e18-41b9-a9a1-761b1b63702c into model nwt
I0114 20:57:43.014108  4312 cuckoo_watch.h:44] 281ms in ProcessBatch(my_collection_batches\aaaaan.batch) [including 18ms in LoadMessage; 18ms in InitializeSparseNdw; 119ms in InferThetaAndUpdateNwtSparse; 116ms in CalculateScore(^^^ItemsProcessedScore^^^); ]
I0114 20:57:43.015121  7432 processor.cc:830] Processor: complete processing batch c3576c1a-44d7-4c5e-92f3-b0455a100686 into model nwt
I0114 20:57:43.015121  7432 cuckoo_watch.h:44] 12ms in ProcessBatch(my_collection_batches\aaaaar.batch) [including 1ms in LoadMessage; 0ms in InitializeSparseNdw; 3ms in InferThetaAndUpdateNwtSparse; 3ms in CalculateScore(^^^ItemsProcessedScore^^^); ]
I0114 20:57:43.112695  7172 processor.cc:830] Processor: complete processing batch 007ca9af-ccd4-44e5-bbd1-09f615629518 into model nwt
