I0114 20:57:43.116750  7172 cuckoo_watch.h:44] 220ms in ProcessBatch(my_collection_batches\aaaaao.batch) [including 11ms in LoadMessage; 10ms in InitializeSparseNdw; 112ms in InferThetaAndUpdateNwtSparse; 77ms in CalculateScore(^^^ItemsProcessedScore^^^); ]
I0114 20:57:43.118774  7432 processor.cc:659] No data in processing queue, waiting...
I0114 20:57:43.118774  4312 processor.cc:659] No data in processing queue, waiting...
I0114 20:57:43.142576  7632 processor.cc:830] Processor: complete processing batch 362c4d96-9683-47eb-90f9-80588e66a48a into model nwt
I0114 20:57:43.145617  7632 cuckoo_watch.h:44] 200ms in ProcessBatch(my_collection_batches\aaaaap.batch) [including 10ms in LoadMessage; 24ms in InitializeSparseNdw; 88ms in InferThetaAndUpdateNwtSparse; 70ms in CalculateScore(^^^ItemsProcessedScore^^^); ]
I0114 20:57:43.147136  5684 master_component.cc:1200] RegularizeModelArgs: rwt_target_name=rwt, pwt_source_name=pwt, nwt_source_name=nwt
I0114 20:57:43.147136  5684 master_component.cc:785] MasterComponent: start regularizing model pwt
I0114 20:57:43.182574  7172 processor.cc:659] No data in processing queue, waiting...
I0114 20:57:43.210927  7632 processor.cc:659] No data in processing queue, waiting...
I0114 20:57:43.269971 12100 c_interface.cc:523] Pass GetScoreValueArgs, score_name=^^^ItemsProcessedScore^^^ to MasterComponent::Request
I0114 20:57:43.270478 12100 c_interface.cc:205] ArtmCopyRequestedMessage is copying 54 bytes...
I0114 20:57:43.527652  5684 master_component.cc:808] MasterComponent: complete regularizing model pwt
I0114 20:57:43.527652  5684 master_component.cc:1211] NormalizeModelArgs: pwt_target_name=pwt, nwt_source_name=nwt, rwt_source_name=rwt
I0114 20:57:43.527652  5684 master_component.cc:812] MasterComponent: start normalizing model nwt
I0114 20:57:43.750370  5684 master_component.cc:834] MasterComponent: complete normalizing model nwt
I0114 20:57:44.275594 12100 c_interface.cc:523] Pass GetScoreValueArgs, score_name=^^^ItemsProcessedScore^^^ to MasterComponent::Request
I0114 20:57:44.276100 12100 c_interface.cc:205] ArtmCopyRequestedMessage is copying 54 bytes...
I0114 20:57:44.462772  5684 master_component.cc:1235] DisposeModel rwt
I0114 20:57:44.481607  5684 master_component.cc:858] FitOffline: ItemsProcessed, num_items=1728, num_batches=18, token_weight=808522, token_weight_in_effect=808522
I0114 20:57:44.537525 12100 c_interface.cc:523] Pass GetScoreValueArgs, score_name=^^^ItemsProcessedScore^^^ to MasterComponent::Request
I0114 20:57:44.538028 12100 c_interface.cc:205] ArtmCopyRequestedMessage is copying 54 bytes...
I0114 20:57:44.539541  5684 c_interface.cc:359] Pass FitOfflineMasterModelArgs, batch_filename_size=18, batch_weight_size=18, num_collection_passes=1 to void (__cdecl artm::core::MasterComponent::*)(class artm::FitOfflineMasterModelArgs const & __ptr64) __ptr64
I0114 20:57:44.540045  5684 master_component.cc:1162] ProcessBatchesArgs: nwt_target_name=nwt, batch_filename_size=18, batch_size=0, batch_weight_size=18, pwt_source_name=pwt, num_document_passes=1, regularizer=(name:SparsePhi, tau:100000), class=(text:1), class=(author:1), reuse_theta=no, opt_for_avx=yes, predict_class_id=
I0114 20:57:44.676766  7632 processor.cc:666] Processing queue has data, processing started
I0114 20:57:44.676766  7432 processor.cc:666] Processing queue has data, processing started
I0114 20:57:44.676766  4312 processor.cc:666] Processing queue has data, processing started
I0114 20:57:44.682828  7172 processor.cc:666] Processing queue has data, processing started
I0114 20:57:44.683334  7432 processor.cc:742] Processor: start processing batch 3f0adc45-73a4-4892-ad0a-924ce77565a5 into model nwt
I0114 20:57:44.685875  4312 processor.cc:742] Processor: start processing batch 2eed1b87-816c-4d74-a8e6-6a60f5eda3a3 into model nwt
I0114 20:57:44.692451  7632 processor.cc:742] Processor: start processing batch 321624d2-1a16-45bd-93da-2f2b34bf30d8 into model nwt
I0114 20:57:44.694975  7172 processor.cc:742] Processor: start processing batch e9639e9d-f8bc-45e7-9d6f-e03d79918efc into model nwt
I0114 20:57:44.712656  7432 processor.cc:830] Processor: complete processing batch 3f0adc45-73a4-4892-ad0a-924ce77565a5 into model nwt
I0114 20:57:44.722247  7432 cuckoo_watch.h:44] 45ms in ProcessBatch(my_collection_batches\aaaaaa.batch) [including 3ms in LoadMessage; 1ms in InitializeSparseNdw; 14ms in InferThetaAndUpdateNwtSparse; 12ms in CalculateScore(^^^ItemsProcessedScore^^^); ]
I0114 20:57:44.730325  7432 processor.cc:742] Processor: start processing batch 723a8c1b-c767-4aa5-a5a3-6d7e487072a5 into model nwt
I0114 20:57:44.746470  7632 processor.cc:830] Processor: complete processing batch 321624d2-1a16-45bd-93da-2f2b34bf30d8 into model nwt
I0114 20:57:44.747985  7632 cuckoo_watch.h:44] 71ms in ProcessBatch(my_collection_batches\aaaaab.batch) [including 5ms in LoadMessage; 2ms in InitializeSparseNdw; 22ms in InferThetaAndUpdateNwtSparse; 27ms in CalculateScore(^^^ItemsProcessedScore^^^); ]
I0114 20:57:44.756053  4312 processor.cc:830] Processor: complete processing batch 2eed1b87-816c-4d74-a8e6-6a60f5eda3a3 into model nwt
I0114 20:57:44.757069  7632 processor.cc:742] Processor: start processing batch cf355908-b9c8-44dc-ae13-7da92e1de92d into model nwt
I0114 20:57:44.757572  4312 cuckoo_watch.h:44] 80ms in ProcessBatch(my_collection_batches\aaaaac.batch) [including 5ms in LoadMessage; 3ms in InitializeSparseNdw; 33ms in InferThetaAndUpdateNwtSparse; 33ms in CalculateScore(^^^ItemsProcessedScore^^^); ]
I0114 20:57:44.764632  7172 processor.cc:830] Processor: complete processing batch e9639e9d-f8bc-45e7-9d6f-e03d79918efc into model nwt
I0114 20:57:44.766150  7172 cuckoo_watch.h:44] 83ms in ProcessBatch(my_collection_batches\aaaaad.batch) [including 6ms in LoadMessage; 5ms in InitializeSparseNdw; 33ms in InferThetaAndUpdateNwtSparse; 29ms in CalculateScore(^^^ItemsProcessedScore^^^); ]
I0114 20:57:44.767669  4312 processor.cc:742] Processor: start processing batch 24d44c58-2b77-4a88-886c-62371e897d08 into model nwt
I0114 20:57:44.776778  7172 processor.cc:742] Processor: start processing batch 10a7bd17-295f-4623-aa39-2a5eb5d26d8a into model nwt
I0114 20:57:44.794456  7432 processor.cc:830] Processor: complete processing batch 723a8c1b-c767-4aa5-a5a3-6d7e487072a5 into model nwt
I0114 20:57:44.803555  7432 cuckoo_watch.h:44] 81ms in ProcessBatch(my_collection_batches\aaaaae.batch) [including 4ms in LoadMessage; 2ms in InitializeSparseNdw; 41ms in InferThetaAndUpdateNwtSparse; 20ms in CalculateScore(^^^ItemsProcessedScore^^^); ]
I0114 20:57:44.812646  7432 processor.cc:742] Processor: start processing batch 61fecc89-c9e3-4b6a-8849-b47f48ea3dda into model nwt
I0114 20:57:44.832360  7632 processor.cc:830] Processor: complete processing batch cf355908-b9c8-44dc-ae13-7da92e1de92d into model nwt
I0114 20:57:44.834375  7632 cuckoo_watch.h:44] 86ms in ProcessBatch(my_collection_batches\aaaaaf.batch) [including 5ms in LoadMessage; 3ms in InitializeSparseNdw; 36ms in InferThetaAndUpdateNwtSparse; 35ms in CalculateScore(^^^ItemsProcessedScore^^^); ]
I0114 20:57:44.850028  7632 processor.cc:742] Processor: start processing batch d90bc839-366b-483a-a2d9-00f0379d53c5 into model nwt
I0114 20:57:44.861634  7172 processor.cc:830] Processor: complete processing batch 10a7bd17-295f-4623-aa39-2a5eb5d26d8a into model nwt
I0114 20:57:44.863152  7172 cuckoo_watch.h:44] 96ms in ProcessBatch(my_collection_batches\aaaaah.batch) [including 6ms in LoadMessage; 3ms in InitializeSparseNdw; 47ms in InferThetaAndUpdateNwtSparse; 27ms in CalculateScore(^^^ItemsProcessedScore^^^); ]
I0114 20:57:44.871233  4312 processor.cc:830] Processor: complete processing batch 24d44c58-2b77-4a88-886c-62371e897d08 into model nwt
I0114 20:57:44.873255  4312 cuckoo_watch.h:44] 115ms in ProcessBatch(my_collection_batches\aaaaag.batch) [including 6ms in LoadMessage; 16ms in InitializeSparseNdw; 40ms in InferThetaAndUpdateNwtSparse; 46ms in CalculateScore(^^^ItemsProcessedScore^^^); ]
I0114 20:57:44.880825  7432 processor.cc:830] Processor: complete processing batch 61fecc89-c9e3-4b6a-8849-b47f48ea3dda into model nwt
I0114 20:57:44.882334  7432 cuckoo_watch.h:44] 79ms in ProcessBatch(my_collection_batches\aaaaai.batch) [including 5ms in LoadMessage; 3ms in InitializeSparseNdw; 38ms in InferThetaAndUpdateNwtSparse; 22ms in CalculateScore(^^^ItemsProcessedScore^^^); ]
I0114 20:57:44.890419  7172 processor.cc:742] Processor: start processing batch 2b2a7ef9-4407-4e4f-9370-cb64e729c8c5 into model nwt
I0114 20:57:44.890419  4312 processor.cc:742] Processor: start processing batch dc7a59d1-4db2-418b-a929-4b5251e92258 into model nwt
I0114 20:57:44.902561  7432 processor.cc:742] Processor: start processing batch 3ca93cb1-e345-4aa9-ad67-8d560363449a into model nwt
I0114 20:57:45.004528  7632 processor.cc:830] Processor: complete processing batch d90bc839-366b-483a-a2d9-00f0379d53c5 into model nwt
I0114 20:57:45.007596  7632 cuckoo_watch.h:44] 173ms in ProcessBatch(my_collection_batches\aaaaaj.batch) [including 8ms in LoadMessage; 6ms in InitializeSparseNdw; 67ms in InferThetaAndUpdateNwtSparse; 79ms in CalculateScore(^^^ItemsProcessedScore^^^); ]
I0114 20:57:45.032388  7632 processor.cc:742] Processor: start processing batch 62fa4011-6e18-41b9-a9a1-761b1b63702c into model nwt
I0114 20:57:45.157101  4312 processor.cc:830] Processor: complete processing batch dc7a59d1-4db2-418b-a929-4b5251e92258 into model nwt
I0114 20:57:45.160128  4312 cuckoo_watch.h:44] 286ms in ProcessBatch(my_collection_batches\aaaaal.batch) [including 13ms in LoadMessage; 20ms in InitializeSparseNdw; 143ms in InferThetaAndUpdateNwtSparse; 101ms in CalculateScore(^^^ItemsProcessedScore^^^); ]
I0114 20:57:45.174787  4312 processor.cc:742] Processor: start processing batch 007ca9af-ccd4-44e5-bbd1-09f615629518 into model nwt
I0114 20:57:45.178314  7172 processor.cc:830] Processor: complete processing batch 2b2a7ef9-4407-4e4f-9370-cb64e729c8c5 into model nwt
I0114 20:57:45.181344  7172 cuckoo_watch.h:44] 317ms in ProcessBatch(my_collection_batches\aaaaak.batch) [including 24ms in LoadMessage; 15ms in InitializeSparseNdw; 152ms in InferThetaAndUpdateNwtSparse; 118ms in CalculateScore(^^^ItemsProcessedScore^^^); ]
I0114 20:57:45.195019  7172 processor.cc:742] Processor: start processing batch 362c4d96-9683-47eb-90f9-80588e66a48a into model nwt
I0114 20:57:45.220259  7432 processor.cc:830] Processor: complete processing batch 3ca93cb1-e345-4aa9-ad67-8d560363449a into model nwt
I0114 20:57:45.223289  7432 cuckoo_watch.h:44] 340ms in ProcessBatch(my_collection_batches\aaaaam.batch) [including 15ms in LoadMessage; 26ms in InitializeSparseNdw; 165ms in InferThetaAndUpdateNwtSparse; 124ms in CalculateScore(^^^ItemsProcessedScore^^^); ]
I0114 20:57:45.230374  7432 processor.cc:742] Processor: start processing batch 821e5e0a-23ef-4f10-88d3-4c17d018c748 into model nwt
I0114 20:57:45.267850  7432 processor.cc:830] Processor: complete processing batch 821e5e0a-23ef-4f10-88d3-4c17d018c748 into model nwt
I0114 20:57:45.268863  7432 cuckoo_watch.h:44] 45ms in ProcessBatch(my_collection_batches\aaaaaq.batch) [including 3ms in LoadMessage; 1ms in InitializeSparseNdw; 18ms in InferThetaAndUpdateNwtSparse; 16ms in CalculateScore(^^^ItemsProcessedScore^^^); ]
I0114 20:57:45.296113  7432 processor.cc:742] Processor: start processing batch c3576c1a-44d7-4c5e-92f3-b0455a100686 into model nwt
I0114 20:57:45.301698  7632 processor.cc:830] Processor: complete processing batch 62fa4011-6e18-41b9-a9a1-761b1b63702c into model nwt
I0114 20:57:45.304726  7632 cuckoo_watch.h:44] 296ms in ProcessBatch(my_collection_batches\aaaaan.batch) [including 20ms in LoadMessage; 13ms in InitializeSparseNdw; 131ms in InferThetaAndUpdateNwtSparse; 123ms in CalculateScore(^^^ItemsProcessedScore^^^); ]
I0114 20:57:45.304726  7432 processor.cc:830] Processor: complete processing batch c3576c1a-44d7-4c5e-92f3-b0455a100686 into model nwt
I0114 20:57:45.305231  7432 cuckoo_watch.h:44] 35ms in ProcessBatch(my_collection_batches\aaaaar.batch) [including 4ms in LoadMessage; 0ms in InitializeSparseNdw; 3ms in InferThetaAndUpdateNwtSparse; 3ms in CalculateScore(^^^ItemsProcessedScore^^^); ]
I0114 20:57:45.382377  4312 processor.cc:830] Processor: complete processing batch 007ca9af-ccd4-44e5-bbd1-09f615629518 into model nwt
I0114 20:57:45.384898  4312 cuckoo_watch.h:44] 224ms in ProcessBatch(my_collection_batches\aaaaao.batch) [including 10ms in LoadMessage; 28ms in InitializeSparseNdw; 109ms in InferThetaAndUpdateNwtSparse; 69ms in CalculateScore(^^^ItemsProcessedScore^^^); ]
I0114 20:57:45.391459  7172 processor.cc:830] Processor: complete processing batch 362c4d96-9683-47eb-90f9-80588e66a48a into model nwt
I0114 20:57:45.394486  7172 cuckoo_watch.h:44] 212ms in ProcessBatch(my_collection_batches\aaaaap.batch) [including 10ms in LoadMessage; 8ms in InitializeSparseNdw; 122ms in InferThetaAndUpdateNwtSparse; 64ms in CalculateScore(^^^ItemsProcessedScore^^^); ]
I0114 20:57:45.397006  5684 master_component.cc:1200] RegularizeModelArgs: rwt_target_name=rwt, pwt_source_name=pwt, nwt_source_name=nwt
I0114 20:57:45.397006  5684 master_component.cc:785] MasterComponent: start regularizing model pwt
I0114 20:57:45.424254  7432 processor.cc:659] No data in processing queue, waiting...
I0114 20:57:45.424254  7632 processor.cc:659] No data in processing queue, waiting...
I0114 20:57:45.464277  4312 processor.cc:659] No data in processing queue, waiting...
I0114 20:57:45.495030  7172 processor.cc:659] No data in processing queue, waiting...
I0114 20:57:45.541380 12100 c_interface.cc:523] Pass GetScoreValueArgs, score_name=^^^ItemsProcessedScore^^^ to MasterComponent::Request
I0114 20:57:45.541380 12100 c_interface.cc:205] ArtmCopyRequestedMessage is copying 54 bytes...
I0114 20:57:45.735090  5684 master_component.cc:808] MasterComponent: complete regularizing model pwt
I0114 20:57:45.735090  5684 master_component.cc:1211] NormalizeModelArgs: pwt_target_name=pwt, nwt_source_name=nwt, rwt_source_name=rwt
I0114 20:57:45.735090  5684 master_component.cc:812] MasterComponent: start normalizing model nwt
I0114 20:57:45.931493  5684 master_component.cc:834] MasterComponent: complete normalizing model nwt
I0114 20:57:46.548840 12100 c_interface.cc:523] Pass GetScoreValueArgs, score_name=^^^ItemsProcessedScore^^^ to MasterComponent::Request
I0114 20:57:46.548840 12100 c_interface.cc:205] ArtmCopyRequestedMessage is copying 54 bytes...
I0114 20:57:46.725586  5684 master_component.cc:1235] DisposeModel rwt
I0114 20:57:46.770045  5684 master_component.cc:858] FitOffline: ItemsProcessed, num_items=1728, num_batches=18, token_weight=808522, token_weight_in_effect=808522
I0114 20:57:46.774592 12100 c_interface.cc:523] Pass GetScoreValueArgs, score_name=^^^ItemsProcessedScore^^^ to MasterComponent::Request
I0114 20:57:46.774592 12100 c_interface.cc:205] ArtmCopyRequestedMessage is copying 54 bytes...
I0114 20:57:46.776106  5684 c_interface.cc:359] Pass FitOfflineMasterModelArgs, batch_filename_size=18, batch_weight_size=18, num_collection_passes=1 to void (__cdecl artm::core::MasterComponent::*)(class artm::FitOfflineMasterModelArgs const & __ptr64) __ptr64
I0114 20:57:46.776106  5684 master_component.cc:1162] ProcessBatchesArgs: nwt_target_name=nwt, batch_filename_size=18, batch_size=0, batch_weight_size=18, pwt_source_name=pwt, num_document_passes=1, regularizer=(name:SparsePhi, tau:100000), class=(text:1), class=(author:1), reuse_theta=no, opt_for_avx=yes, predict_class_id=
I0114 20:57:46.916529  7172 processor.cc:666] Processing queue has data, processing started
I0114 20:57:46.916529  7432 processor.cc:666] Processing queue has data, processing started
I0114 20:57:46.916529  4312 processor.cc:666] Processing queue has data, processing started
I0114 20:57:46.923095  7432 processor.cc:742] Processor: start processing batch 3f0adc45-73a4-4892-ad0a-924ce77565a5 into model nwt
I0114 20:57:46.924608  7172 processor.cc:742] Processor: start processing batch 321624d2-1a16-45bd-93da-2f2b34bf30d8 into model nwt
I0114 20:57:46.931658  7632 processor.cc:666] Processing queue has data, processing started
I0114 20:57:46.936211  4312 processor.cc:742] Processor: start processing batch 2eed1b87-816c-4d74-a8e6-6a60f5eda3a3 into model nwt
I0114 20:57:46.941270  7632 processor.cc:742] Processor: start processing batch e9639e9d-f8bc-45e7-9d6f-e03d79918efc into model nwt
I0114 20:57:46.957450  7432 processor.cc:830] Processor: complete processing batch 3f0adc45-73a4-4892-ad0a-924ce77565a5 into model nwt
I0114 20:57:46.958464  7432 cuckoo_watch.h:44] 41ms in ProcessBatch(my_collection_batches\aaaaaa.batch) [including 3ms in LoadMessage; 1ms in InitializeSparseNdw; 21ms in InferThetaAndUpdateNwtSparse; 10ms in CalculateScore(^^^ItemsProcessedScore^^^); ]
I0114 20:57:46.966569  7432 processor.cc:742] Processor: start processing batch 723a8c1b-c767-4aa5-a5a3-6d7e487072a5 into model nwt
I0114 20:57:46.992777  4312 processor.cc:830] Processor: complete processing batch 2eed1b87-816c-4d74-a8e6-6a60f5eda3a3 into model nwt
I0114 20:57:46.992777  7172 processor.cc:830] Processor: complete processing batch 321624d2-1a16-45bd-93da-2f2b34bf30d8 into model nwt
I0114 20:57:46.994290  7172 cuckoo_watch.h:44] 77ms in ProcessBatch(my_collection_batches\aaaaab.batch) [including 4ms in LoadMessage; 2ms in InitializeSparseNdw; 33ms in InferThetaAndUpdateNwtSparse; 22ms in CalculateScore(^^^ItemsProcessedScore^^^); ]
I0114 20:57:46.994290  4312 cuckoo_watch.h:44] 77ms in ProcessBatch(my_collection_batches\aaaaac.batch) [including 16ms in LoadMessage; 3ms in InitializeSparseNdw; 30ms in InferThetaAndUpdateNwtSparse; 21ms in CalculateScore(^^^ItemsProcessedScore^^^); ]
I0114 20:57:47.003877  7172 processor.cc:742] Processor: start processing batch cf355908-b9c8-44dc-ae13-7da92e1de92d into model nwt
I0114 20:57:47.006402  7632 processor.cc:830] Processor: complete processing batch e9639e9d-f8bc-45e7-9d6f-e03d79918efc into model nwt
I0114 20:57:47.007915  7632 cuckoo_watch.h:44] 75ms in ProcessBatch(my_collection_batches\aaaaad.batch) [including 5ms in LoadMessage; 2ms in InitializeSparseNdw; 33ms in InferThetaAndUpdateNwtSparse; 28ms in CalculateScore(^^^ItemsProcessedScore^^^); ]
I0114 20:57:47.018034  7632 processor.cc:742] Processor: start processing batch 10a7bd17-295f-4623-aa39-2a5eb5d26d8a into model nwt
I0114 20:57:47.041821  7432 processor.cc:830] Processor: complete processing batch 723a8c1b-c767-4aa5-a5a3-6d7e487072a5 into model nwt
I0114 20:57:47.043334  7432 cuckoo_watch.h:44] 84ms in ProcessBatch(my_collection_batches\aaaaae.batch) [including 4ms in LoadMessage; 3ms in InitializeSparseNdw; 44ms in InferThetaAndUpdateNwtSparse; 26ms in CalculateScore(^^^ItemsProcessedScore^^^); ]
I0114 20:57:47.064512  7172 processor.cc:830] Processor: complete processing batch cf355908-b9c8-44dc-ae13-7da92e1de92d into model nwt
I0114 20:57:47.066529  7172 cuckoo_watch.h:44] 72ms in ProcessBatch(my_collection_batches\aaaaaf.batch) [including 5ms in LoadMessage; 2ms in InitializeSparseNdw; 33ms in InferThetaAndUpdateNwtSparse; 24ms in CalculateScore(^^^ItemsProcessedScore^^^); ]
I0114 20:57:47.084367  7632 processor.cc:830] Processor: complete processing batch 10a7bd17-295f-4623-aa39-2a5eb5d26d8a into model nwt
I0114 20:57:47.086388  7632 cuckoo_watch.h:44] 78ms in ProcessBatch(my_collection_batches\aaaaah.batch) [including 6ms in LoadMessage; 3ms in InitializeSparseNdw; 35ms in InferThetaAndUpdateNwtSparse; 26ms in CalculateScore(^^^ItemsProcessedScore^^^); ]
I0114 20:57:47.657025  4312 processor.cc:742] Processor: start processing batch 24d44c58-2b77-4a88-886c-62371e897d08 into model nwt
I0114 20:57:47.659564  7432 processor.cc:742] Processor: start processing batch 61fecc89-c9e3-4b6a-8849-b47f48ea3dda into model nwt
I0114 20:57:47.665127  7172 processor.cc:742] Processor: start processing batch d90bc839-366b-483a-a2d9-00f0379d53c5 into model nwt
I0114 20:57:47.718101  7432 processor.cc:830] Processor: complete processing batch 61fecc89-c9e3-4b6a-8849-b47f48ea3dda into model nwt
I0114 20:57:47.720122  7432 cuckoo_watch.h:44] 676ms in ProcessBatch(my_collection_batches\aaaaai.batch) [including 612ms in LoadMessage; 2ms in InitializeSparseNdw; 29ms in InferThetaAndUpdateNwtSparse; 25ms in CalculateScore(^^^ItemsProcessedScore^^^); ]
I0114 20:57:47.738330  7432 processor.cc:742] Processor: start processing batch dc7a59d1-4db2-418b-a929-4b5251e92258 into model nwt
I0114 20:57:47.740861  4312 processor.cc:830] Processor: complete processing batch 24d44c58-2b77-4a88-886c-62371e897d08 into model nwt
I0114 20:57:47.742882  4312 cuckoo_watch.h:44] 748ms in ProcessBatch(my_collection_batches\aaaaag.batch) [including 659ms in LoadMessage; 4ms in InitializeSparseNdw; 38ms in InferThetaAndUpdateNwtSparse; 40ms in CalculateScore(^^^ItemsProcessedScore^^^); ]
I0114 20:57:47.781812 12100 c_interface.cc:523] Pass GetScoreValueArgs, score_name=^^^ItemsProcessedScore^^^ to MasterComponent::Request
I0114 20:57:47.782318 12100 c_interface.cc:205] ArtmCopyRequestedMessage is copying 54 bytes...
I0114 20:57:47.785344  7172 processor.cc:830] Processor: complete processing batch d90bc839-366b-483a-a2d9-00f0379d53c5 into model nwt
I0114 20:57:47.787865  7172 cuckoo_watch.h:44] 721ms in ProcessBatch(my_collection_batches\aaaaaj.batch) [including 595ms in LoadMessage; 6ms in InitializeSparseNdw; 61ms in InferThetaAndUpdateNwtSparse; 51ms in CalculateScore(^^^ItemsProcessedScore^^^); ]
I0114 20:57:47.803627  7632 processor.cc:742] Processor: start processing batch 2b2a7ef9-4407-4e4f-9370-cb64e729c8c5 into model nwt
I0114 20:57:47.805672  7172 processor.cc:742] Processor: start processing batch 62fa4011-6e18-41b9-a9a1-761b1b63702c into model nwt
I0114 20:57:47.900719  4312 processor.cc:742] Processor: start processing batch 3ca93cb1-e345-4aa9-ad67-8d560363449a into model nwt
I0114 20:57:47.998885  7432 processor.cc:830] Processor: complete processing batch dc7a59d1-4db2-418b-a929-4b5251e92258 into model nwt
I0114 20:57:48.009536  7432 cuckoo_watch.h:44] 289ms in ProcessBatch(my_collection_batches\aaaaal.batch) [including 14ms in LoadMessage; 14ms in InitializeSparseNdw; 101ms in InferThetaAndUpdateNwtSparse; 143ms in CalculateScore(^^^ItemsProcessedScore^^^); ]
I0114 20:57:48.050117  7432 processor.cc:742] Processor: start processing batch 007ca9af-ccd4-44e5-bbd1-09f615629518 into model nwt
I0114 20:57:48.096060  7172 processor.cc:830] Processor: complete processing batch 62fa4011-6e18-41b9-a9a1-761b1b63702c into model nwt
I0114 20:57:48.100616  7172 cuckoo_watch.h:44] 312ms in ProcessBatch(my_collection_batches\aaaaan.batch) [including 13ms in LoadMessage; 22ms in InitializeSparseNdw; 101ms in InferThetaAndUpdateNwtSparse; 166ms in CalculateScore(^^^ItemsProcessedScore^^^); ]
I0114 20:57:48.112289  7632 processor.cc:830] Processor: complete processing batch 2b2a7ef9-4407-4e4f-9370-cb64e729c8c5 into model nwt
I0114 20:57:48.120934  7172 processor.cc:742] Processor: start processing batch 362c4d96-9683-47eb-90f9-80588e66a48a into model nwt
I0114 20:57:48.142226  7632 cuckoo_watch.h:44] 1055ms in ProcessBatch(my_collection_batches\aaaaak.batch) [including 710ms in LoadMessage; 17ms in InitializeSparseNdw; 130ms in InferThetaAndUpdateNwtSparse; 160ms in CalculateScore(^^^ItemsProcessedScore^^^); ]
I0114 20:57:48.149894  7632 processor.cc:742] Processor: start processing batch 821e5e0a-23ef-4f10-88d3-4c17d018c748 into model nwt
I0114 20:57:48.189921  7632 processor.cc:830] Processor: complete processing batch 821e5e0a-23ef-4f10-88d3-4c17d018c748 into model nwt
I0114 20:57:48.190930  7632 cuckoo_watch.h:44] 48ms in ProcessBatch(my_collection_batches\aaaaaq.batch) [including 3ms in LoadMessage; 5ms in InitializeSparseNdw; 18ms in InferThetaAndUpdateNwtSparse; 15ms in CalculateScore(^^^ItemsProcessedScore^^^); ]
I0114 20:57:48.195996  7632 processor.cc:742] Processor: start processing batch c3576c1a-44d7-4c5e-92f3-b0455a100686 into model nwt
I0114 20:57:48.203059  7632 processor.cc:830] Processor: complete processing batch c3576c1a-44d7-4c5e-92f3-b0455a100686 into model nwt
I0114 20:57:48.203565  7632 cuckoo_watch.h:44] 12ms in ProcessBatch(my_collection_batches\aaaaar.batch) [including 1ms in LoadMessage; 0ms in InitializeSparseNdw; 3ms in InferThetaAndUpdateNwtSparse; 2ms in CalculateScore(^^^ItemsProcessedScore^^^); ]
I0114 20:57:48.223280  4312 processor.cc:830] Processor: complete processing batch 3ca93cb1-e345-4aa9-ad67-8d560363449a into model nwt
I0114 20:57:48.226815  4312 cuckoo_watch.h:44] 483ms in ProcessBatch(my_collection_batches\aaaaam.batch) [including 154ms in LoadMessage; 16ms in InitializeSparseNdw; 185ms in InferThetaAndUpdateNwtSparse; 120ms in CalculateScore(^^^ItemsProcessedScore^^^); ]
I0114 20:57:48.241585  7432 processor.cc:830] Processor: complete processing batch 007ca9af-ccd4-44e5-bbd1-09f615629518 into model nwt
I0114 20:57:48.244163  7432 cuckoo_watch.h:44] 234ms in ProcessBatch(my_collection_batches\aaaaao.batch) [including 37ms in LoadMessage; 13ms in InitializeSparseNdw; 110ms in InferThetaAndUpdateNwtSparse; 67ms in CalculateScore(^^^ItemsProcessedScore^^^); ]
I0114 20:57:48.267689  7172 processor.cc:830] Processor: complete processing batch 362c4d96-9683-47eb-90f9-80588e66a48a into model nwt
I0114 20:57:48.269757  7172 cuckoo_watch.h:44] 169ms in ProcessBatch(my_collection_batches\aaaaap.batch) [including 15ms in LoadMessage; 12ms in InitializeSparseNdw; 72ms in InferThetaAndUpdateNwtSparse; 60ms in CalculateScore(^^^ItemsProcessedScore^^^); ]
I0114 20:57:48.274451  5684 master_component.cc:1200] RegularizeModelArgs: rwt_target_name=rwt, pwt_source_name=pwt, nwt_source_name=nwt
I0114 20:57:48.274451  5684 master_component.cc:785] MasterComponent: start regularizing model pwt
I0114 20:57:48.386968  7632 processor.cc:659] No data in processing queue, waiting...
I0114 20:57:48.390501  4312 processor.cc:659] No data in processing queue, waiting...
I0114 20:57:48.398066  7432 processor.cc:659] No data in processing queue, waiting...
I0114 20:57:48.403118  7172 processor.cc:659] No data in processing queue, waiting...
I0114 20:57:48.672075  5684 master_component.cc:808] MasterComponent: complete regularizing model pwt
I0114 20:57:48.672075  5684 master_component.cc:1211] NormalizeModelArgs: pwt_target_name=pwt, nwt_source_name=nwt, rwt_source_name=rwt
I0114 20:57:48.672075  5684 master_component.cc:812] MasterComponent: start normalizing model nwt
I0114 20:57:48.789448 12100 c_interface.cc:523] Pass GetScoreValueArgs, score_name=^^^ItemsProcessedScore^^^ to MasterComponent::Request
I0114 20:57:48.789448 12100 c_interface.cc:205] ArtmCopyRequestedMessage is copying 54 bytes...
I0114 20:57:48.890311  5684 master_component.cc:834] MasterComponent: complete normalizing model nwt
I0114 20:57:49.596457  5684 master_component.cc:1235] DisposeModel rwt
I0114 20:57:49.616786  5684 master_component.cc:858] FitOffline: ItemsProcessed, num_items=1728, num_batches=18, token_weight=808522, token_weight_in_effect=808522
I0114 20:57:49.641706 12100 c_interface.cc:523] Pass GetScoreValueArgs, score_name=^^^ItemsProcessedScore^^^ to MasterComponent::Request
I0114 20:57:49.641706 12100 c_interface.cc:205] ArtmCopyRequestedMessage is copying 54 bytes...
I0114 20:57:49.643731  5684 c_interface.cc:359] Pass FitOfflineMasterModelArgs, batch_filename_size=18, batch_weight_size=18, num_collection_passes=1 to void (__cdecl artm::core::MasterComponent::*)(class artm::FitOfflineMasterModelArgs const & __ptr64) __ptr64
I0114 20:57:49.643731  5684 master_component.cc:1162] ProcessBatchesArgs: nwt_target_name=nwt, batch_filename_size=18, batch_size=0, batch_weight_size=18, pwt_source_name=pwt, num_document_passes=1, regularizer=(name:SparsePhi, tau:100000), class=(text:1), class=(author:1), reuse_theta=no, opt_for_avx=yes, predict_class_id=
I0114 20:57:49.780339  7432 processor.cc:666] Processing queue has data, processing started
I0114 20:57:49.786401  7432 processor.cc:742] Processor: start processing batch 3f0adc45-73a4-4892-ad0a-924ce77565a5 into model nwt
I0114 20:57:49.795482  4312 processor.cc:666] Processing queue has data, processing started
I0114 20:57:49.795482  7632 processor.cc:666] Processing queue has data, processing started
I0114 20:57:49.803071  7172 processor.cc:666] Processing queue has data, processing started
I0114 20:57:49.803580  4312 processor.cc:742] Processor: start processing batch 321624d2-1a16-45bd-93da-2f2b34bf30d8 into model nwt
I0114 20:57:49.812180  7172 processor.cc:742] Processor: start processing batch e9639e9d-f8bc-45e7-9d6f-e03d79918efc into model nwt
I0114 20:57:49.815225  7632 processor.cc:742] Processor: start processing batch 2eed1b87-816c-4d74-a8e6-6a60f5eda3a3 into model nwt
I0114 20:57:49.818768  7432 processor.cc:830] Processor: complete processing batch 3f0adc45-73a4-4892-ad0a-924ce77565a5 into model nwt
I0114 20:57:49.819784  7432 cuckoo_watch.h:44] 39ms in ProcessBatch(my_collection_batches\aaaaaa.batch) [including 2ms in LoadMessage; 1ms in InitializeSparseNdw; 12ms in InferThetaAndUpdateNwtSparse; 18ms in CalculateScore(^^^ItemsProcessedScore^^^); ]
I0114 20:57:49.828423  7432 processor.cc:742] Processor: start processing batch 723a8c1b-c767-4aa5-a5a3-6d7e487072a5 into model nwt
I0114 20:57:49.869367  7172 processor.cc:830] Processor: complete processing batch e9639e9d-f8bc-45e7-9d6f-e03d79918efc into model nwt
I0114 20:57:49.871387  7172 cuckoo_watch.h:44] 67ms in ProcessBatch(my_collection_batches\aaaaad.batch) [including 5ms in LoadMessage; 3ms in InitializeSparseNdw; 27ms in InferThetaAndUpdateNwtSparse; 25ms in CalculateScore(^^^ItemsProcessedScore^^^); ]
I0114 20:57:49.875926  7632 processor.cc:830] Processor: complete processing batch 2eed1b87-816c-4d74-a8e6-6a60f5eda3a3 into model nwt
I0114 20:57:49.877444  7632 cuckoo_watch.h:44] 82ms in ProcessBatch(my_collection_batches\aaaaac.batch) [including 16ms in LoadMessage; 3ms in InitializeSparseNdw; 33ms in InferThetaAndUpdateNwtSparse; 23ms in CalculateScore(^^^ItemsProcessedScore^^^); ]
I0114 20:57:49.877444  4312 processor.cc:830] Processor: complete processing batch 321624d2-1a16-45bd-93da-2f2b34bf30d8 into model nwt
I0114 20:57:49.877444  7432 processor.cc:830] Processor: complete processing batch 723a8c1b-c767-4aa5-a5a3-6d7e487072a5 into model nwt
I0114 20:57:49.878960  4312 cuckoo_watch.h:44] 83ms in ProcessBatch(my_collection_batches\aaaaab.batch) [including 4ms in LoadMessage; 2ms in InitializeSparseNdw; 28ms in InferThetaAndUpdateNwtSparse; 42ms in CalculateScore(^^^ItemsProcessedScore^^^); ]
I0114 20:57:49.878960  7432 cuckoo_watch.h:44] 59ms in ProcessBatch(my_collection_batches\aaaaae.batch) [including 4ms in LoadMessage; 2ms in InitializeSparseNdw; 27ms in InferThetaAndUpdateNwtSparse; 18ms in CalculateScore(^^^ItemsProcessedScore^^^); ]
I0114 20:57:49.880492  7172 processor.cc:742] Processor: start processing batch cf355908-b9c8-44dc-ae13-7da92e1de92d into model nwt
I0114 20:57:49.889622  4312 processor.cc:742] Processor: start processing batch 10a7bd17-295f-4623-aa39-2a5eb5d26d8a into model nwt
I0114 20:57:49.890641  7432 processor.cc:742] Processor: start processing batch 61fecc89-c9e3-4b6a-8849-b47f48ea3dda into model nwt
I0114 20:57:49.907379  7632 processor.cc:742] Processor: start processing batch 24d44c58-2b77-4a88-886c-62371e897d08 into model nwt
I0114 20:57:49.974192  7432 processor.cc:830] Processor: complete processing batch 61fecc89-c9e3-4b6a-8849-b47f48ea3dda into model nwt
I0114 20:57:49.975710  7432 cuckoo_watch.h:44] 96ms in ProcessBatch(my_collection_batches\aaaaai.batch) [including 7ms in LoadMessage; 3ms in InitializeSparseNdw; 52ms in InferThetaAndUpdateNwtSparse; 27ms in CalculateScore(^^^ItemsProcessedScore^^^); ]
I0114 20:57:49.980252  7172 processor.cc:830] Processor: complete processing batch cf355908-b9c8-44dc-ae13-7da92e1de92d into model nwt
I0114 20:57:49.981762  7172 cuckoo_watch.h:44] 110ms in ProcessBatch(my_collection_batches\aaaaaf.batch) [including 5ms in LoadMessage; 24ms in InitializeSparseNdw; 28ms in InferThetaAndUpdateNwtSparse; 45ms in CalculateScore(^^^ItemsProcessedScore^^^); ]
I0114 20:57:49.987830  7432 processor.cc:742] Processor: start processing batch d90bc839-366b-483a-a2d9-00f0379d53c5 into model nwt
I0114 20:57:49.992369  4312 processor.cc:830] Processor: complete processing batch 10a7bd17-295f-4623-aa39-2a5eb5d26d8a into model nwt
I0114 20:57:49.993880  4312 cuckoo_watch.h:44] 114ms in ProcessBatch(my_collection_batches\aaaaah.batch) [including 6ms in LoadMessage; 3ms in InitializeSparseNdw; 55ms in InferThetaAndUpdateNwtSparse; 42ms in CalculateScore(^^^ItemsProcessedScore^^^); ]
I0114 20:57:49.999950  7172 processor.cc:742] Processor: start processing batch 2b2a7ef9-4407-4e4f-9370-cb64e729c8c5 into model nwt
I0114 20:57:50.012580  7632 processor.cc:830] Processor: complete processing batch 24d44c58-2b77-4a88-886c-62371e897d08 into model nwt
I0114 20:57:50.014602  7632 cuckoo_watch.h:44] 136ms in ProcessBatch(my_collection_batches\aaaaag.batch) [including 26ms in LoadMessage; 4ms in InitializeSparseNdw; 46ms in InferThetaAndUpdateNwtSparse; 53ms in CalculateScore(^^^ItemsProcessedScore^^^); ]
I0114 20:57:50.025259  4312 processor.cc:742] Processor: start processing batch dc7a59d1-4db2-418b-a929-4b5251e92258 into model nwt
I0114 20:57:50.034905  7632 processor.cc:742] Processor: start processing batch 3ca93cb1-e345-4aa9-ad67-8d560363449a into model nwt
I0114 20:57:50.154193  7432 processor.cc:830] Processor: complete processing batch d90bc839-366b-483a-a2d9-00f0379d53c5 into model nwt
I0114 20:57:50.157253  7432 cuckoo_watch.h:44] 181ms in ProcessBatch(my_collection_batches\aaaaaj.batch) [including 8ms in LoadMessage; 22ms in InitializeSparseNdw; 67ms in InferThetaAndUpdateNwtSparse; 75ms in CalculateScore(^^^ItemsProcessedScore^^^); ]
I0114 20:57:50.174947  7432 processor.cc:742] Processor: start processing batch 62fa4011-6e18-41b9-a9a1-761b1b63702c into model nwt
I0114 20:57:50.272001  7172 processor.cc:830] Processor: complete processing batch 2b2a7ef9-4407-4e4f-9370-cb64e729c8c5 into model nwt
I0114 20:57:50.275527  7172 cuckoo_watch.h:44] 293ms in ProcessBatch(my_collection_batches\aaaaak.batch) [including 14ms in LoadMessage; 14ms in InitializeSparseNdw; 151ms in InferThetaAndUpdateNwtSparse; 105ms in CalculateScore(^^^ItemsProcessedScore^^^); ]
I0114 20:57:50.284113  4312 processor.cc:830] Processor: complete processing batch dc7a59d1-4db2-418b-a929-4b5251e92258 into model nwt
I0114 20:57:50.287140  4312 cuckoo_watch.h:44] 293ms in ProcessBatch(my_collection_batches\aaaaal.batch) [including 27ms in LoadMessage; 15ms in InitializeSparseNdw; 122ms in InferThetaAndUpdateNwtSparse; 120ms in CalculateScore(^^^ItemsProcessedScore^^^); ]
I0114 20:57:50.296757  7172 processor.cc:742] Processor: start processing batch 007ca9af-ccd4-44e5-bbd1-09f615629518 into model nwt
I0114 20:57:50.304365  4312 processor.cc:742] Processor: start processing batch 362c4d96-9683-47eb-90f9-80588e66a48a into model nwt
I0114 20:57:50.320540  7632 processor.cc:830] Processor: complete processing batch 3ca93cb1-e345-4aa9-ad67-8d560363449a into model nwt
I0114 20:57:50.323571  7632 cuckoo_watch.h:44] 309ms in ProcessBatch(my_collection_batches\aaaaam.batch) [including 16ms in LoadMessage; 15ms in InitializeSparseNdw; 151ms in InferThetaAndUpdateNwtSparse; 118ms in CalculateScore(^^^ItemsProcessedScore^^^); ]
I0114 20:57:50.331697  7632 processor.cc:742] Processor: start processing batch 821e5e0a-23ef-4f10-88d3-4c17d018c748 into model nwt
I0114 20:57:50.369802  7632 processor.cc:830] Processor: complete processing batch 821e5e0a-23ef-4f10-88d3-4c17d018c748 into model nwt
I0114 20:57:50.370812  7632 cuckoo_watch.h:44] 47ms in ProcessBatch(my_collection_batches\aaaaaq.batch) [including 3ms in LoadMessage; 2ms in InitializeSparseNdw; 19ms in InferThetaAndUpdateNwtSparse; 15ms in CalculateScore(^^^ItemsProcessedScore^^^); ]
I0114 20:57:50.375370  7632 processor.cc:742] Processor: start processing batch c3576c1a-44d7-4c5e-92f3-b0455a100686 into model nwt
I0114 20:57:50.383452  7632 processor.cc:830] Processor: complete processing batch c3576c1a-44d7-4c5e-92f3-b0455a100686 into model nwt
I0114 20:57:50.383958  7632 cuckoo_watch.h:44] 12ms in ProcessBatch(my_collection_batches\aaaaar.batch) [including 1ms in LoadMessage; 0ms in InitializeSparseNdw; 3ms in InferThetaAndUpdateNwtSparse; 3ms in CalculateScore(^^^ItemsProcessedScore^^^); ]
I0114 20:57:50.402181  7432 processor.cc:830] Processor: complete processing batch 62fa4011-6e18-41b9-a9a1-761b1b63702c into model nwt
I0114 20:57:50.405218  7432 cuckoo_watch.h:44] 248ms in ProcessBatch(my_collection_batches\aaaaan.batch) [including 14ms in LoadMessage; 12ms in InitializeSparseNdw; 115ms in InferThetaAndUpdateNwtSparse; 98ms in CalculateScore(^^^ItemsProcessedScore^^^); ]
I0114 20:57:50.455802  7172 processor.cc:830] Processor: complete processing batch 007ca9af-ccd4-44e5-bbd1-09f615629518 into model nwt
I0114 20:57:50.457316  4312 processor.cc:830] Processor: complete processing batch 362c4d96-9683-47eb-90f9-80588e66a48a into model nwt
I0114 20:57:50.458328  7172 cuckoo_watch.h:44] 182ms in ProcessBatch(my_collection_batches\aaaaao.batch) [including 17ms in LoadMessage; 10ms in InitializeSparseNdw; 78ms in InferThetaAndUpdateNwtSparse; 69ms in CalculateScore(^^^ItemsProcessedScore^^^); ]
I0114 20:57:50.460350  4312 cuckoo_watch.h:44] 172ms in ProcessBatch(my_collection_batches\aaaaap.batch) [including 13ms in LoadMessage; 9ms in InitializeSparseNdw; 81ms in InferThetaAndUpdateNwtSparse; 62ms in CalculateScore(^^^ItemsProcessedScore^^^); ]
I0114 20:57:50.460855  5684 master_component.cc:1200] RegularizeModelArgs: rwt_target_name=rwt, pwt_source_name=pwt, nwt_source_name=nwt
I0114 20:57:50.460855  5684 master_component.cc:785] MasterComponent: start regularizing model pwt
I0114 20:57:50.515950  7632 processor.cc:659] No data in processing queue, waiting...
I0114 20:57:50.531103  7432 processor.cc:659] No data in processing queue, waiting...
I0114 20:57:50.638962  7172 processor.cc:659] No data in processing queue, waiting...
I0114 20:57:50.642515  4312 processor.cc:659] No data in processing queue, waiting...
I0114 20:57:50.642515 12100 c_interface.cc:523] Pass GetScoreValueArgs, score_name=^^^ItemsProcessedScore^^^ to MasterComponent::Request
I0114 20:57:50.643023 12100 c_interface.cc:205] ArtmCopyRequestedMessage is copying 54 bytes...
I0114 20:57:50.829053  5684 master_component.cc:808] MasterComponent: complete regularizing model pwt
I0114 20:57:50.829053  5684 master_component.cc:1211] NormalizeModelArgs: pwt_target_name=pwt, nwt_source_name=nwt, rwt_source_name=rwt
I0114 20:57:50.829053  5684 master_component.cc:812] MasterComponent: start normalizing model nwt
I0114 20:57:51.026762  5684 master_component.cc:834] MasterComponent: complete normalizing model nwt
I0114 20:57:51.643937 12100 c_interface.cc:523] Pass GetScoreValueArgs, score_name=^^^ItemsProcessedScore^^^ to MasterComponent::Request
I0114 20:57:51.644441 12100 c_interface.cc:205] ArtmCopyRequestedMessage is copying 54 bytes...
I0114 20:57:51.722793  5684 master_component.cc:1235] DisposeModel rwt
I0114 20:57:51.742202  5684 master_component.cc:858] FitOffline: ItemsProcessed, num_items=1728, num_batches=18, token_weight=808522, token_weight_in_effect=808522
I0114 20:57:51.772579 12100 c_interface.cc:523] Pass GetScoreValueArgs, score_name=^^^ItemsProcessedScore^^^ to MasterComponent::Request
I0114 20:57:51.772579 12100 c_interface.cc:205] ArtmCopyRequestedMessage is copying 54 bytes...
I0114 20:57:51.774601  5684 c_interface.cc:359] Pass FitOfflineMasterModelArgs, batch_filename_size=18, batch_weight_size=18, num_collection_passes=1 to void (__cdecl artm::core::MasterComponent::*)(class artm::FitOfflineMasterModelArgs const & __ptr64) __ptr64
I0114 20:57:51.774601  5684 master_component.cc:1162] ProcessBatchesArgs: nwt_target_name=nwt, batch_filename_size=18, batch_size=0, batch_weight_size=18, pwt_source_name=pwt, num_document_passes=1, regularizer=(name:SparsePhi, tau:100000), class=(text:1), class=(author:1), reuse_theta=no, opt_for_avx=yes, predict_class_id=
I0114 20:57:51.915591  7172 processor.cc:666] Processing queue has data, processing started
I0114 20:57:51.915591  7432 processor.cc:666] Processing queue has data, processing started
I0114 20:57:51.915591  7632 processor.cc:666] Processing queue has data, processing started
I0114 20:57:51.915591  4312 processor.cc:666] Processing queue has data, processing started
I0114 20:57:51.922180  7632 processor.cc:742] Processor: start processing batch 3f0adc45-73a4-4892-ad0a-924ce77565a5 into model nwt
I0114 20:57:51.924218  7432 processor.cc:742] Processor: start processing batch 2eed1b87-816c-4d74-a8e6-6a60f5eda3a3 into model nwt
I0114 20:57:51.925235  7172 processor.cc:742] Processor: start processing batch 321624d2-1a16-45bd-93da-2f2b34bf30d8 into model nwt
I0114 20:57:51.931808  4312 processor.cc:742] Processor: start processing batch e9639e9d-f8bc-45e7-9d6f-e03d79918efc into model nwt
I0114 20:57:51.947006  7632 processor.cc:830] Processor: complete processing batch 3f0adc45-73a4-4892-ad0a-924ce77565a5 into model nwt
I0114 20:57:51.948019  7632 cuckoo_watch.h:44] 32ms in ProcessBatch(my_collection_batches\aaaaaa.batch) [including 2ms in LoadMessage; 1ms in InitializeSparseNdw; 12ms in InferThetaAndUpdateNwtSparse; 10ms in CalculateScore(^^^ItemsProcessedScore^^^); ]
I0114 20:57:51.957645  7632 processor.cc:742] Processor: start processing batch 723a8c1b-c767-4aa5-a5a3-6d7e487072a5 into model nwt
I0114 20:57:51.971292  7172 processor.cc:830] Processor: complete processing batch 321624d2-1a16-45bd-93da-2f2b34bf30d8 into model nwt
I0114 20:57:51.972805  7172 cuckoo_watch.h:44] 57ms in ProcessBatch(my_collection_batches\aaaaab.batch) [including 5ms in LoadMessage; 2ms in InitializeSparseNdw; 23ms in InferThetaAndUpdateNwtSparse; 19ms in CalculateScore(^^^ItemsProcessedScore^^^); ]
I0114 20:57:51.977341  7432 processor.cc:830] Processor: complete processing batch 2eed1b87-816c-4d74-a8e6-6a60f5eda3a3 into model nwt
I0114 20:57:51.978864  7432 cuckoo_watch.h:44] 63ms in ProcessBatch(my_collection_batches\aaaaac.batch) [including 5ms in LoadMessage; 3ms in InitializeSparseNdw; 25ms in InferThetaAndUpdateNwtSparse; 23ms in CalculateScore(^^^ItemsProcessedScore^^^); ]
I0114 20:57:51.981405  7172 processor.cc:742] Processor: start processing batch cf355908-b9c8-44dc-ae13-7da92e1de92d into model nwt
I0114 20:57:51.986982  4312 processor.cc:830] Processor: complete processing batch e9639e9d-f8bc-45e7-9d6f-e03d79918efc into model nwt
I0114 20:57:51.988503  7432 processor.cc:742] Processor: start processing batch 24d44c58-2b77-4a88-886c-62371e897d08 into model nwt
I0114 20:57:51.989009  4312 cuckoo_watch.h:44] 73ms in ProcessBatch(my_collection_batches\aaaaad.batch) [including 4ms in LoadMessage; 3ms in InitializeSparseNdw; 28ms in InferThetaAndUpdateNwtSparse; 23ms in CalculateScore(^^^ItemsProcessedScore^^^); ]
I0114 20:57:52.005740  4312 processor.cc:742] Processor: start processing batch 10a7bd17-295f-4623-aa39-2a5eb5d26d8a into model nwt
I0114 20:57:52.006762  7632 processor.cc:830] Processor: complete processing batch 723a8c1b-c767-4aa5-a5a3-6d7e487072a5 into model nwt
I0114 20:57:52.023497  7632 cuckoo_watch.h:44] 75ms in ProcessBatch(my_collection_batches\aaaaae.batch) [including 5ms in LoadMessage; 2ms in InitializeSparseNdw; 23ms in InferThetaAndUpdateNwtSparse; 22ms in CalculateScore(^^^ItemsProcessedScore^^^); ]
I0114 20:57:52.032622  7632 processor.cc:742] Processor: start processing batch 61fecc89-c9e3-4b6a-8849-b47f48ea3dda into model nwt
I0114 20:57:52.079118  7432 processor.cc:830] Processor: complete processing batch 24d44c58-2b77-4a88-886c-62371e897d08 into model nwt
I0114 20:57:52.080631  7172 processor.cc:830] Processor: complete processing batch cf355908-b9c8-44dc-ae13-7da92e1de92d into model nwt
I0114 20:57:52.081136  7432 cuckoo_watch.h:44] 102ms in ProcessBatch(my_collection_batches\aaaaag.batch) [including 6ms in LoadMessage; 5ms in InitializeSparseNdw; 43ms in InferThetaAndUpdateNwtSparse; 40ms in CalculateScore(^^^ItemsProcessedScore^^^); ]
I0114 20:57:52.082147  7172 cuckoo_watch.h:44] 109ms in ProcessBatch(my_collection_batches\aaaaaf.batch) [including 5ms in LoadMessage; 3ms in InitializeSparseNdw; 39ms in InferThetaAndUpdateNwtSparse; 56ms in CalculateScore(^^^ItemsProcessedScore^^^); ]
I0114 20:57:52.094300  7432 processor.cc:742] Processor: start processing batch d90bc839-366b-483a-a2d9-00f0379d53c5 into model nwt
I0114 20:57:52.100371  7172 processor.cc:742] Processor: start processing batch 2b2a7ef9-4407-4e4f-9370-cb64e729c8c5 into model nwt
I0114 20:57:52.108455  4312 processor.cc:830] Processor: complete processing batch 10a7bd17-295f-4623-aa39-2a5eb5d26d8a into model nwt
I0114 20:57:52.109468  7632 processor.cc:830] Processor: complete processing batch 61fecc89-c9e3-4b6a-8849-b47f48ea3dda into model nwt
I0114 20:57:52.109974  4312 cuckoo_watch.h:44] 120ms in ProcessBatch(my_collection_batches\aaaaah.batch) [including 7ms in LoadMessage; 3ms in InitializeSparseNdw; 38ms in InferThetaAndUpdateNwtSparse; 59ms in CalculateScore(^^^ItemsProcessedScore^^^); ]
I0114 20:57:52.110988  7632 cuckoo_watch.h:44] 87ms in ProcessBatch(my_collection_batches\aaaaai.batch) [including 5ms in LoadMessage; 3ms in InitializeSparseNdw; 46ms in InferThetaAndUpdateNwtSparse; 26ms in CalculateScore(^^^ItemsProcessedScore^^^); ]
I0114 20:57:52.127200  4312 processor.cc:742] Processor: start processing batch dc7a59d1-4db2-418b-a929-4b5251e92258 into model nwt
I0114 20:57:52.132791  7632 processor.cc:742] Processor: start processing batch 3ca93cb1-e345-4aa9-ad67-8d560363449a into model nwt
I0114 20:57:52.257982  7432 processor.cc:830] Processor: complete processing batch d90bc839-366b-483a-a2d9-00f0379d53c5 into model nwt
I0114 20:57:52.260540  7432 cuckoo_watch.h:44] 179ms in ProcessBatch(my_collection_batches\aaaaaj.batch) [including 9ms in LoadMessage; 7ms in InitializeSparseNdw; 89ms in InferThetaAndUpdateNwtSparse; 65ms in CalculateScore(^^^ItemsProcessedScore^^^); ]
I0114 20:57:52.278735  7432 processor.cc:742] Processor: start processing batch 62fa4011-6e18-41b9-a9a1-761b1b63702c into model nwt
I0114 20:57:52.337869  7172 processor.cc:830] Processor: complete processing batch 2b2a7ef9-4407-4e4f-9370-cb64e729c8c5 into model nwt
I0114 20:57:52.340905  7172 cuckoo_watch.h:44] 258ms in ProcessBatch(my_collection_batches\aaaaak.batch) [including 14ms in LoadMessage; 18ms in InitializeSparseNdw; 118ms in InferThetaAndUpdateNwtSparse; 100ms in CalculateScore(^^^ItemsProcessedScore^^^); ]
I0114 20:57:52.359148  7172 processor.cc:742] Processor: start processing batch 007ca9af-ccd4-44e5-bbd1-09f615629518 into model nwt
I0114 20:57:52.361171  4312 processor.cc:830] Processor: complete processing batch dc7a59d1-4db2-418b-a929-4b5251e92258 into model nwt
I0114 20:57:52.364732  4312 cuckoo_watch.h:44] 254ms in ProcessBatch(my_collection_batches\aaaaal.batch) [including 13ms in LoadMessage; 18ms in InitializeSparseNdw; 113ms in InferThetaAndUpdateNwtSparse; 100ms in CalculateScore(^^^ItemsProcessedScore^^^); ]
I0114 20:57:52.378908  4312 processor.cc:742] Processor: start processing batch 362c4d96-9683-47eb-90f9-80588e66a48a into model nwt
I0114 20:57:52.433187  7632 processor.cc:830] Processor: complete processing batch 3ca93cb1-e345-4aa9-ad67-8d560363449a into model nwt
I0114 20:57:52.436723  7632 cuckoo_watch.h:44] 325ms in ProcessBatch(my_collection_batches\aaaaam.batch) [including 17ms in LoadMessage; 19ms in InitializeSparseNdw; 156ms in InferThetaAndUpdateNwtSparse; 123ms in CalculateScore(^^^ItemsProcessedScore^^^); ]
I0114 20:57:52.445878  7632 processor.cc:742] Processor: start processing batch 821e5e0a-23ef-4f10-88d3-4c17d018c748 into model nwt
I0114 20:57:52.492950  7632 processor.cc:830] Processor: complete processing batch 821e5e0a-23ef-4f10-88d3-4c17d018c748 into model nwt
I0114 20:57:52.494467  7632 cuckoo_watch.h:44] 57ms in ProcessBatch(my_collection_batches\aaaaaq.batch) [including 5ms in LoadMessage; 1ms in InitializeSparseNdw; 18ms in InferThetaAndUpdateNwtSparse; 25ms in CalculateScore(^^^ItemsProcessedScore^^^); ]
I0114 20:57:52.499032  7632 processor.cc:742] Processor: start processing batch c3576c1a-44d7-4c5e-92f3-b0455a100686 into model nwt
I0114 20:57:52.508139  7632 processor.cc:830] Processor: complete processing batch c3576c1a-44d7-4c5e-92f3-b0455a100686 into model nwt
I0114 20:57:52.509660  7632 cuckoo_watch.h:44] 15ms in ProcessBatch(my_collection_batches\aaaaar.batch) [including 1ms in LoadMessage; 0ms in InitializeSparseNdw; 5ms in InferThetaAndUpdateNwtSparse; 2ms in CalculateScore(^^^ItemsProcessedScore^^^); ]
I0114 20:57:52.509660  7432 processor.cc:830] Processor: complete processing batch 62fa4011-6e18-41b9-a9a1-761b1b63702c into model nwt
I0114 20:57:52.512686  7432 cuckoo_watch.h:44] 251ms in ProcessBatch(my_collection_batches\aaaaan.batch) [including 13ms in LoadMessage; 13ms in InitializeSparseNdw; 105ms in InferThetaAndUpdateNwtSparse; 111ms in CalculateScore(^^^ItemsProcessedScore^^^); ]
I0114 20:57:52.548622  7172 processor.cc:830] Processor: complete processing batch 007ca9af-ccd4-44e5-bbd1-09f615629518 into model nwt
I0114 20:57:52.552673  7172 cuckoo_watch.h:44] 211ms in ProcessBatch(my_collection_batches\aaaaao.batch) [including 14ms in LoadMessage; 10ms in InitializeSparseNdw; 84ms in InferThetaAndUpdateNwtSparse; 93ms in CalculateScore(^^^ItemsProcessedScore^^^); ]
I0114 20:57:52.555711  4312 processor.cc:830] Processor: complete processing batch 362c4d96-9683-47eb-90f9-80588e66a48a into model nwt
I0114 20:57:52.558241  4312 cuckoo_watch.h:44] 193ms in ProcessBatch(my_collection_batches\aaaaap.batch) [including 10ms in LoadMessage; 11ms in InitializeSparseNdw; 90ms in InferThetaAndUpdateNwtSparse; 74ms in CalculateScore(^^^ItemsProcessedScore^^^); ]
