Log file created at: 2020/01/14 22:22:53
Running on machine: DESKTOP-VOJFNUV
Log line format: [IWEF]mmdd hh:mm:ss.uuuuuu threadid file:line] msg
I0114 22:22:53.739616  6528 c_interface.cc:102] Logging enabled to .
I0114 22:22:53.741132  6528 c_interface.cc:246] Creating MasterModel (id=1)...
I0114 22:22:53.756531  6528 collection_parser.cc:534] CollectionParserConfig.num_threads is automatically set to 4
W0114 22:22:53.828413 10556 helpers.cc:211] File already exists: my_collection_batches\aaaaaa.batch
W0114 22:22:53.904500  7080 helpers.cc:211] File already exists: my_collection_batches\aaaaab.batch
W0114 22:22:53.931746 11900 helpers.cc:211] File already exists: my_collection_batches\aaaaac.batch
W0114 22:22:53.958434  8252 helpers.cc:211] File already exists: my_collection_batches\aaaaad.batch
W0114 22:22:54.026480 10556 helpers.cc:211] File already exists: my_collection_batches\aaaaae.batch
W0114 22:22:54.094497  7080 helpers.cc:211] File already exists: my_collection_batches\aaaaaf.batch
W0114 22:22:54.186691  8252 helpers.cc:211] File already exists: my_collection_batches\aaaaah.batch
W0114 22:22:54.236089 11900 helpers.cc:211] File already exists: my_collection_batches\aaaaag.batch
W0114 22:22:54.248719 10556 helpers.cc:211] File already exists: my_collection_batches\aaaaai.batch
W0114 22:22:54.536597  7080 helpers.cc:211] File already exists: my_collection_batches\aaaaaj.batch
W0114 22:22:54.946800  8252 helpers.cc:211] File already exists: my_collection_batches\aaaaak.batch
W0114 22:22:54.976071 11900 helpers.cc:211] File already exists: my_collection_batches\aaaaal.batch
W0114 22:22:55.095005 10556 helpers.cc:211] File already exists: my_collection_batches\aaaaam.batch
W0114 22:22:55.180703  7080 helpers.cc:211] File already exists: my_collection_batches\aaaaan.batch
W0114 22:22:55.226089 10556 helpers.cc:211] File already exists: my_collection_batches\aaaaaq.batch
W0114 22:22:55.241216  7080 helpers.cc:211] File already exists: my_collection_batches\aaaaar.batch
W0114 22:22:55.444880  8252 helpers.cc:211] File already exists: my_collection_batches\aaaaao.batch
W0114 22:22:55.468137 11900 helpers.cc:211] File already exists: my_collection_batches\aaaaap.batch
I0114 22:22:55.512001  6528 c_interface.cc:345] Pass b3fc124a-cb6b-44ec-8de7-c92109330242 to void (__cdecl artm::core::MasterComponent::*)(class std::basic_string<char,struct std::char_traits<char>,class std::allocator<char> > const & __ptr64) __ptr64
I0114 22:22:55.512517  6528 c_interface.cc:359] Pass GatherDictionaryArgs: dictionary_target_name=b3fc124a-cb6b-44ec-8de7-c92109330242, data_path=my_collection_batches, symmetric_cooc_values=0 to void (__cdecl artm::core::MasterComponent::*)(class artm::GatherDictionaryArgs const & __ptr64) __ptr64
I0114 22:22:55.514590  6528 dictionary_operations.cc:235] Found 18 batches in 'my_collection_batches' folder
I0114 22:22:55.831776  6528 dictionary_operations.cc:292] Find 26866 unique tokens in 1728 items
I0114 22:22:55.977349  6528 instance.cc:380] MasterModelConfig.processors_count is automatically set to 4
I0114 22:22:55.978364  6528 c_interface.cc:246] Creating MasterModel (id=2)...
I0114 22:22:55.981411 12088 processor.cc:643] Processor thread started
I0114 22:22:55.981411  8836 processor.cc:643] Processor thread started
I0114 22:22:55.981925  5392 processor.cc:643] Processor thread started
I0114 22:22:55.981925  4128 processor.cc:643] Processor thread started
I0114 22:22:56.049387  8836 processor.cc:659] No data in processing queue, waiting...
I0114 22:22:56.051937  5392 processor.cc:659] No data in processing queue, waiting...
I0114 22:22:56.051937  4128 processor.cc:659] No data in processing queue, waiting...
I0114 22:22:56.051937 12088 processor.cc:659] No data in processing queue, waiting...
I0114 22:22:56.228857  6528 c_interface.cc:246] Creating MasterModel (id=3)...
I0114 22:22:56.228857  6528 c_interface.cc:345] Pass dictionary to void (__cdecl artm::core::MasterComponent::*)(class std::basic_string<char,struct std::char_traits<char>,class std::allocator<char> > const & __ptr64) __ptr64
I0114 22:22:56.229362  6528 c_interface.cc:359] Pass GatherDictionaryArgs: dictionary_target_name=dictionary, data_path=my_collection_batches, symmetric_cooc_values=0 to void (__cdecl artm::core::MasterComponent::*)(class artm::GatherDictionaryArgs const & __ptr64) __ptr64
I0114 22:22:56.231920  6528 dictionary_operations.cc:235] Found 18 batches in 'my_collection_batches' folder
I0114 22:22:56.544679  6528 dictionary_operations.cc:292] Find 26866 unique tokens in 1728 items
I0114 22:22:56.665983  6528 c_interface.cc:345] Pass pwt to void (__cdecl artm::core::MasterComponent::*)(class std::basic_string<char,struct std::char_traits<char>,class std::allocator<char> > const & __ptr64) __ptr64
I0114 22:22:56.665983  6528 c_interface.cc:345] Pass nwt to void (__cdecl artm::core::MasterComponent::*)(class std::basic_string<char,struct std::char_traits<char>,class std::allocator<char> > const & __ptr64) __ptr64
I0114 22:22:56.666990  6528 c_interface.cc:359] Pass InitializeModelArgs: model_name=pwt, dictionary_name=dictionary, topic_name_size=30 to void (__cdecl artm::core::MasterComponent::*)(class artm::InitializeModelArgs const & __ptr64) __ptr64
I0114 22:22:56.982681  6528 master_component.cc:502] InitializeModel() created matrix pwt with 30 topics and 26866 tokens; 
I0114 22:22:56.983726  6528 c_interface.cc:359] Pass InitializeModelArgs: model_name=nwt, dictionary_name=dictionary, topic_name_size=30 to void (__cdecl artm::core::MasterComponent::*)(class artm::InitializeModelArgs const & __ptr64) __ptr64
I0114 22:22:57.306915  6528 master_component.cc:502] InitializeModel() created matrix nwt with 30 topics and 26866 tokens; 
I0114 22:22:57.307924  6528 phi_matrix_operations.cc:82] RetrieveExternalTopicModel() with 30 topics, 26866 tokens
I0114 22:22:57.377737  6528 c_interface.cc:205] ArtmCopyRequestedMessage is copying 825334 bytes...
I0114 22:22:59.865967  6528 c_interface.cc:359] Pass MasterModelConfig: topic_name_size=30, class=(text:1), class=(author:1), score_config_size=2, num_processors=0, pwt_name=pwt, nwt_name=nwt, num_document_passes=10, reuse_theta=no, cache_theta=yes, opt_for_avx=yes, disk_cache_path to void (__cdecl artm::core::MasterComponent::*)(class artm::MasterModelConfig const & __ptr64) __ptr64
I0114 22:22:59.865967  6528 instance.cc:380] MasterModelConfig.processors_count is automatically set to 4
I0114 22:22:59.867993  6528 c_interface.cc:359] Pass MasterModelConfig: topic_name_size=30, class=(text:1), class=(author:1), score_config_size=3, num_processors=0, pwt_name=pwt, nwt_name=nwt, num_document_passes=10, reuse_theta=no, cache_theta=yes, opt_for_avx=yes, disk_cache_path to void (__cdecl artm::core::MasterComponent::*)(class artm::MasterModelConfig const & __ptr64) __ptr64
I0114 22:22:59.867993  6528 instance.cc:380] MasterModelConfig.processors_count is automatically set to 4
I0114 22:23:00.085943  6528 c_interface.cc:359] Pass MasterModelConfig: topic_name_size=30, class=(text:1), class=(author:1), score_config_size=3, num_processors=0, pwt_name=pwt, nwt_name=nwt, num_document_passes=10, regularizer=(SparsePhi:100000), reuse_theta=no, cache_theta=yes, opt_for_avx=yes, disk_cache_path to void (__cdecl artm::core::MasterComponent::*)(class artm::MasterModelConfig const & __ptr64) __ptr64
I0114 22:23:00.085943  6528 instance.cc:380] MasterModelConfig.processors_count is automatically set to 4
I0114 22:23:00.085943  6528 instance.cc:223] Regularizer 'SparsePhi' was cold-reconfigured
I0114 22:23:00.241060  6528 c_interface.cc:359] Pass MasterModelConfig: topic_name_size=30, class=(text:1), class=(author:1), score_config_size=3, num_processors=0, pwt_name=pwt, nwt_name=nwt, num_document_passes=1, regularizer=(SparsePhi:100000), reuse_theta=no, cache_theta=yes, opt_for_avx=yes, disk_cache_path to void (__cdecl artm::core::MasterComponent::*)(class artm::MasterModelConfig const & __ptr64) __ptr64
I0114 22:23:00.241060  6528 instance.cc:380] MasterModelConfig.processors_count is automatically set to 4
I0114 22:23:00.241565  6528 instance.cc:223] Regularizer 'SparsePhi' was cold-reconfigured
I0114 22:23:00.500924  8268 c_interface.cc:359] Pass FitOfflineMasterModelArgs, batch_filename_size=18, batch_weight_size=18, num_collection_passes=1 to void (__cdecl artm::core::MasterComponent::*)(class artm::FitOfflineMasterModelArgs const & __ptr64) __ptr64
I0114 22:23:00.501430  8268 master_component.cc:1162] ProcessBatchesArgs: nwt_target_name=nwt, batch_filename_size=18, batch_size=0, batch_weight_size=18, pwt_source_name=pwt, num_document_passes=1, regularizer=(name:SparsePhi, tau:100000), class=(text:1), class=(author:1), reuse_theta=no, opt_for_avx=yes, predict_class_id=
I0114 22:23:00.622620 12088 processor.cc:666] Processing queue has data, processing started
I0114 22:23:00.622620  5392 processor.cc:666] Processing queue has data, processing started
I0114 22:23:00.624130  8836 processor.cc:666] Processing queue has data, processing started
I0114 22:23:00.625640  4128 processor.cc:666] Processing queue has data, processing started
I0114 22:23:00.629191  5392 processor.cc:742] Processor: start processing batch 7da15d43-2a77-4f93-88cd-b90510927c41 into model nwt
I0114 22:23:00.631213 12088 processor.cc:742] Processor: start processing batch 920cdf8a-1b98-4104-b727-4eb8b7ef33bd into model nwt
I0114 22:23:00.634763  4128 processor.cc:742] Processor: start processing batch 891c26c0-59c8-4ca0-9e2d-3fb3eb833d93 into model nwt
I0114 22:23:00.634763  8836 processor.cc:742] Processor: start processing batch 518046c4-61b0-40f7-b5a1-824865b29bfa into model nwt
I0114 22:23:00.653491  5392 processor.cc:830] Processor: complete processing batch 7da15d43-2a77-4f93-88cd-b90510927c41 into model nwt
I0114 22:23:00.654501  5392 cuckoo_watch.h:44] 32ms in ProcessBatch(my_collection_batches\aaaaaa.batch) [including 3ms in LoadMessage; 1ms in InitializeSparseNdw; 12ms in InferThetaAndUpdateNwtSparse; 10ms in CalculateScore(^^^ItemsProcessedScore^^^); ]
I0114 22:23:00.666122  5392 processor.cc:742] Processor: start processing batch 233c0d34-9249-4164-8bd3-0d95acdcacb7 into model nwt
I0114 22:23:00.681277 12088 processor.cc:830] Processor: complete processing batch 920cdf8a-1b98-4104-b727-4eb8b7ef33bd into model nwt
I0114 22:23:00.682791 12088 cuckoo_watch.h:44] 60ms in ProcessBatch(my_collection_batches\aaaaab.batch) [including 5ms in LoadMessage; 3ms in InitializeSparseNdw; 23ms in InferThetaAndUpdateNwtSparse; 23ms in CalculateScore(^^^ItemsProcessedScore^^^); ]
I0114 22:23:00.687337  8836 processor.cc:830] Processor: complete processing batch 518046c4-61b0-40f7-b5a1-824865b29bfa into model nwt
I0114 22:23:00.687841  4128 processor.cc:830] Processor: complete processing batch 891c26c0-59c8-4ca0-9e2d-3fb3eb833d93 into model nwt
I0114 22:23:00.688854  8836 cuckoo_watch.h:44] 64ms in ProcessBatch(my_collection_batches\aaaaac.batch) [including 7ms in LoadMessage; 3ms in InitializeSparseNdw; 26ms in InferThetaAndUpdateNwtSparse; 21ms in CalculateScore(^^^ItemsProcessedScore^^^); ]
I0114 22:23:00.689363  4128 cuckoo_watch.h:44] 64ms in ProcessBatch(my_collection_batches\aaaaad.batch) [including 6ms in LoadMessage; 2ms in InitializeSparseNdw; 28ms in InferThetaAndUpdateNwtSparse; 21ms in CalculateScore(^^^ItemsProcessedScore^^^); ]
I0114 22:23:00.691397 12088 processor.cc:742] Processor: start processing batch dc1293f1-ba10-4256-ae0e-25078efce001 into model nwt
I0114 22:23:00.698984  4128 processor.cc:742] Processor: start processing batch 7187cef4-4e13-43d6-9f35-5db09e97b46d into model nwt
I0114 22:23:00.698984  8836 processor.cc:742] Processor: start processing batch c1900b1c-c345-4fb1-9d4b-23f19d7495dc into model nwt
I0114 22:23:00.714167  5392 processor.cc:830] Processor: complete processing batch 233c0d34-9249-4164-8bd3-0d95acdcacb7 into model nwt
I0114 22:23:00.715186  5392 cuckoo_watch.h:44] 60ms in ProcessBatch(my_collection_batches\aaaaae.batch) [including 7ms in LoadMessage; 2ms in InitializeSparseNdw; 23ms in InferThetaAndUpdateNwtSparse; 21ms in CalculateScore(^^^ItemsProcessedScore^^^); ]
I0114 22:23:00.724831  5392 processor.cc:742] Processor: start processing batch bb1683a6-c3cd-4d8f-b62e-c3f6eec18243 into model nwt
I0114 22:23:00.748090 12088 processor.cc:830] Processor: complete processing batch dc1293f1-ba10-4256-ae0e-25078efce001 into model nwt
I0114 22:23:00.749609 12088 cuckoo_watch.h:44] 66ms in ProcessBatch(my_collection_batches\aaaaaf.batch) [including 5ms in LoadMessage; 3ms in InitializeSparseNdw; 27ms in InferThetaAndUpdateNwtSparse; 25ms in CalculateScore(^^^ItemsProcessedScore^^^); ]
I0114 22:23:00.762245 12088 processor.cc:742] Processor: start processing batch 9e90fda4-b450-4598-a4ff-f8cb54f060dd into model nwt
I0114 22:23:00.762748  4128 processor.cc:830] Processor: complete processing batch 7187cef4-4e13-43d6-9f35-5db09e97b46d into model nwt
I0114 22:23:00.764770  4128 cuckoo_watch.h:44] 74ms in ProcessBatch(my_collection_batches\aaaaah.batch) [including 6ms in LoadMessage; 3ms in InitializeSparseNdw; 32ms in InferThetaAndUpdateNwtSparse; 27ms in CalculateScore(^^^ItemsProcessedScore^^^); ]
I0114 22:23:00.775377  8836 processor.cc:830] Processor: complete processing batch c1900b1c-c345-4fb1-9d4b-23f19d7495dc into model nwt
I0114 22:23:00.776896  8836 cuckoo_watch.h:44] 88ms in ProcessBatch(my_collection_batches\aaaaag.batch) [including 6ms in LoadMessage; 4ms in InitializeSparseNdw; 37ms in InferThetaAndUpdateNwtSparse; 34ms in CalculateScore(^^^ItemsProcessedScore^^^); ]
I0114 22:23:00.778416  5392 processor.cc:830] Processor: complete processing batch bb1683a6-c3cd-4d8f-b62e-c3f6eec18243 into model nwt
I0114 22:23:00.779933  5392 cuckoo_watch.h:44] 64ms in ProcessBatch(my_collection_batches\aaaaai.batch) [including 5ms in LoadMessage; 3ms in InitializeSparseNdw; 27ms in InferThetaAndUpdateNwtSparse; 22ms in CalculateScore(^^^ItemsProcessedScore^^^); ]
I0114 22:23:00.782989  4128 processor.cc:742] Processor: start processing batch 8bdb984d-56cc-4311-9afd-47e21588fde4 into model nwt
I0114 22:23:00.795145  8836 processor.cc:742] Processor: start processing batch 29290ff0-479d-4025-aef1-1830c38633bc into model nwt
I0114 22:23:00.799228  5392 processor.cc:742] Processor: start processing batch ca4bdb83-ff6e-4dd4-b525-be6fc0ff64bd into model nwt
I0114 22:23:00.889989 12088 processor.cc:830] Processor: complete processing batch 9e90fda4-b450-4598-a4ff-f8cb54f060dd into model nwt
I0114 22:23:00.892637 12088 cuckoo_watch.h:44] 142ms in ProcessBatch(my_collection_batches\aaaaaj.batch) [including 8ms in LoadMessage; 6ms in InitializeSparseNdw; 56ms in InferThetaAndUpdateNwtSparse; 64ms in CalculateScore(^^^ItemsProcessedScore^^^); ]
I0114 22:23:00.908301 12088 processor.cc:742] Processor: start processing batch e1ef81e7-7817-4a5a-bf19-944938cb1f4f into model nwt
I0114 22:23:00.999326  8836 processor.cc:830] Processor: complete processing batch 29290ff0-479d-4025-aef1-1830c38633bc into model nwt
I0114 22:23:01.002357  4128 processor.cc:830] Processor: complete processing batch 8bdb984d-56cc-4311-9afd-47e21588fde4 into model nwt
I0114 22:23:01.003367  8836 cuckoo_watch.h:44] 226ms in ProcessBatch(my_collection_batches\aaaaal.batch) [including 14ms in LoadMessage; 15ms in InitializeSparseNdw; 101ms in InferThetaAndUpdateNwtSparse; 86ms in CalculateScore(^^^ItemsProcessedScore^^^); ]
I0114 22:23:01.006896  4128 cuckoo_watch.h:44] 242ms in ProcessBatch(my_collection_batches\aaaaak.batch) [including 14ms in LoadMessage; 17ms in InitializeSparseNdw; 107ms in InferThetaAndUpdateNwtSparse; 93ms in CalculateScore(^^^ItemsProcessedScore^^^); ]
I0114 22:23:01.017537  8836 processor.cc:742] Processor: start processing batch 6559ef94-872e-44ed-a275-32f72c7a3223 into model nwt
I0114 22:23:01.018551  5392 processor.cc:830] Processor: complete processing batch ca4bdb83-ff6e-4dd4-b525-be6fc0ff64bd into model nwt
I0114 22:23:01.021095  4128 processor.cc:742] Processor: start processing batch 64b0dfd0-db84-42fb-9a54-d2103c19bb61 into model nwt
I0114 22:23:01.022606  5392 cuckoo_watch.h:44] 242ms in ProcessBatch(my_collection_batches\aaaaam.batch) [including 15ms in LoadMessage; 15ms in InitializeSparseNdw; 110ms in InferThetaAndUpdateNwtSparse; 92ms in CalculateScore(^^^ItemsProcessedScore^^^); ]
I0114 22:23:01.030194  5392 processor.cc:742] Processor: start processing batch c8d273b9-d721-447c-a11d-db4b7765fb45 into model nwt
I0114 22:23:01.064136  5392 processor.cc:830] Processor: complete processing batch c8d273b9-d721-447c-a11d-db4b7765fb45 into model nwt
I0114 22:23:01.065676  5392 cuckoo_watch.h:44] 43ms in ProcessBatch(my_collection_batches\aaaaaq.batch) [including 3ms in LoadMessage; 1ms in InitializeSparseNdw; 17ms in InferThetaAndUpdateNwtSparse; 14ms in CalculateScore(^^^ItemsProcessedScore^^^); ]
I0114 22:23:01.071296  5392 processor.cc:742] Processor: start processing batch 4d5b9df3-421f-482a-975c-eec72f27dd5d into model nwt
I0114 22:23:01.079973  5392 processor.cc:830] Processor: complete processing batch 4d5b9df3-421f-482a-975c-eec72f27dd5d into model nwt
I0114 22:23:01.079973  5392 cuckoo_watch.h:44] 14ms in ProcessBatch(my_collection_batches\aaaaar.batch) [including 1ms in LoadMessage; 0ms in InitializeSparseNdw; 4ms in InferThetaAndUpdateNwtSparse; 3ms in CalculateScore(^^^ItemsProcessedScore^^^); ]
I0114 22:23:01.114286 12088 processor.cc:830] Processor: complete processing batch e1ef81e7-7817-4a5a-bf19-944938cb1f4f into model nwt
I0114 22:23:01.117317 12088 cuckoo_watch.h:44] 224ms in ProcessBatch(my_collection_batches\aaaaan.batch) [including 12ms in LoadMessage; 12ms in InitializeSparseNdw; 104ms in InferThetaAndUpdateNwtSparse; 87ms in CalculateScore(^^^ItemsProcessedScore^^^); ]
I0114 22:23:01.143821  5392 processor.cc:659] No data in processing queue, waiting...
I0114 22:23:01.157642  4128 processor.cc:830] Processor: complete processing batch 64b0dfd0-db84-42fb-9a54-d2103c19bb61 into model nwt
I0114 22:23:01.161669  4128 cuckoo_watch.h:44] 154ms in ProcessBatch(my_collection_batches\aaaaap.batch) [including 9ms in LoadMessage; 11ms in InitializeSparseNdw; 69ms in InferThetaAndUpdateNwtSparse; 55ms in CalculateScore(^^^ItemsProcessedScore^^^); ]
I0114 22:23:01.162174  8836 processor.cc:830] Processor: complete processing batch 6559ef94-872e-44ed-a275-32f72c7a3223 into model nwt
I0114 22:23:01.165731  8836 cuckoo_watch.h:44] 162ms in ProcessBatch(my_collection_batches\aaaaao.batch) [including 9ms in LoadMessage; 12ms in InitializeSparseNdw; 70ms in InferThetaAndUpdateNwtSparse; 60ms in CalculateScore(^^^ItemsProcessedScore^^^); ]
I0114 22:23:01.169880  8268 master_component.cc:1200] RegularizeModelArgs: rwt_target_name=rwt, pwt_source_name=pwt, nwt_source_name=nwt
I0114 22:23:01.169880  8268 master_component.cc:785] MasterComponent: start regularizing model pwt
I0114 22:23:01.174026 12088 processor.cc:659] No data in processing queue, waiting...
I0114 22:23:01.205071  4128 processor.cc:659] No data in processing queue, waiting...
I0114 22:23:01.207135  8836 processor.cc:659] No data in processing queue, waiting...
I0114 22:23:01.498886  8268 master_component.cc:808] MasterComponent: complete regularizing model pwt
I0114 22:23:01.498886  8268 master_component.cc:1211] NormalizeModelArgs: pwt_target_name=pwt, nwt_source_name=nwt, rwt_source_name=rwt
I0114 22:23:01.498886  8268 master_component.cc:812] MasterComponent: start normalizing model nwt
I0114 22:23:01.499893  6528 c_interface.cc:523] Pass GetScoreValueArgs, score_name=^^^ItemsProcessedScore^^^ to MasterComponent::Request
I0114 22:23:01.500397  6528 c_interface.cc:205] ArtmCopyRequestedMessage is copying 54 bytes...
I0114 22:23:01.685478  8268 master_component.cc:834] MasterComponent: complete normalizing model nwt
I0114 22:23:02.318913  8268 master_component.cc:1235] DisposeModel rwt
I0114 22:23:02.339020  8268 master_component.cc:858] FitOffline: ItemsProcessed, num_items=1728, num_batches=18, token_weight=808522, token_weight_in_effect=808522
I0114 22:23:02.367717  6528 c_interface.cc:523] Pass GetScoreValueArgs, score_name=^^^ItemsProcessedScore^^^ to MasterComponent::Request
I0114 22:23:02.368216  6528 c_interface.cc:205] ArtmCopyRequestedMessage is copying 54 bytes...
I0114 22:23:02.369630  8268 c_interface.cc:359] Pass FitOfflineMasterModelArgs, batch_filename_size=18, batch_weight_size=18, num_collection_passes=1 to void (__cdecl artm::core::MasterComponent::*)(class artm::FitOfflineMasterModelArgs const & __ptr64) __ptr64
I0114 22:23:02.370136  8268 master_component.cc:1162] ProcessBatchesArgs: nwt_target_name=nwt, batch_filename_size=18, batch_size=0, batch_weight_size=18, pwt_source_name=pwt, num_document_passes=1, regularizer=(name:SparsePhi, tau:100000), class=(text:1), class=(author:1), reuse_theta=no, opt_for_avx=yes, predict_class_id=
I0114 22:23:02.493842  4128 processor.cc:666] Processing queue has data, processing started
I0114 22:23:02.493842 12088 processor.cc:666] Processing queue has data, processing started
I0114 22:23:02.493842  5392 processor.cc:666] Processing queue has data, processing started
I0114 22:23:02.493842  8836 processor.cc:666] Processing queue has data, processing started
I0114 22:23:02.499910  4128 processor.cc:742] Processor: start processing batch 7da15d43-2a77-4f93-88cd-b90510927c41 into model nwt
I0114 22:23:02.502974  5392 processor.cc:742] Processor: start processing batch 920cdf8a-1b98-4104-b727-4eb8b7ef33bd into model nwt
I0114 22:23:02.504508  8836 processor.cc:742] Processor: start processing batch 891c26c0-59c8-4ca0-9e2d-3fb3eb833d93 into model nwt
I0114 22:23:02.505524 12088 processor.cc:742] Processor: start processing batch 518046c4-61b0-40f7-b5a1-824865b29bfa into model nwt
I0114 22:23:02.526273  4128 processor.cc:830] Processor: complete processing batch 7da15d43-2a77-4f93-88cd-b90510927c41 into model nwt
I0114 22:23:02.527282  4128 cuckoo_watch.h:44] 33ms in ProcessBatch(my_collection_batches\aaaaaa.batch) [including 2ms in LoadMessage; 1ms in InitializeSparseNdw; 13ms in InferThetaAndUpdateNwtSparse; 10ms in CalculateScore(^^^ItemsProcessedScore^^^); ]
I0114 22:23:02.535387  4128 processor.cc:742] Processor: start processing batch 233c0d34-9249-4164-8bd3-0d95acdcacb7 into model nwt
I0114 22:23:02.552044  5392 processor.cc:830] Processor: complete processing batch 920cdf8a-1b98-4104-b727-4eb8b7ef33bd into model nwt
I0114 22:23:02.553558  5392 cuckoo_watch.h:44] 59ms in ProcessBatch(my_collection_batches\aaaaab.batch) [including 5ms in LoadMessage; 3ms in InitializeSparseNdw; 25ms in InferThetaAndUpdateNwtSparse; 20ms in CalculateScore(^^^ItemsProcessedScore^^^); ]
I0114 22:23:02.558602 12088 processor.cc:830] Processor: complete processing batch 518046c4-61b0-40f7-b5a1-824865b29bfa into model nwt
I0114 22:23:02.560123 12088 cuckoo_watch.h:44] 66ms in ProcessBatch(my_collection_batches\aaaaac.batch) [including 8ms in LoadMessage; 3ms in InitializeSparseNdw; 27ms in InferThetaAndUpdateNwtSparse; 22ms in CalculateScore(^^^ItemsProcessedScore^^^); ]
I0114 22:23:02.561641  8836 processor.cc:830] Processor: complete processing batch 891c26c0-59c8-4ca0-9e2d-3fb3eb833d93 into model nwt
I0114 22:23:02.562651  5392 processor.cc:742] Processor: start processing batch dc1293f1-ba10-4256-ae0e-25078efce001 into model nwt
I0114 22:23:02.563156  8836 cuckoo_watch.h:44] 69ms in ProcessBatch(my_collection_batches\aaaaad.batch) [including 7ms in LoadMessage; 3ms in InitializeSparseNdw; 31ms in InferThetaAndUpdateNwtSparse; 21ms in CalculateScore(^^^ItemsProcessedScore^^^); ]
I0114 22:23:02.570756 12088 processor.cc:742] Processor: start processing batch c1900b1c-c345-4fb1-9d4b-23f19d7495dc into model nwt
I0114 22:23:02.572788  8836 processor.cc:742] Processor: start processing batch 7187cef4-4e13-43d6-9f35-5db09e97b46d into model nwt
I0114 22:23:02.581890  4128 processor.cc:830] Processor: complete processing batch 233c0d34-9249-4164-8bd3-0d95acdcacb7 into model nwt
I0114 22:23:02.583417  4128 cuckoo_watch.h:44] 56ms in ProcessBatch(my_collection_batches\aaaaae.batch) [including 4ms in LoadMessage; 2ms in InitializeSparseNdw; 22ms in InferThetaAndUpdateNwtSparse; 20ms in CalculateScore(^^^ItemsProcessedScore^^^); ]
I0114 22:23:02.592578  4128 processor.cc:742] Processor: start processing batch bb1683a6-c3cd-4d8f-b62e-c3f6eec18243 into model nwt
I0114 22:23:02.620391  5392 processor.cc:830] Processor: complete processing batch dc1293f1-ba10-4256-ae0e-25078efce001 into model nwt
I0114 22:23:02.621907  5392 cuckoo_watch.h:44] 68ms in ProcessBatch(my_collection_batches\aaaaaf.batch) [including 5ms in LoadMessage; 3ms in InitializeSparseNdw; 29ms in InferThetaAndUpdateNwtSparse; 25ms in CalculateScore(^^^ItemsProcessedScore^^^); ]
I0114 22:23:02.634534  5392 processor.cc:742] Processor: start processing batch 9e90fda4-b450-4598-a4ff-f8cb54f060dd into model nwt
I0114 22:23:02.635545  8836 processor.cc:830] Processor: complete processing batch 7187cef4-4e13-43d6-9f35-5db09e97b46d into model nwt
I0114 22:23:02.637058  8836 cuckoo_watch.h:44] 73ms in ProcessBatch(my_collection_batches\aaaaah.batch) [including 5ms in LoadMessage; 3ms in InitializeSparseNdw; 31ms in InferThetaAndUpdateNwtSparse; 26ms in CalculateScore(^^^ItemsProcessedScore^^^); ]
I0114 22:23:02.645128  4128 processor.cc:830] Processor: complete processing batch bb1683a6-c3cd-4d8f-b62e-c3f6eec18243 into model nwt
I0114 22:23:02.646642  4128 cuckoo_watch.h:44] 63ms in ProcessBatch(my_collection_batches\aaaaai.batch) [including 5ms in LoadMessage; 3ms in InitializeSparseNdw; 27ms in InferThetaAndUpdateNwtSparse; 21ms in CalculateScore(^^^ItemsProcessedScore^^^); ]
I0114 22:23:02.648663 12088 processor.cc:830] Processor: complete processing batch c1900b1c-c345-4fb1-9d4b-23f19d7495dc into model nwt
I0114 22:23:02.650686 12088 cuckoo_watch.h:44] 90ms in ProcessBatch(my_collection_batches\aaaaag.batch) [including 7ms in LoadMessage; 4ms in InitializeSparseNdw; 38ms in InferThetaAndUpdateNwtSparse; 34ms in CalculateScore(^^^ItemsProcessedScore^^^); ]
I0114 22:23:02.655768  8836 processor.cc:742] Processor: start processing batch 8bdb984d-56cc-4311-9afd-47e21588fde4 into model nwt
I0114 22:23:02.664893  4128 processor.cc:742] Processor: start processing batch 29290ff0-479d-4025-aef1-1830c38633bc into model nwt
I0114 22:23:02.670497 12088 processor.cc:742] Processor: start processing batch ca4bdb83-ff6e-4dd4-b525-be6fc0ff64bd into model nwt
I0114 22:23:02.759676  5392 processor.cc:830] Processor: complete processing batch 9e90fda4-b450-4598-a4ff-f8cb54f060dd into model nwt
I0114 22:23:02.762212  5392 cuckoo_watch.h:44] 139ms in ProcessBatch(my_collection_batches\aaaaaj.batch) [including 9ms in LoadMessage; 7ms in InitializeSparseNdw; 55ms in InferThetaAndUpdateNwtSparse; 61ms in CalculateScore(^^^ItemsProcessedScore^^^); ]
I0114 22:23:02.778410  5392 processor.cc:742] Processor: start processing batch e1ef81e7-7817-4a5a-bf19-944938cb1f4f into model nwt
I0114 22:23:02.871456  4128 processor.cc:830] Processor: complete processing batch 29290ff0-479d-4025-aef1-1830c38633bc into model nwt
I0114 22:23:02.874487  4128 cuckoo_watch.h:44] 227ms in ProcessBatch(my_collection_batches\aaaaal.batch) [including 14ms in LoadMessage; 15ms in InitializeSparseNdw; 101ms in InferThetaAndUpdateNwtSparse; 89ms in CalculateScore(^^^ItemsProcessedScore^^^); ]
I0114 22:23:02.874487  8836 processor.cc:830] Processor: complete processing batch 8bdb984d-56cc-4311-9afd-47e21588fde4 into model nwt
I0114 22:23:02.879026  8836 cuckoo_watch.h:44] 241ms in ProcessBatch(my_collection_batches\aaaaak.batch) [including 15ms in LoadMessage; 16ms in InitializeSparseNdw; 108ms in InferThetaAndUpdateNwtSparse; 92ms in CalculateScore(^^^ItemsProcessedScore^^^); ]
I0114 22:23:02.889628 12088 processor.cc:830] Processor: complete processing batch ca4bdb83-ff6e-4dd4-b525-be6fc0ff64bd into model nwt
I0114 22:23:02.890138  4128 processor.cc:742] Processor: start processing batch 6559ef94-872e-44ed-a275-32f72c7a3223 into model nwt
I0114 22:23:02.893189 12088 cuckoo_watch.h:44] 241ms in ProcessBatch(my_collection_batches\aaaaam.batch) [including 15ms in LoadMessage; 15ms in InitializeSparseNdw; 112ms in InferThetaAndUpdateNwtSparse; 90ms in CalculateScore(^^^ItemsProcessedScore^^^); ]
I0114 22:23:02.893189  8836 processor.cc:742] Processor: start processing batch 64b0dfd0-db84-42fb-9a54-d2103c19bb61 into model nwt
I0114 22:23:02.900276 12088 processor.cc:742] Processor: start processing batch c8d273b9-d721-447c-a11d-db4b7765fb45 into model nwt
I0114 22:23:02.936712 12088 processor.cc:830] Processor: complete processing batch c8d273b9-d721-447c-a11d-db4b7765fb45 into model nwt
I0114 22:23:02.938228 12088 cuckoo_watch.h:44] 44ms in ProcessBatch(my_collection_batches\aaaaaq.batch) [including 3ms in LoadMessage; 1ms in InitializeSparseNdw; 19ms in InferThetaAndUpdateNwtSparse; 14ms in CalculateScore(^^^ItemsProcessedScore^^^); ]
I0114 22:23:02.943298 12088 processor.cc:742] Processor: start processing batch 4d5b9df3-421f-482a-975c-eec72f27dd5d into model nwt
I0114 22:23:02.950906 12088 processor.cc:830] Processor: complete processing batch 4d5b9df3-421f-482a-975c-eec72f27dd5d into model nwt
I0114 22:23:02.951413 12088 cuckoo_watch.h:44] 12ms in ProcessBatch(my_collection_batches\aaaaar.batch) [including 1ms in LoadMessage; 0ms in InitializeSparseNdw; 3ms in InferThetaAndUpdateNwtSparse; 2ms in CalculateScore(^^^ItemsProcessedScore^^^); ]
I0114 22:23:02.968158  5392 processor.cc:830] Processor: complete processing batch e1ef81e7-7817-4a5a-bf19-944938cb1f4f into model nwt
I0114 22:23:02.973212  5392 cuckoo_watch.h:44] 210ms in ProcessBatch(my_collection_batches\aaaaan.batch) [including 12ms in LoadMessage; 12ms in InitializeSparseNdw; 87ms in InferThetaAndUpdateNwtSparse; 88ms in CalculateScore(^^^ItemsProcessedScore^^^); ]
I0114 22:23:03.016405 12088 processor.cc:659] No data in processing queue, waiting...
I0114 22:23:03.031049  8836 processor.cc:830] Processor: complete processing batch 64b0dfd0-db84-42fb-9a54-d2103c19bb61 into model nwt
I0114 22:23:03.033176  5392 processor.cc:659] No data in processing queue, waiting...
I0114 22:23:03.033176  8836 cuckoo_watch.h:44] 154ms in ProcessBatch(my_collection_batches\aaaaap.batch) [including 10ms in LoadMessage; 9ms in InitializeSparseNdw; 75ms in InferThetaAndUpdateNwtSparse; 51ms in CalculateScore(^^^ItemsProcessedScore^^^); ]
I0114 22:23:03.038877  4128 processor.cc:830] Processor: complete processing batch 6559ef94-872e-44ed-a275-32f72c7a3223 into model nwt
I0114 22:23:03.041899  4128 cuckoo_watch.h:44] 167ms in ProcessBatch(my_collection_batches\aaaaao.batch) [including 12ms in LoadMessage; 10ms in InitializeSparseNdw; 80ms in InferThetaAndUpdateNwtSparse; 57ms in CalculateScore(^^^ItemsProcessedScore^^^); ]
I0114 22:23:03.045038  8268 master_component.cc:1200] RegularizeModelArgs: rwt_target_name=rwt, pwt_source_name=pwt, nwt_source_name=nwt
I0114 22:23:03.045038  8268 master_component.cc:785] MasterComponent: start regularizing model pwt
I0114 22:23:03.088992  8836 processor.cc:659] No data in processing queue, waiting...
I0114 22:23:03.099381  4128 processor.cc:659] No data in processing queue, waiting...
I0114 22:23:03.368141  8268 master_component.cc:808] MasterComponent: complete regularizing model pwt
I0114 22:23:03.368141  8268 master_component.cc:1211] NormalizeModelArgs: pwt_target_name=pwt, nwt_source_name=nwt, rwt_source_name=rwt
I0114 22:23:03.368141  8268 master_component.cc:812] MasterComponent: start normalizing model nwt
I0114 22:23:03.369684  6528 c_interface.cc:523] Pass GetScoreValueArgs, score_name=^^^ItemsProcessedScore^^^ to MasterComponent::Request
I0114 22:23:03.369684  6528 c_interface.cc:205] ArtmCopyRequestedMessage is copying 54 bytes...
I0114 22:23:03.555584  8268 master_component.cc:834] MasterComponent: complete normalizing model nwt
I0114 22:23:04.195588  8268 master_component.cc:1235] DisposeModel rwt
I0114 22:23:04.215747  8268 master_component.cc:858] FitOffline: ItemsProcessed, num_items=1728, num_batches=18, token_weight=808522, token_weight_in_effect=808522
I0114 22:23:04.238481  6528 c_interface.cc:523] Pass GetScoreValueArgs, score_name=^^^ItemsProcessedScore^^^ to MasterComponent::Request
I0114 22:23:04.238982  6528 c_interface.cc:205] ArtmCopyRequestedMessage is copying 54 bytes...
I0114 22:23:04.240495  8268 c_interface.cc:359] Pass FitOfflineMasterModelArgs, batch_filename_size=18, batch_weight_size=18, num_collection_passes=1 to void (__cdecl artm::core::MasterComponent::*)(class artm::FitOfflineMasterModelArgs const & __ptr64) __ptr64
I0114 22:23:04.240495  8268 master_component.cc:1162] ProcessBatchesArgs: nwt_target_name=nwt, batch_filename_size=18, batch_size=0, batch_weight_size=18, pwt_source_name=pwt, num_document_passes=1, regularizer=(name:SparsePhi, tau:100000), class=(text:1), class=(author:1), reuse_theta=no, opt_for_avx=yes, predict_class_id=
I0114 22:23:04.365799 12088 processor.cc:666] Processing queue has data, processing started
I0114 22:23:04.365799  4128 processor.cc:666] Processing queue has data, processing started
I0114 22:23:04.365799  5392 processor.cc:666] Processing queue has data, processing started
I0114 22:23:04.365799  8836 processor.cc:666] Processing queue has data, processing started
I0114 22:23:04.374409 12088 processor.cc:742] Processor: start processing batch 920cdf8a-1b98-4104-b727-4eb8b7ef33bd into model nwt
I0114 22:23:04.374409  4128 processor.cc:742] Processor: start processing batch 518046c4-61b0-40f7-b5a1-824865b29bfa into model nwt
I0114 22:23:04.375424  5392 processor.cc:742] Processor: start processing batch 7da15d43-2a77-4f93-88cd-b90510927c41 into model nwt
I0114 22:23:04.378466  8836 processor.cc:742] Processor: start processing batch 891c26c0-59c8-4ca0-9e2d-3fb3eb833d93 into model nwt
I0114 22:23:04.399219  5392 processor.cc:830] Processor: complete processing batch 7da15d43-2a77-4f93-88cd-b90510927c41 into model nwt
I0114 22:23:04.400233  5392 cuckoo_watch.h:44] 34ms in ProcessBatch(my_collection_batches\aaaaaa.batch) [including 5ms in LoadMessage; 1ms in InitializeSparseNdw; 12ms in InferThetaAndUpdateNwtSparse; 10ms in CalculateScore(^^^ItemsProcessedScore^^^); ]
I0114 22:23:04.408846  5392 processor.cc:742] Processor: start processing batch 233c0d34-9249-4164-8bd3-0d95acdcacb7 into model nwt
I0114 22:23:04.419961 12088 processor.cc:830] Processor: complete processing batch 920cdf8a-1b98-4104-b727-4eb8b7ef33bd into model nwt
I0114 22:23:04.421483 12088 cuckoo_watch.h:44] 55ms in ProcessBatch(my_collection_batches\aaaaab.batch) [including 5ms in LoadMessage; 2ms in InitializeSparseNdw; 22ms in InferThetaAndUpdateNwtSparse; 19ms in CalculateScore(^^^ItemsProcessedScore^^^); ]
I0114 22:23:04.428047  4128 processor.cc:830] Processor: complete processing batch 518046c4-61b0-40f7-b5a1-824865b29bfa into model nwt
I0114 22:23:04.429569  4128 cuckoo_watch.h:44] 63ms in ProcessBatch(my_collection_batches\aaaaac.batch) [including 5ms in LoadMessage; 3ms in InitializeSparseNdw; 26ms in InferThetaAndUpdateNwtSparse; 22ms in CalculateScore(^^^ItemsProcessedScore^^^); ]
I0114 22:23:04.430078 12088 processor.cc:742] Processor: start processing batch dc1293f1-ba10-4256-ae0e-25078efce001 into model nwt
I0114 22:23:04.432096  8836 processor.cc:830] Processor: complete processing batch 891c26c0-59c8-4ca0-9e2d-3fb3eb833d93 into model nwt
I0114 22:23:04.433614  8836 cuckoo_watch.h:44] 67ms in ProcessBatch(my_collection_batches\aaaaad.batch) [including 9ms in LoadMessage; 2ms in InitializeSparseNdw; 28ms in InferThetaAndUpdateNwtSparse; 22ms in CalculateScore(^^^ItemsProcessedScore^^^); ]
I0114 22:23:04.439682  4128 processor.cc:742] Processor: start processing batch c1900b1c-c345-4fb1-9d4b-23f19d7495dc into model nwt
I0114 22:23:04.443759  8836 processor.cc:742] Processor: start processing batch 7187cef4-4e13-43d6-9f35-5db09e97b46d into model nwt
I0114 22:23:04.457434  5392 processor.cc:830] Processor: complete processing batch 233c0d34-9249-4164-8bd3-0d95acdcacb7 into model nwt
I0114 22:23:04.458958  5392 cuckoo_watch.h:44] 58ms in ProcessBatch(my_collection_batches\aaaaae.batch) [including 4ms in LoadMessage; 2ms in InitializeSparseNdw; 23ms in InferThetaAndUpdateNwtSparse; 21ms in CalculateScore(^^^ItemsProcessedScore^^^); ]
I0114 22:23:04.468616  5392 processor.cc:742] Processor: start processing batch bb1683a6-c3cd-4d8f-b62e-c3f6eec18243 into model nwt
I0114 22:23:04.486322 12088 processor.cc:830] Processor: complete processing batch dc1293f1-ba10-4256-ae0e-25078efce001 into model nwt
I0114 22:23:04.488343 12088 cuckoo_watch.h:44] 66ms in ProcessBatch(my_collection_batches\aaaaaf.batch) [including 5ms in LoadMessage; 3ms in InitializeSparseNdw; 27ms in InferThetaAndUpdateNwtSparse; 24ms in CalculateScore(^^^ItemsProcessedScore^^^); ]
I0114 22:23:04.500483 12088 processor.cc:742] Processor: start processing batch 9e90fda4-b450-4598-a4ff-f8cb54f060dd into model nwt
I0114 22:23:04.510079  8836 processor.cc:830] Processor: complete processing batch 7187cef4-4e13-43d6-9f35-5db09e97b46d into model nwt
I0114 22:23:04.512097  8836 cuckoo_watch.h:44] 78ms in ProcessBatch(my_collection_batches\aaaaah.batch) [including 6ms in LoadMessage; 3ms in InitializeSparseNdw; 33ms in InferThetaAndUpdateNwtSparse; 28ms in CalculateScore(^^^ItemsProcessedScore^^^); ]
I0114 22:23:04.515636  4128 processor.cc:830] Processor: complete processing batch c1900b1c-c345-4fb1-9d4b-23f19d7495dc into model nwt
I0114 22:23:04.517660  4128 cuckoo_watch.h:44] 88ms in ProcessBatch(my_collection_batches\aaaaag.batch) [including 6ms in LoadMessage; 5ms in InitializeSparseNdw; 36ms in InferThetaAndUpdateNwtSparse; 34ms in CalculateScore(^^^ItemsProcessedScore^^^); ]
I0114 22:23:04.524732  5392 processor.cc:830] Processor: complete processing batch bb1683a6-c3cd-4d8f-b62e-c3f6eec18243 into model nwt
I0114 22:23:04.526753  5392 cuckoo_watch.h:44] 67ms in ProcessBatch(my_collection_batches\aaaaai.batch) [including 6ms in LoadMessage; 3ms in InitializeSparseNdw; 29ms in InferThetaAndUpdateNwtSparse; 23ms in CalculateScore(^^^ItemsProcessedScore^^^); ]
I0114 22:23:04.531332  8836 processor.cc:742] Processor: start processing batch 8bdb984d-56cc-4311-9afd-47e21588fde4 into model nwt
I0114 22:23:04.536422  4128 processor.cc:742] Processor: start processing batch 29290ff0-479d-4025-aef1-1830c38633bc into model nwt
I0114 22:23:04.546063  5392 processor.cc:742] Processor: start processing batch ca4bdb83-ff6e-4dd4-b525-be6fc0ff64bd into model nwt
I0114 22:23:04.632170 12088 processor.cc:830] Processor: complete processing batch 9e90fda4-b450-4598-a4ff-f8cb54f060dd into model nwt
I0114 22:23:04.634697 12088 cuckoo_watch.h:44] 146ms in ProcessBatch(my_collection_batches\aaaaaj.batch) [including 8ms in LoadMessage; 7ms in InitializeSparseNdw; 59ms in InferThetaAndUpdateNwtSparse; 64ms in CalculateScore(^^^ItemsProcessedScore^^^); ]
I0114 22:23:04.662027 12088 processor.cc:742] Processor: start processing batch e1ef81e7-7817-4a5a-bf19-944938cb1f4f into model nwt
I0114 22:23:04.756074  4128 processor.cc:830] Processor: complete processing batch 29290ff0-479d-4025-aef1-1830c38633bc into model nwt
I0114 22:23:04.759104  4128 cuckoo_watch.h:44] 241ms in ProcessBatch(my_collection_batches\aaaaal.batch) [including 14ms in LoadMessage; 15ms in InitializeSparseNdw; 110ms in InferThetaAndUpdateNwtSparse; 93ms in CalculateScore(^^^ItemsProcessedScore^^^); ]
I0114 22:23:04.765676  8836 processor.cc:830] Processor: complete processing batch 8bdb984d-56cc-4311-9afd-47e21588fde4 into model nwt
I0114 22:23:04.770720  8836 cuckoo_watch.h:44] 258ms in ProcessBatch(my_collection_batches\aaaaak.batch) [including 15ms in LoadMessage; 16ms in InitializeSparseNdw; 125ms in InferThetaAndUpdateNwtSparse; 91ms in CalculateScore(^^^ItemsProcessedScore^^^); ]
I0114 22:23:04.773253  4128 processor.cc:742] Processor: start processing batch 6559ef94-872e-44ed-a275-32f72c7a3223 into model nwt
I0114 22:23:04.777289  5392 processor.cc:830] Processor: complete processing batch ca4bdb83-ff6e-4dd4-b525-be6fc0ff64bd into model nwt
I0114 22:23:04.780820  5392 cuckoo_watch.h:44] 254ms in ProcessBatch(my_collection_batches\aaaaam.batch) [including 15ms in LoadMessage; 15ms in InitializeSparseNdw; 121ms in InferThetaAndUpdateNwtSparse; 93ms in CalculateScore(^^^ItemsProcessedScore^^^); ]
I0114 22:23:04.784369  8836 processor.cc:742] Processor: start processing batch 64b0dfd0-db84-42fb-9a54-d2103c19bb61 into model nwt
I0114 22:23:04.787923  5392 processor.cc:742] Processor: start processing batch c8d273b9-d721-447c-a11d-db4b7765fb45 into model nwt
I0114 22:23:04.821883  5392 processor.cc:830] Processor: complete processing batch c8d273b9-d721-447c-a11d-db4b7765fb45 into model nwt
I0114 22:23:04.822906  5392 cuckoo_watch.h:44] 42ms in ProcessBatch(my_collection_batches\aaaaaq.batch) [including 3ms in LoadMessage; 1ms in InitializeSparseNdw; 17ms in InferThetaAndUpdateNwtSparse; 14ms in CalculateScore(^^^ItemsProcessedScore^^^); ]
I0114 22:23:04.828516  5392 processor.cc:742] Processor: start processing batch 4d5b9df3-421f-482a-975c-eec72f27dd5d into model nwt
I0114 22:23:04.836673  5392 processor.cc:830] Processor: complete processing batch 4d5b9df3-421f-482a-975c-eec72f27dd5d into model nwt
I0114 22:23:04.837178  5392 cuckoo_watch.h:44] 13ms in ProcessBatch(my_collection_batches\aaaaar.batch) [including 1ms in LoadMessage; 0ms in InitializeSparseNdw; 4ms in InferThetaAndUpdateNwtSparse; 3ms in CalculateScore(^^^ItemsProcessedScore^^^); ]
I0114 22:23:04.852356 12088 processor.cc:830] Processor: complete processing batch e1ef81e7-7817-4a5a-bf19-944938cb1f4f into model nwt
I0114 22:23:04.857409 12088 cuckoo_watch.h:44] 222ms in ProcessBatch(my_collection_batches\aaaaan.batch) [including 22ms in LoadMessage; 12ms in InitializeSparseNdw; 86ms in InferThetaAndUpdateNwtSparse; 90ms in CalculateScore(^^^ItemsProcessedScore^^^); ]
I0114 22:23:04.899190  5392 processor.cc:659] No data in processing queue, waiting...
I0114 22:23:04.908325 12088 processor.cc:659] No data in processing queue, waiting...
I0114 22:23:04.918434  8836 processor.cc:830] Processor: complete processing batch 64b0dfd0-db84-42fb-9a54-d2103c19bb61 into model nwt
I0114 22:23:04.920495  4128 processor.cc:830] Processor: complete processing batch 6559ef94-872e-44ed-a275-32f72c7a3223 into model nwt
I0114 22:23:04.922001  8836 cuckoo_watch.h:44] 150ms in ProcessBatch(my_collection_batches\aaaaap.batch) [including 9ms in LoadMessage; 9ms in InitializeSparseNdw; 69ms in InferThetaAndUpdateNwtSparse; 54ms in CalculateScore(^^^ItemsProcessedScore^^^); ]
I0114 22:23:04.923511  4128 cuckoo_watch.h:44] 164ms in ProcessBatch(my_collection_batches\aaaaao.batch) [including 10ms in LoadMessage; 11ms in InitializeSparseNdw; 76ms in InferThetaAndUpdateNwtSparse; 58ms in CalculateScore(^^^ItemsProcessedScore^^^); ]
I0114 22:23:04.925021  8268 master_component.cc:1200] RegularizeModelArgs: rwt_target_name=rwt, pwt_source_name=pwt, nwt_source_name=nwt
I0114 22:23:04.925021  8268 master_component.cc:785] MasterComponent: start regularizing model pwt
I0114 22:23:04.965723  4128 processor.cc:659] No data in processing queue, waiting...
I0114 22:23:04.965723  8836 processor.cc:659] No data in processing queue, waiting...
I0114 22:23:05.239513  6528 c_interface.cc:523] Pass GetScoreValueArgs, score_name=^^^ItemsProcessedScore^^^ to MasterComponent::Request
I0114 22:23:05.239513  6528 c_interface.cc:205] ArtmCopyRequestedMessage is copying 54 bytes...
I0114 22:23:05.252230  8268 master_component.cc:808] MasterComponent: complete regularizing model pwt
I0114 22:23:05.252230  8268 master_component.cc:1211] NormalizeModelArgs: pwt_target_name=pwt, nwt_source_name=nwt, rwt_source_name=rwt
I0114 22:23:05.252230  8268 master_component.cc:812] MasterComponent: start normalizing model nwt
I0114 22:23:05.436326  8268 master_component.cc:834] MasterComponent: complete normalizing model nwt
I0114 22:23:06.076000  8268 master_component.cc:1235] DisposeModel rwt
I0114 22:23:06.096556  8268 master_component.cc:858] FitOffline: ItemsProcessed, num_items=1728, num_batches=18, token_weight=808522, token_weight_in_effect=808522
I0114 22:23:06.107722  6528 c_interface.cc:523] Pass GetScoreValueArgs, score_name=^^^ItemsProcessedScore^^^ to MasterComponent::Request
I0114 22:23:06.107722  6528 c_interface.cc:205] ArtmCopyRequestedMessage is copying 54 bytes...
I0114 22:23:06.109807  8268 c_interface.cc:359] Pass FitOfflineMasterModelArgs, batch_filename_size=18, batch_weight_size=18, num_collection_passes=1 to void (__cdecl artm::core::MasterComponent::*)(class artm::FitOfflineMasterModelArgs const & __ptr64) __ptr64
I0114 22:23:06.109807  8268 master_component.cc:1162] ProcessBatchesArgs: nwt_target_name=nwt, batch_filename_size=18, batch_size=0, batch_weight_size=18, pwt_source_name=pwt, num_document_passes=1, regularizer=(name:SparsePhi, tau:100000), class=(text:1), class=(author:1), reuse_theta=no, opt_for_avx=yes, predict_class_id=
I0114 22:23:06.232473 12088 processor.cc:666] Processing queue has data, processing started
I0114 22:23:06.232473  4128 processor.cc:666] Processing queue has data, processing started
I0114 22:23:06.236208  5392 processor.cc:666] Processing queue has data, processing started
I0114 22:23:06.238755 12088 processor.cc:742] Processor: start processing batch 7da15d43-2a77-4f93-88cd-b90510927c41 into model nwt
I0114 22:23:06.239761  8836 processor.cc:666] Processing queue has data, processing started
I0114 22:23:06.240772  4128 processor.cc:742] Processor: start processing batch 920cdf8a-1b98-4104-b727-4eb8b7ef33bd into model nwt
I0114 22:23:06.248878  8836 processor.cc:742] Processor: start processing batch 891c26c0-59c8-4ca0-9e2d-3fb3eb833d93 into model nwt
I0114 22:23:06.251938  5392 processor.cc:742] Processor: start processing batch 518046c4-61b0-40f7-b5a1-824865b29bfa into model nwt
I0114 22:23:06.263077 12088 processor.cc:830] Processor: complete processing batch 7da15d43-2a77-4f93-88cd-b90510927c41 into model nwt
I0114 22:23:06.264092 12088 cuckoo_watch.h:44] 31ms in ProcessBatch(my_collection_batches\aaaaaa.batch) [including 3ms in LoadMessage; 1ms in InitializeSparseNdw; 12ms in InferThetaAndUpdateNwtSparse; 10ms in CalculateScore(^^^ItemsProcessedScore^^^); ]
I0114 22:23:06.272709 12088 processor.cc:742] Processor: start processing batch 233c0d34-9249-4164-8bd3-0d95acdcacb7 into model nwt
I0114 22:23:06.289913  4128 processor.cc:830] Processor: complete processing batch 920cdf8a-1b98-4104-b727-4eb8b7ef33bd into model nwt
I0114 22:23:06.291429  4128 cuckoo_watch.h:44] 58ms in ProcessBatch(my_collection_batches\aaaaab.batch) [including 4ms in LoadMessage; 2ms in InitializeSparseNdw; 24ms in InferThetaAndUpdateNwtSparse; 21ms in CalculateScore(^^^ItemsProcessedScore^^^); ]
I0114 22:23:06.300536  4128 processor.cc:742] Processor: start processing batch dc1293f1-ba10-4256-ae0e-25078efce001 into model nwt
I0114 22:23:06.302552  8836 processor.cc:830] Processor: complete processing batch 891c26c0-59c8-4ca0-9e2d-3fb3eb833d93 into model nwt
I0114 22:23:06.303061  5392 processor.cc:830] Processor: complete processing batch 518046c4-61b0-40f7-b5a1-824865b29bfa into model nwt
I0114 22:23:06.304071  8836 cuckoo_watch.h:44] 64ms in ProcessBatch(my_collection_batches\aaaaad.batch) [including 5ms in LoadMessage; 3ms in InitializeSparseNdw; 27ms in InferThetaAndUpdateNwtSparse; 22ms in CalculateScore(^^^ItemsProcessedScore^^^); ]
I0114 22:23:06.304576  5392 cuckoo_watch.h:44] 68ms in ProcessBatch(my_collection_batches\aaaaac.batch) [including 11ms in LoadMessage; 3ms in InitializeSparseNdw; 25ms in InferThetaAndUpdateNwtSparse; 21ms in CalculateScore(^^^ItemsProcessedScore^^^); ]
I0114 22:23:06.314203  5392 processor.cc:742] Processor: start processing batch 7187cef4-4e13-43d6-9f35-5db09e97b46d into model nwt
I0114 22:23:06.315222  8836 processor.cc:742] Processor: start processing batch c1900b1c-c345-4fb1-9d4b-23f19d7495dc into model nwt
I0114 22:23:06.319393 12088 processor.cc:830] Processor: complete processing batch 233c0d34-9249-4164-8bd3-0d95acdcacb7 into model nwt
I0114 22:23:06.320910 12088 cuckoo_watch.h:44] 56ms in ProcessBatch(my_collection_batches\aaaaae.batch) [including 4ms in LoadMessage; 2ms in InitializeSparseNdw; 22ms in InferThetaAndUpdateNwtSparse; 20ms in CalculateScore(^^^ItemsProcessedScore^^^); ]
I0114 22:23:06.330060 12088 processor.cc:742] Processor: start processing batch bb1683a6-c3cd-4d8f-b62e-c3f6eec18243 into model nwt
I0114 22:23:06.358950  4128 processor.cc:830] Processor: complete processing batch dc1293f1-ba10-4256-ae0e-25078efce001 into model nwt
I0114 22:23:06.360975  4128 cuckoo_watch.h:44] 69ms in ProcessBatch(my_collection_batches\aaaaaf.batch) [including 5ms in LoadMessage; 3ms in InitializeSparseNdw; 28ms in InferThetaAndUpdateNwtSparse; 25ms in CalculateScore(^^^ItemsProcessedScore^^^); ]
I0114 22:23:06.373603  4128 processor.cc:742] Processor: start processing batch 9e90fda4-b450-4598-a4ff-f8cb54f060dd into model nwt
I0114 22:23:06.378149  5392 processor.cc:830] Processor: complete processing batch 7187cef4-4e13-43d6-9f35-5db09e97b46d into model nwt
I0114 22:23:06.380169  5392 cuckoo_watch.h:44] 75ms in ProcessBatch(my_collection_batches\aaaaah.batch) [including 5ms in LoadMessage; 3ms in InitializeSparseNdw; 32ms in InferThetaAndUpdateNwtSparse; 27ms in CalculateScore(^^^ItemsProcessedScore^^^); ]
I0114 22:23:06.382692 12088 processor.cc:830] Processor: complete processing batch bb1683a6-c3cd-4d8f-b62e-c3f6eec18243 into model nwt
I0114 22:23:06.384210 12088 cuckoo_watch.h:44] 63ms in ProcessBatch(my_collection_batches\aaaaai.batch) [including 5ms in LoadMessage; 3ms in InitializeSparseNdw; 27ms in InferThetaAndUpdateNwtSparse; 21ms in CalculateScore(^^^ItemsProcessedScore^^^); ]
I0114 22:23:06.391278  8836 processor.cc:830] Processor: complete processing batch c1900b1c-c345-4fb1-9d4b-23f19d7495dc into model nwt
